Archive member included because of file (symbol)

c:\Users\leoku\AppData\Roaming\Code\User\globalStorage\vexrobotics.vexcode\sdk\cpp\V5\V5_20220726_10_00_00/vexv5\libv5rt.a(v5_startup.c.obj)
                              (vexStartup)
c:\Users\leoku\AppData\Roaming\Code\User\globalStorage\vexrobotics.vexcode\sdk\cpp\V5\V5_20220726_10_00_00/vexv5\libv5rt.a(v5_util.c.obj)
                              c:\Users\leoku\AppData\Roaming\Code\User\globalStorage\vexrobotics.vexcode\sdk\cpp\V5\V5_20220726_10_00_00/vexv5\libv5rt.a(v5_startup.c.obj) (vexStdlibVersionLinked)
c:\Users\leoku\AppData\Roaming\Code\User\globalStorage\vexrobotics.vexcode\sdk\cpp\V5\V5_20220726_10_00_00/vexv5\libv5rt.a(v5_apijump.c.obj)
                              c:\Users\leoku\AppData\Roaming\Code\User\globalStorage\vexrobotics.vexcode\sdk\cpp\V5\V5_20220726_10_00_00/vexv5\libv5rt.a(v5_startup.c.obj) (vexPrivateApiEnable)
c:\Users\leoku\AppData\Roaming\Code\User\globalStorage\vexrobotics.vexcode\sdk\cpp\V5\V5_20220726_10_00_00/vexv5\libv5rt.a(v5_apiversions.c.obj)
                              c:\Users\leoku\AppData\Roaming\Code\User\globalStorage\vexrobotics.vexcode\sdk\cpp\V5\V5_20220726_10_00_00/vexv5\libv5rt.a(v5_apijump.c.obj) (vexSystemVersion)
c:\Users\leoku\AppData\Roaming\Code\User\globalStorage\vexrobotics.vexcode\sdk\cpp\V5\V5_20220726_10_00_00/vexv5\libv5rt.a(vex_global.cpp.obj)
                              build/src/main.o (vex::wait(double, vex::timeUnits))
c:\Users\leoku\AppData\Roaming\Code\User\globalStorage\vexrobotics.vexcode\sdk\cpp\V5\V5_20220726_10_00_00/vexv5\libv5rt.a(vex_device.cpp.obj)
                              build/src/main.o (vtable for vex::device)
c:\Users\leoku\AppData\Roaming\Code\User\globalStorage\vexrobotics.vexcode\sdk\cpp\V5\V5_20220726_10_00_00/vexv5\libv5rt.a(vex_motor.cpp.obj)
                              build/src/main.o (vex::motor::~motor())
c:\Users\leoku\AppData\Roaming\Code\User\globalStorage\vexrobotics.vexcode\sdk\cpp\V5\V5_20220726_10_00_00/vexv5\libv5rt.a(vex_controller.cpp.obj)
                              build/src/robot-config.o (vex::controller::~controller())
c:\Users\leoku\AppData\Roaming\Code\User\globalStorage\vexrobotics.vexcode\sdk\cpp\V5\V5_20220726_10_00_00/vexv5\libv5rt.a(vex_thread.cpp.obj)
                              c:\Users\leoku\AppData\Roaming\Code\User\globalStorage\vexrobotics.vexcode\sdk\cpp\V5\V5_20220726_10_00_00/vexv5\libv5rt.a(vex_global.cpp.obj) (vex::this_thread::sleep_for(unsigned long))
c:\Users\leoku\AppData\Roaming\Code\User\globalStorage\vexrobotics.vexcode\sdk\cpp\V5\V5_20220726_10_00_00/vexv5\libv5rt.a(vex_event.cpp.obj)
                              c:\Users\leoku\AppData\Roaming\Code\User\globalStorage\vexrobotics.vexcode\sdk\cpp\V5\V5_20220726_10_00_00/vexv5\libv5rt.a(vex_controller.cpp.obj) (vex::event::init(unsigned long, unsigned long, void (*)()))
c:\Users\leoku\AppData\Roaming\Code\User\globalStorage\vexrobotics.vexcode\sdk\cpp\V5\V5_20220726_10_00_00/vexv5\libv5rt.a(vex_mevent.cpp.obj)
                              c:\Users\leoku\AppData\Roaming\Code\User\globalStorage\vexrobotics.vexcode\sdk\cpp\V5\V5_20220726_10_00_00/vexv5\libv5rt.a(vex_controller.cpp.obj) (vex::mevent::mevent(unsigned long, unsigned long))
c:\Users\leoku\AppData\Roaming\Code\User\globalStorage\vexrobotics.vexcode\sdk\cpp\V5\V5_20220726_10_00_00/vexv5\libv5rt.a(vex_brain.cpp.obj)
                              build/src/gui.o (vex::brain::lcd::setCursor(long, long))
c:\Users\leoku\AppData\Roaming\Code\User\globalStorage\vexrobotics.vexcode\sdk\cpp\V5\V5_20220726_10_00_00/vexv5\libv5rt.a(vex_competition.cpp.obj)
                              build/src/robot-config.o (vex::competition::competition())
c:\Users\leoku\AppData\Roaming\Code\User\globalStorage\vexrobotics.vexcode\sdk\cpp\V5\V5_20220726_10_00_00/vexv5\libv5rt.a(vex_triport.cpp.obj)
                              c:\Users\leoku\AppData\Roaming\Code\User\globalStorage\vexrobotics.vexcode\sdk\cpp\V5\V5_20220726_10_00_00/vexv5\libv5rt.a(vex_brain.cpp.obj) (vex::triport::~triport())
c:\Users\leoku\AppData\Roaming\Code\User\globalStorage\vexrobotics.vexcode\sdk\cpp\V5\V5_20220726_10_00_00/vexv5\libv5rt.a(vex_color.cpp.obj)
                              c:\Users\leoku\AppData\Roaming\Code\User\globalStorage\vexrobotics.vexcode\sdk\cpp\V5\V5_20220726_10_00_00/vexv5\libv5rt.a(vex_brain.cpp.obj) (vex::color::operator unsigned long() const)
c:\Users\leoku\AppData\Roaming\Code\User\globalStorage\vexrobotics.vexcode\sdk\cpp\V5\V5_20220726_10_00_00/vexv5\libv5rt.a(vex_timer.cpp.obj)
                              c:\Users\leoku\AppData\Roaming\Code\User\globalStorage\vexrobotics.vexcode\sdk\cpp\V5\V5_20220726_10_00_00/vexv5\libv5rt.a(vex_brain.cpp.obj) (vex::timer::~timer())
c:\Users\leoku\AppData\Roaming\Code\User\globalStorage\vexrobotics.vexcode\sdk\cpp\V5\V5_20220726_10_00_00/vexv5\libv5rt.a(vex_motorgroup.cpp.obj)
                              build/src/robot-config.o (vex::motor_group::motor_group())
[...]
Memory Configuration

Name             Origin             Length             Attributes
ps7_ddr_0_S_AXI_BASEADDR 0x03800000         0x04800000
*default*        0x00000000         0xffffffff

Linker script and memory map

                0x00002000                _STACK_SIZE = DEFINED (_STACK_SIZE)?_STACK_SIZE:0x2000
                0x00100000                _HEAP_SIZE = DEFINED (_HEAP_SIZE)?_HEAP_SIZE:0x100000
                0x00000400                _ABORT_STACK_SIZE = DEFINED (_ABORT_STACK_SIZE)?_ABORT_STACK_SIZE:0x400
                0x00000800                _SUPERVISOR_STACK_SIZE = DEFINED (_SUPERVISOR_STACK_SIZE)?_SUPERVISOR_STACK_SIZE:0x800
                0x00000400                _IRQ_STACK_SIZE = DEFINED (_IRQ_STACK_SIZE)?_IRQ_STACK_SIZE:0x400
                0x00000400                _FIQ_STACK_SIZE = DEFINED (_FIQ_STACK_SIZE)?_FIQ_STACK_SIZE:0x400
                0x00000400                _UNDEF_STACK_SIZE = DEFINED (_UNDEF_STACK_SIZE)?_UNDEF_STACK_SIZE:0x400

.text           0x03800000     0x5ea8
 *(.vectors)
 *(.boot_data)
 .boot_data     0x03800000       0x20 c:\Users\leoku\AppData\Roaming\Code\User\globalStorage\vexrobotics.vexcode\sdk\cpp\V5\V5_20220726_10_00_00/vexv5\libv5rt.a(v5_startup.c.obj)
                0x03800000                vexCodeSig
                0x00000020                . = 0x20
 *(.boot)
 .boot          0x03800020       0xbc c:\Users\leoku\AppData\Roaming\Code\User\globalStorage\vexrobotics.vexcode\sdk\cpp\V5\V5_20220726_10_00_00/vexv5\libv5rt.a(v5_startup.c.obj)
                0x03800020                vexStartup
                0x03800100                . = ALIGN (0x40)
 *fill*         0x038000dc       0x24 
 *(.freertos_vectors)
 *(.text)
 .text          0x03800100       0x3a c:\Users\leoku\AppData\Roaming\Code\User\globalStorage\vexrobotics.vexcode\sdk\cpp\V5\V5_20220726_10_00_00/vexv5/gcc/libs\libc.a(lib_a-aeabi_memmove-soft.o)
                0x03800100                __aeabi_memmove4
                0x03800100                __aeabi_memmove
                0x03800100                __aeabi_memmove8
 *(.text.*)
 *fill*         0x0380013a        0x2 
 .text._ZN15MotorCollectionD2Ev
                0x0380013c       0x20 build/src/main.o
                0x0380013c                MotorCollection::~MotorCollection()
 *fill*         0x0380015c        0x4 
 .text._Z9pre_autonv
                0x03800160      0x574 build/src/main.o
                0x03800160                pre_auton()
 *fill*         0x038006d4        0x4 
 .text._Z10autonomousv
                0x038006d8      0x398 build/src/main.o
                0x038006d8                autonomous()
 .text._Z11usercontrolv
                0x03800a70      0x6b0 build/src/main.o
                0x03800a70                usercontrol()
 .text.main     0x03801120       0x68 build/src/main.o
                0x03801120                main
 .text._ZNSt6vectorISsSaISsEED2Ev
                0x03801188       0x44 build/src/main.o
                0x03801188                std::vector<std::string, std::allocator<std::string> >::~vector()
 .text._ZNSt6vectorIN3vex5motorESaIS1_EED2Ev
                0x038011cc       0x50 build/src/main.o
                0x038011cc                std::vector<vex::motor, std::allocator<vex::motor> >::~vector()
 .text._ZNSt6vectorIN3vex5motorESaIS1_EEC2ERKS3_
                0x0380121c       0xbc build/src/main.o
                0x0380121c                std::vector<vex::motor, std::allocator<vex::motor> >::vector(std::vector<vex::motor, std::allocator<vex::motor> > const&)
 .text._ZNSt6vectorISsSaISsEEC2ERKS1_
                0x038012d8       0x74 build/src/main.o
                0x038012d8                std::vector<std::string, std::allocator<std::string> >::vector(std::vector<std::string, std::allocator<std::string> > const&)
 .text._ZNSt12_Vector_baseIN3vex5motorESaIS1_EE11_M_allocateEj
                0x0380134c       0x3c build/src/main.o
                0x0380134c                std::_Vector_base<vex::motor, std::allocator<vex::motor> >::_M_allocate(unsigned int)
 .text._ZNSt12_Vector_baseISsSaISsEE11_M_allocateEj
                0x03801388       0x30 build/src/main.o
                0x03801388                std::_Vector_base<std::string, std::allocator<std::string> >::_M_allocate(unsigned int)
 .text._GLOBAL__sub_I_main.cpp
                0x038013b8       0x38 build/src/main.o
 .text._Z7drawGUI15MotorCollectionSs
                0x038013f0      0x618 build/src/gui.o
                0x038013f0                drawGUI(MotorCollection, std::string)
 .text._Z4turniSsi
                0x03801a08      0x110 build/src/auton.o
                0x03801a08                turn(int, std::string, int)
 .text._Z5driveiSsi
                0x03801b18      0x104 build/src/auton.o
                0x03801b18                drive(int, std::string, int)
 .text._ZN15MotorCollection8addMotorEN3vex5motorESs
                0x03801c1c       0x24 build/src/robot-config.o
                0x03801c1c                MotorCollection::addMotor(vex::motor, std::string)
 .text._ZNSt6vectorIN3vex5motorESaIS1_EE9push_backERKS1_
                0x03801c40       0x68 build/src/robot-config.o
                0x03801c40                std::vector<vex::motor, std::allocator<vex::motor> >::push_back(vex::motor const&)
 .text._ZNSt6vectorISsSaISsEE9push_backERKSs
                0x03801ca8       0x3c build/src/robot-config.o
                0x03801ca8                std::vector<std::string, std::allocator<std::string> >::push_back(std::string const&)
 .text._ZN15MotorCollection11isConnectedEv
                0x03801ce4       0xc8 build/src/robot-config.o
                0x03801ce4                MotorCollection::isConnected()
 .text._ZNSt6vectorIbSaIbEE9push_backEb
                0x03801dac       0x68 build/src/robot-config.o
                0x03801dac                std::vector<bool, std::allocator<bool> >::push_back(bool)
 .text._ZN15MotorCollection16checkDriveMotorsEv
                0x03801e14      0x220 build/src/robot-config.o
                0x03801e14                MotorCollection::checkDriveMotors()
 .text._ZN15MotorCollection15returnPositionsEv
                0x03802034      0x1d8 build/src/robot-config.o
                0x03802034                MotorCollection::returnPositions()
 .text._Z9to_stringIdESsT_
                0x0380220c       0x50 build/src/robot-config.o
                0x0380220c                std::string to_string<double>(double)
 .text._ZN15MotorCollection16returnVelocitiesEv
                0x0380225c      0x1d8 build/src/robot-config.o
                0x0380225c                MotorCollection::returnVelocities()
 .text._ZN15MotorCollection12returnTorqueEv
                0x03802434      0x1d8 build/src/robot-config.o
                0x03802434                MotorCollection::returnTorque()
 .text._ZN15MotorCollection18returnTemperaturesEv
                0x0380260c      0x1d8 build/src/robot-config.o
                0x0380260c                MotorCollection::returnTemperatures()
 .text._ZN3vex11motor_groupC2IJNS_5motorES2_S2_S2_S2_S2_S2_EEERS2_DpRT_
                0x038027e4       0x68 build/src/robot-config.o
                0x038027e4                vex::motor_group::motor_group<vex::motor, vex::motor, vex::motor, vex::motor, vex::motor, vex::motor, vex::motor>(vex::motor&, vex::motor&, vex::motor&, vex::motor&, vex::motor&, vex::motor&, vex::motor&, vex::motor&)
 .text._ZN3vex11motor_groupC2IJNS_5motorES2_S2_EEERS2_DpRT_
                0x0380284c       0x50 build/src/robot-config.o
                0x0380284c                vex::motor_group::motor_group<vex::motor, vex::motor, vex::motor>(vex::motor&, vex::motor&, vex::motor&, vex::motor&)
 .text._ZNSt6vectorIN3vex5motorESaIS1_EE19_M_emplace_back_auxIJRKS1_EEEvDpOT_
                0x0380289c      0x130 build/src/robot-config.o
                0x0380289c                void std::vector<vex::motor, std::allocator<vex::motor> >::_M_emplace_back_aux<vex::motor const&>(vex::motor const&)
 .text._ZNKSt6vectorIN3vex5motorESaIS1_EE12_M_check_lenEjPKc
                0x038029cc       0x64 build/src/robot-config.o
                0x038029cc                std::vector<vex::motor, std::allocator<vex::motor> >::_M_check_len(unsigned int, char const*) const
 .text._ZNSt6vectorISsSaISsEE19_M_emplace_back_auxIJRKSsEEEvDpOT_
                0x03802a30       0xb0 build/src/robot-config.o
                0x03802a30                void std::vector<std::string, std::allocator<std::string> >::_M_emplace_back_aux<std::string const&>(std::string const&)
 .text._ZNKSt6vectorISsSaISsEE12_M_check_lenEjPKc
                0x03802ae0       0x54 build/src/robot-config.o
                0x03802ae0                std::vector<std::string, std::allocator<std::string> >::_M_check_len(unsigned int, char const*) const
 .text._ZNSt6vectorIbSaIbEE13_M_insert_auxESt13_Bit_iteratorb
                0x03802b34      0x1a8 build/src/robot-config.o
                0x03802b34                std::vector<bool, std::allocator<bool> >::_M_insert_aux(std::_Bit_iterator, bool)
 .text._ZNKSt6vectorIbSaIbEE12_M_check_lenEjPKc
                0x03802cdc       0x60 build/src/robot-config.o
                0x03802cdc                std::vector<bool, std::allocator<bool> >::_M_check_len(unsigned int, char const*) const
 .text._ZNSt6vectorIbSaIbEE15_M_copy_alignedESt19_Bit_const_iteratorS2_St13_Bit_iterator
                0x03802d3c       0x68 build/src/robot-config.o
                0x03802d3c                std::vector<bool, std::allocator<bool> >::_M_copy_aligned(std::_Bit_const_iterator, std::_Bit_const_iterator, std::_Bit_iterator)
 .text._ZNSt20__copy_move_backwardILb0ELb0ESt26random_access_iterator_tagE13__copy_move_bISt13_Bit_iteratorS3_EET0_T_S5_S4_
                0x03802da4       0x90 build/src/robot-config.o
                0x03802da4                std::_Bit_iterator std::__copy_move_backward<false, false, std::random_access_iterator_tag>::__copy_move_b<std::_Bit_iterator, std::_Bit_iterator>(std::_Bit_iterator, std::_Bit_iterator, std::_Bit_iterator)
 .text._ZNSt11__copy_moveILb0ELb0ESt26random_access_iterator_tagE8__copy_mISt19_Bit_const_iteratorSt13_Bit_iteratorEET0_T_S6_S5_
                0x03802e34       0x8c build/src/robot-config.o
                0x03802e34                std::_Bit_iterator std::__copy_move<false, false, std::random_access_iterator_tag>::__copy_m<std::_Bit_const_iterator, std::_Bit_iterator>(std::_Bit_const_iterator, std::_Bit_const_iterator, std::_Bit_iterator)
 .text._ZNSt11__copy_moveILb0ELb0ESt26random_access_iterator_tagE8__copy_mISt13_Bit_iteratorS3_EET0_T_S5_S4_
                0x03802ec0       0x8c build/src/robot-config.o
                0x03802ec0                std::_Bit_iterator std::__copy_move<false, false, std::random_access_iterator_tag>::__copy_m<std::_Bit_iterator, std::_Bit_iterator>(std::_Bit_iterator, std::_Bit_iterator, std::_Bit_iterator)
 .text._ZSt9__find_ifIN9__gnu_cxx17__normal_iteratorIPSsSt6vectorISsSaISsEEEENS0_5__ops16_Iter_equals_valIA3_KcEEET_SC_SC_T0_St26random_access_iterator_tag
                0x03802f4c      0x110 build/src/robot-config.o
                0x03802f4c                __gnu_cxx::__normal_iterator<std::string*, std::vector<std::string, std::allocator<std::string> > > std::__find_if<__gnu_cxx::__normal_iterator<std::string*, std::vector<std::string, std::allocator<std::string> > >, __gnu_cxx::__ops::_Iter_equals_val<char const [3]> >(__gnu_cxx::__normal_iterator<std::string*, std::vector<std::string, std::allocator<std::string> > >, __gnu_cxx::__normal_iterator<std::string*, std::vector<std::string, std::allocator<std::string> > >, __gnu_cxx::__ops::_Iter_equals_val<char const [3]>, std::random_access_iterator_tag)
 .text._ZNSt6vectorISsSaISsEE19_M_emplace_back_auxIJSsEEEvDpOT_
                0x0380305c       0xa8 build/src/robot-config.o
                0x0380305c                void std::vector<std::string, std::allocator<std::string> >::_M_emplace_back_aux<std::string>(std::string&&)
 .text._ZN3vex11motor_group9_addMotorIJNS_5motorES2_S2_S2_EEEvRS2_DpRT_
                0x03803104       0x4c build/src/robot-config.o
                0x03803104                void vex::motor_group::_addMotor<vex::motor, vex::motor, vex::motor, vex::motor>(vex::motor&, vex::motor&, vex::motor&, vex::motor&, vex::motor&)
 .text._GLOBAL__sub_I_robot_config.cpp
                0x03803150      0x394 build/src/robot-config.o
 .text.vexMain  0x038034e4       0xb0 c:\Users\leoku\AppData\Roaming\Code\User\globalStorage\vexrobotics.vexcode\sdk\cpp\V5\V5_20220726_10_00_00/vexv5\libv5rt.a(v5_startup.c.obj)
                0x038034e4                vexMain
 .text.__vex_function_prolog
                0x03803594       0x18 c:\Users\leoku\AppData\Roaming\Code\User\globalStorage\vexrobotics.vexcode\sdk\cpp\V5\V5_20220726_10_00_00/vexv5\libv5rt.a(v5_startup.c.obj)
                0x03803594                __vex_function_prolog
 .text._init    0x038035ac        0x4 c:\Users\leoku\AppData\Roaming\Code\User\globalStorage\vexrobotics.vexcode\sdk\cpp\V5\V5_20220726_10_00_00/vexv5\libv5rt.a(v5_startup.c.obj)
                0x038035ac                _init
 .text._fini    0x038035b0        0x4 c:\Users\leoku\AppData\Roaming\Code\User\globalStorage\vexrobotics.vexcode\sdk\cpp\V5\V5_20220726_10_00_00/vexv5\libv5rt.a(v5_startup.c.obj)
                0x038035b0                _fini
 .text.vexStdlibVersionLinked
                0x038035b4        0xc c:\Users\leoku\AppData\Roaming\Code\User\globalStorage\vexrobotics.vexcode\sdk\cpp\V5\V5_20220726_10_00_00/vexv5\libv5rt.a(v5_util.c.obj)
                0x038035b4                vexStdlibVersionLinked
 .text.vexStdlibVersionVerify
                0x038035c0       0x30 c:\Users\leoku\AppData\Roaming\Code\User\globalStorage\vexrobotics.vexcode\sdk\cpp\V5\V5_20220726_10_00_00/vexv5\libv5rt.a(v5_util.c.obj)
                0x038035c0                vexStdlibVersionVerify
 .text.vexPrivateApiEnable
                0x038035f0       0x10 c:\Users\leoku\AppData\Roaming\Code\User\globalStorage\vexrobotics.vexcode\sdk\cpp\V5\V5_20220726_10_00_00/vexv5\libv5rt.a(v5_apijump.c.obj)
                0x038035f0                vexPrivateApiEnable
 .text.vexStdlibMismatchError
                0x03803600       0x3c c:\Users\leoku\AppData\Roaming\Code\User\globalStorage\vexrobotics.vexcode\sdk\cpp\V5\V5_20220726_10_00_00/vexv5\libv5rt.a(v5_apijump.c.obj)
                0x03803600                vexStdlibMismatchError
 .text.vexTaskAdd
                0x0380363c       0x10 c:\Users\leoku\AppData\Roaming\Code\User\globalStorage\vexrobotics.vexcode\sdk\cpp\V5\V5_20220726_10_00_00/vexv5\libv5rt.a(v5_apijump.c.obj)
                0x0380363c                vexTaskAdd
 .text.vexTasksRun
                0x0380364c       0x10 c:\Users\leoku\AppData\Roaming\Code\User\globalStorage\vexrobotics.vexcode\sdk\cpp\V5\V5_20220726_10_00_00/vexv5\libv5rt.a(v5_apijump.c.obj)
                0x0380364c                vexTasksRun
 .text.vexTaskYield
                0x0380365c       0x10 c:\Users\leoku\AppData\Roaming\Code\User\globalStorage\vexrobotics.vexcode\sdk\cpp\V5\V5_20220726_10_00_00/vexv5\libv5rt.a(v5_apijump.c.obj)
                0x0380365c                vexTaskYield
 .text.vexTaskCheckTimeslice
                0x0380366c       0x10 c:\Users\leoku\AppData\Roaming\Code\User\globalStorage\vexrobotics.vexcode\sdk\cpp\V5\V5_20220726_10_00_00/vexv5\libv5rt.a(v5_apijump.c.obj)
                0x0380366c                vexTaskCheckTimeslice
 .text.vexTaskSleep
                0x0380367c       0x10 c:\Users\leoku\AppData\Roaming\Code\User\globalStorage\vexrobotics.vexcode\sdk\cpp\V5\V5_20220726_10_00_00/vexv5\libv5rt.a(v5_apijump.c.obj)
                0x0380367c                vexTaskSleep
 .text.vexTasksDump
                0x0380368c       0x1c c:\Users\leoku\AppData\Roaming\Code\User\globalStorage\vexrobotics.vexcode\sdk\cpp\V5\V5_20220726_10_00_00/vexv5\libv5rt.a(v5_apijump.c.obj)
                0x0380368c                vexTasksDump
 .text.vexTaskGetTaskIndex
                0x038036a8       0x10 c:\Users\leoku\AppData\Roaming\Code\User\globalStorage\vexrobotics.vexcode\sdk\cpp\V5\V5_20220726_10_00_00/vexv5\libv5rt.a(v5_apijump.c.obj)
                0x038036a8                vexTaskGetTaskIndex
 .text.vexTaskStopAll
                0x038036b8       0x10 c:\Users\leoku\AppData\Roaming\Code\User\globalStorage\vexrobotics.vexcode\sdk\cpp\V5\V5_20220726_10_00_00/vexv5\libv5rt.a(v5_apijump.c.obj)
                0x038036b8                vexTaskStopAll
 .text.vexTaskRemoveAllUser
                0x038036c8       0x34 c:\Users\leoku\AppData\Roaming\Code\User\globalStorage\vexrobotics.vexcode\sdk\cpp\V5\V5_20220726_10_00_00/vexv5\libv5rt.a(v5_apijump.c.obj)
                0x038036c8                vexTaskRemoveAllUser
 .text.vexTaskCompletionIdSet
                0x038036fc       0x10 c:\Users\leoku\AppData\Roaming\Code\User\globalStorage\vexrobotics.vexcode\sdk\cpp\V5\V5_20220726_10_00_00/vexv5\libv5rt.a(v5_apijump.c.obj)
                0x038036fc                vexTaskCompletionIdSet
 .text.vexTaskStopWithId
                0x0380370c       0x10 c:\Users\leoku\AppData\Roaming\Code\User\globalStorage\vexrobotics.vexcode\sdk\cpp\V5\V5_20220726_10_00_00/vexv5\libv5rt.a(v5_apijump.c.obj)
                0x0380370c                vexTaskStopWithId
 .text.vexCriticalSection
                0x0380371c       0x2c c:\Users\leoku\AppData\Roaming\Code\User\globalStorage\vexrobotics.vexcode\sdk\cpp\V5\V5_20220726_10_00_00/vexv5\libv5rt.a(v5_apijump.c.obj)
                0x0380371c                vexCriticalSection
 .text.vexEventAdd
                0x03803748       0x34 c:\Users\leoku\AppData\Roaming\Code\User\globalStorage\vexrobotics.vexcode\sdk\cpp\V5\V5_20220726_10_00_00/vexv5\libv5rt.a(v5_apijump.c.obj)
                0x03803748                vexEventAdd
 .text.vexEventUserIndexGet
                0x0380377c       0x1c c:\Users\leoku\AppData\Roaming\Code\User\globalStorage\vexrobotics.vexcode\sdk\cpp\V5\V5_20220726_10_00_00/vexv5\libv5rt.a(v5_apijump.c.obj)
                0x0380377c                vexEventUserIndexGet
 .text.vexEventAddWithArg
                0x03803798       0x3c c:\Users\leoku\AppData\Roaming\Code\User\globalStorage\vexrobotics.vexcode\sdk\cpp\V5\V5_20220726_10_00_00/vexv5\libv5rt.a(v5_apijump.c.obj)
                0x03803798                vexEventAddWithArg
 .text.vexEventsCleanup
                0x038037d4       0x2c c:\Users\leoku\AppData\Roaming\Code\User\globalStorage\vexrobotics.vexcode\sdk\cpp\V5\V5_20220726_10_00_00/vexv5\libv5rt.a(v5_apijump.c.obj)
                0x038037d4                vexEventsCleanup
 .text.vexDebug
                0x03803800       0x38 c:\Users\leoku\AppData\Roaming\Code\User\globalStorage\vexrobotics.vexcode\sdk\cpp\V5\V5_20220726_10_00_00/vexv5\libv5rt.a(v5_apijump.c.obj)
                0x03803800                vexDebug
 .text.vex_sprintf
                0x03803838       0x40 c:\Users\leoku\AppData\Roaming\Code\User\globalStorage\vexrobotics.vexcode\sdk\cpp\V5\V5_20220726_10_00_00/vexv5\libv5rt.a(v5_apijump.c.obj)
                0x03803838                vex_sprintf
 .text.vex_vsnprintf
                0x03803878       0x3c c:\Users\leoku\AppData\Roaming\Code\User\globalStorage\vexrobotics.vexcode\sdk\cpp\V5\V5_20220726_10_00_00/vexv5\libv5rt.a(v5_apijump.c.obj)
                0x03803878                vex_vsnprintf
 .text.vexSystemTimeGet
                0x038038b4       0x1c c:\Users\leoku\AppData\Roaming\Code\User\globalStorage\vexrobotics.vexcode\sdk\cpp\V5\V5_20220726_10_00_00/vexv5\libv5rt.a(v5_apijump.c.obj)
                0x038038b4                vexSystemTimeGet
 .text.vexSystemExitRequest
                0x038038d0       0x1c c:\Users\leoku\AppData\Roaming\Code\User\globalStorage\vexrobotics.vexcode\sdk\cpp\V5\V5_20220726_10_00_00/vexv5\libv5rt.a(v5_apijump.c.obj)
                0x038038d0                vexSystemExitRequest
 .text.vexDeviceGetByIndex
                0x038038ec       0x24 c:\Users\leoku\AppData\Roaming\Code\User\globalStorage\vexrobotics.vexcode\sdk\cpp\V5\V5_20220726_10_00_00/vexv5\libv5rt.a(v5_apijump.c.obj)
                0x038038ec                vexDeviceGetByIndex
 .text.vexControllerGet
                0x03803910       0x2c c:\Users\leoku\AppData\Roaming\Code\User\globalStorage\vexrobotics.vexcode\sdk\cpp\V5\V5_20220726_10_00_00/vexv5\libv5rt.a(v5_apijump.c.obj)
                0x03803910                vexControllerGet
 .text.vexControllerTextSet
                0x0380393c       0x74 c:\Users\leoku\AppData\Roaming\Code\User\globalStorage\vexrobotics.vexcode\sdk\cpp\V5\V5_20220726_10_00_00/vexv5\libv5rt.a(v5_apijump.c.obj)
                0x0380393c                vexControllerTextSet
 .text.vexDeviceMotorVelocitySet
                0x038039b0       0x2c c:\Users\leoku\AppData\Roaming\Code\User\globalStorage\vexrobotics.vexcode\sdk\cpp\V5\V5_20220726_10_00_00/vexv5\libv5rt.a(v5_apijump.c.obj)
                0x038039b0                vexDeviceMotorVelocitySet
 .text.vexDeviceMotorVelocityGet
                0x038039dc       0x24 c:\Users\leoku\AppData\Roaming\Code\User\globalStorage\vexrobotics.vexcode\sdk\cpp\V5\V5_20220726_10_00_00/vexv5\libv5rt.a(v5_apijump.c.obj)
                0x038039dc                vexDeviceMotorVelocityGet
 .text.vexDeviceMotorActualVelocityGet
                0x03803a00       0x24 c:\Users\leoku\AppData\Roaming\Code\User\globalStorage\vexrobotics.vexcode\sdk\cpp\V5\V5_20220726_10_00_00/vexv5\libv5rt.a(v5_apijump.c.obj)
                0x03803a00                vexDeviceMotorActualVelocityGet
 .text.vexDeviceMotorModeGet
                0x03803a24       0x24 c:\Users\leoku\AppData\Roaming\Code\User\globalStorage\vexrobotics.vexcode\sdk\cpp\V5\V5_20220726_10_00_00/vexv5\libv5rt.a(v5_apijump.c.obj)
                0x03803a24                vexDeviceMotorModeGet
 .text.vexDeviceMotorCurrentLimitSet
                0x03803a48       0x2c c:\Users\leoku\AppData\Roaming\Code\User\globalStorage\vexrobotics.vexcode\sdk\cpp\V5\V5_20220726_10_00_00/vexv5\libv5rt.a(v5_apijump.c.obj)
                0x03803a48                vexDeviceMotorCurrentLimitSet
 .text.vexDeviceMotorTorqueGet
                0x03803a74       0x24 c:\Users\leoku\AppData\Roaming\Code\User\globalStorage\vexrobotics.vexcode\sdk\cpp\V5\V5_20220726_10_00_00/vexv5\libv5rt.a(v5_apijump.c.obj)
                0x03803a74                vexDeviceMotorTorqueGet
 .text.vexDeviceMotorTemperatureGet
                0x03803a98       0x24 c:\Users\leoku\AppData\Roaming\Code\User\globalStorage\vexrobotics.vexcode\sdk\cpp\V5\V5_20220726_10_00_00/vexv5\libv5rt.a(v5_apijump.c.obj)
                0x03803a98                vexDeviceMotorTemperatureGet
 .text.vexDeviceMotorZeroPositionFlagGet
                0x03803abc       0x24 c:\Users\leoku\AppData\Roaming\Code\User\globalStorage\vexrobotics.vexcode\sdk\cpp\V5\V5_20220726_10_00_00/vexv5\libv5rt.a(v5_apijump.c.obj)
                0x03803abc                vexDeviceMotorZeroPositionFlagGet
 .text.vexDeviceMotorReverseFlagSet
                0x03803ae0       0x2c c:\Users\leoku\AppData\Roaming\Code\User\globalStorage\vexrobotics.vexcode\sdk\cpp\V5\V5_20220726_10_00_00/vexv5\libv5rt.a(v5_apijump.c.obj)
                0x03803ae0                vexDeviceMotorReverseFlagSet
 .text.vexDeviceMotorEncoderUnitsSet
                0x03803b0c       0x2c c:\Users\leoku\AppData\Roaming\Code\User\globalStorage\vexrobotics.vexcode\sdk\cpp\V5\V5_20220726_10_00_00/vexv5\libv5rt.a(v5_apijump.c.obj)
                0x03803b0c                vexDeviceMotorEncoderUnitsSet
 .text.vexDeviceMotorBrakeModeSet
                0x03803b38       0x2c c:\Users\leoku\AppData\Roaming\Code\User\globalStorage\vexrobotics.vexcode\sdk\cpp\V5\V5_20220726_10_00_00/vexv5\libv5rt.a(v5_apijump.c.obj)
                0x03803b38                vexDeviceMotorBrakeModeSet
 .text.vexDeviceMotorPositionSet
                0x03803b64       0x34 c:\Users\leoku\AppData\Roaming\Code\User\globalStorage\vexrobotics.vexcode\sdk\cpp\V5\V5_20220726_10_00_00/vexv5\libv5rt.a(v5_apijump.c.obj)
                0x03803b64                vexDeviceMotorPositionSet
 .text.vexDeviceMotorPositionGet
                0x03803b98       0x24 c:\Users\leoku\AppData\Roaming\Code\User\globalStorage\vexrobotics.vexcode\sdk\cpp\V5\V5_20220726_10_00_00/vexv5\libv5rt.a(v5_apijump.c.obj)
                0x03803b98                vexDeviceMotorPositionGet
 .text.vexDeviceMotorRelativeTargetSet
                0x03803bbc       0x3c c:\Users\leoku\AppData\Roaming\Code\User\globalStorage\vexrobotics.vexcode\sdk\cpp\V5\V5_20220726_10_00_00/vexv5\libv5rt.a(v5_apijump.c.obj)
                0x03803bbc                vexDeviceMotorRelativeTargetSet
 .text.vexDeviceMotorGearingSet
                0x03803bf8       0x2c c:\Users\leoku\AppData\Roaming\Code\User\globalStorage\vexrobotics.vexcode\sdk\cpp\V5\V5_20220726_10_00_00/vexv5\libv5rt.a(v5_apijump.c.obj)
                0x03803bf8                vexDeviceMotorGearingSet
 .text.vexDeviceMotorGearingGet
                0x03803c24       0x24 c:\Users\leoku\AppData\Roaming\Code\User\globalStorage\vexrobotics.vexcode\sdk\cpp\V5\V5_20220726_10_00_00/vexv5\libv5rt.a(v5_apijump.c.obj)
                0x03803c24                vexDeviceMotorGearingGet
 .text.vexDisplayForegroundColor
                0x03803c48       0x24 c:\Users\leoku\AppData\Roaming\Code\User\globalStorage\vexrobotics.vexcode\sdk\cpp\V5\V5_20220726_10_00_00/vexv5\libv5rt.a(v5_apijump.c.obj)
                0x03803c48                vexDisplayForegroundColor
 .text.vexDisplayBackgroundColor
                0x03803c6c       0x24 c:\Users\leoku\AppData\Roaming\Code\User\globalStorage\vexrobotics.vexcode\sdk\cpp\V5\V5_20220726_10_00_00/vexv5\libv5rt.a(v5_apijump.c.obj)
                0x03803c6c                vexDisplayBackgroundColor
 .text.vexDisplayBackgroundColorGet
                0x03803c90       0x1c c:\Users\leoku\AppData\Roaming\Code\User\globalStorage\vexrobotics.vexcode\sdk\cpp\V5\V5_20220726_10_00_00/vexv5\libv5rt.a(v5_apijump.c.obj)
                0x03803c90                vexDisplayBackgroundColorGet
 .text.vexDisplayRectDraw
                0x03803cac       0x4c c:\Users\leoku\AppData\Roaming\Code\User\globalStorage\vexrobotics.vexcode\sdk\cpp\V5\V5_20220726_10_00_00/vexv5\libv5rt.a(v5_apijump.c.obj)
                0x03803cac                vexDisplayRectDraw
 .text.vexDisplayRectClear
                0x03803cf8       0x4c c:\Users\leoku\AppData\Roaming\Code\User\globalStorage\vexrobotics.vexcode\sdk\cpp\V5\V5_20220726_10_00_00/vexv5\libv5rt.a(v5_apijump.c.obj)
                0x03803cf8                vexDisplayRectClear
 .text.vexDisplayVPrintf
                0x03803d44       0x50 c:\Users\leoku\AppData\Roaming\Code\User\globalStorage\vexrobotics.vexcode\sdk\cpp\V5\V5_20220726_10_00_00/vexv5\libv5rt.a(v5_apijump.c.obj)
                0x03803d44                vexDisplayVPrintf
 .text.vexDisplayTextReference
                0x03803d94       0x24 c:\Users\leoku\AppData\Roaming\Code\User\globalStorage\vexrobotics.vexcode\sdk\cpp\V5\V5_20220726_10_00_00/vexv5\libv5rt.a(v5_apijump.c.obj)
                0x03803d94                vexDisplayTextReference
 .text.vexDisplayTextSize
                0x03803db8       0x2c c:\Users\leoku\AppData\Roaming\Code\User\globalStorage\vexrobotics.vexcode\sdk\cpp\V5\V5_20220726_10_00_00/vexv5\libv5rt.a(v5_apijump.c.obj)
                0x03803db8                vexDisplayTextSize
 .text.vexDisplayFontNamedSet
                0x03803de4       0x24 c:\Users\leoku\AppData\Roaming\Code\User\globalStorage\vexrobotics.vexcode\sdk\cpp\V5\V5_20220726_10_00_00/vexv5\libv5rt.a(v5_apijump.c.obj)
                0x03803de4                vexDisplayFontNamedSet
 .text.vexDisplayPenSizeGet
                0x03803e08       0x1c c:\Users\leoku\AppData\Roaming\Code\User\globalStorage\vexrobotics.vexcode\sdk\cpp\V5\V5_20220726_10_00_00/vexv5\libv5rt.a(v5_apijump.c.obj)
                0x03803e08                vexDisplayPenSizeGet
 .text.vexSystemStdlibImpureDataAddr
                0x03803e24       0x28 c:\Users\leoku\AppData\Roaming\Code\User\globalStorage\vexrobotics.vexcode\sdk\cpp\V5\V5_20220726_10_00_00/vexv5\libv5rt.a(v5_apijump.c.obj)
                0x03803e24                vexSystemStdlibImpureDataAddr
 .text.vexSystemStdlibImpureDataSize
                0x03803e4c       0x28 c:\Users\leoku\AppData\Roaming\Code\User\globalStorage\vexrobotics.vexcode\sdk\cpp\V5\V5_20220726_10_00_00/vexv5\libv5rt.a(v5_apijump.c.obj)
                0x03803e4c                vexSystemStdlibImpureDataSize
 .text.vexSystemSaveUserData
                0x03803e74       0x3c c:\Users\leoku\AppData\Roaming\Code\User\globalStorage\vexrobotics.vexcode\sdk\cpp\V5\V5_20220726_10_00_00/vexv5\libv5rt.a(v5_apijump.c.obj)
                0x03803e74                vexSystemSaveUserData
 .text.vexDisplayThemeIdGet
                0x03803eb0       0x38 c:\Users\leoku\AppData\Roaming\Code\User\globalStorage\vexrobotics.vexcode\sdk\cpp\V5\V5_20220726_10_00_00/vexv5\libv5rt.a(v5_apijump.c.obj)
                0x03803eb0                vexDisplayThemeIdGet
 .text.vexDeviceEventMaskSet
                0x03803ee8       0x48 c:\Users\leoku\AppData\Roaming\Code\User\globalStorage\vexrobotics.vexcode\sdk\cpp\V5\V5_20220726_10_00_00/vexv5\libv5rt.a(v5_apijump.c.obj)
                0x03803ee8                vexDeviceEventMaskSet
 .text.vexDeviceEventMaskGet
                0x03803f30       0x3c c:\Users\leoku\AppData\Roaming\Code\User\globalStorage\vexrobotics.vexcode\sdk\cpp\V5\V5_20220726_10_00_00/vexv5\libv5rt.a(v5_apijump.c.obj)
                0x03803f30                vexDeviceEventMaskGet
 .text.vexSystemVersion
                0x03803f6c       0x10 c:\Users\leoku\AppData\Roaming\Code\User\globalStorage\vexrobotics.vexcode\sdk\cpp\V5\V5_20220726_10_00_00/vexv5\libv5rt.a(v5_apiversions.c.obj)
                0x03803f6c                vexSystemVersion
 .text.vexStdlibVersion
                0x03803f7c       0x10 c:\Users\leoku\AppData\Roaming\Code\User\globalStorage\vexrobotics.vexcode\sdk\cpp\V5\V5_20220726_10_00_00/vexv5\libv5rt.a(v5_apiversions.c.obj)
                0x03803f7c                vexStdlibVersion
 *fill*         0x03803f8c        0x4 
 .text._ZN3vex4waitEdNS_9timeUnitsE
                0x03803f90       0x30 c:\Users\leoku\AppData\Roaming\Code\User\globalStorage\vexrobotics.vexcode\sdk\cpp\V5\V5_20220726_10_00_00/vexv5\libv5rt.a(vex_global.cpp.obj)
                0x03803f90                vex::wait(double, vex::timeUnits)
 .text._ZN3vex6deviceD2Ev
                0x03803fc0        0x4 c:\Users\leoku\AppData\Roaming\Code\User\globalStorage\vexrobotics.vexcode\sdk\cpp\V5\V5_20220726_10_00_00/vexv5\libv5rt.a(vex_device.cpp.obj)
                0x03803fc0                vex::device::~device()
                0x03803fc0                vex::device::~device()
 .text._ZN3vex6device5valueEv
                0x03803fc4        0x8 c:\Users\leoku\AppData\Roaming\Code\User\globalStorage\vexrobotics.vexcode\sdk\cpp\V5\V5_20220726_10_00_00/vexv5\libv5rt.a(vex_device.cpp.obj)
                0x03803fc4                vex::device::value()
 .text._ZN3vex6deviceD0Ev
                0x03803fcc       0x14 c:\Users\leoku\AppData\Roaming\Code\User\globalStorage\vexrobotics.vexcode\sdk\cpp\V5\V5_20220726_10_00_00/vexv5\libv5rt.a(vex_device.cpp.obj)
                0x03803fcc                vex::device::~device()
 .text._ZN3vex6device4initEl
                0x03803fe0       0x30 c:\Users\leoku\AppData\Roaming\Code\User\globalStorage\vexrobotics.vexcode\sdk\cpp\V5\V5_20220726_10_00_00/vexv5\libv5rt.a(vex_device.cpp.obj)
                0x03803fe0                vex::device::init(long)
 .text._ZN3vex6deviceC2El
                0x03804010       0x20 c:\Users\leoku\AppData\Roaming\Code\User\globalStorage\vexrobotics.vexcode\sdk\cpp\V5\V5_20220726_10_00_00/vexv5\libv5rt.a(vex_device.cpp.obj)
                0x03804010                vex::device::device(long)
                0x03804010                vex::device::device(long)
 .text._ZN3vex6device4typeEv
                0x03804030       0x10 c:\Users\leoku\AppData\Roaming\Code\User\globalStorage\vexrobotics.vexcode\sdk\cpp\V5\V5_20220726_10_00_00/vexv5\libv5rt.a(vex_device.cpp.obj)
                0x03804030                vex::device::type()
 .text._ZN3vex6device9installedEv
                0x03804040       0x14 c:\Users\leoku\AppData\Roaming\Code\User\globalStorage\vexrobotics.vexcode\sdk\cpp\V5\V5_20220726_10_00_00/vexv5\libv5rt.a(vex_device.cpp.obj)
                0x03804040                vex::device::installed()
 .text._ZN3vex5motorD2Ev
                0x03804054       0x20 c:\Users\leoku\AppData\Roaming\Code\User\globalStorage\vexrobotics.vexcode\sdk\cpp\V5\V5_20220726_10_00_00/vexv5\libv5rt.a(vex_motor.cpp.obj)
                0x03804054                vex::motor::~motor()
                0x03804054                vex::motor::~motor()
 .text._ZN3vex5motorD0Ev
                0x03804074       0x1c c:\Users\leoku\AppData\Roaming\Code\User\globalStorage\vexrobotics.vexcode\sdk\cpp\V5\V5_20220726_10_00_00/vexv5\libv5rt.a(vex_motor.cpp.obj)
                0x03804074                vex::motor::~motor()
 .text._ZN3vex5motor9installedEv
                0x03804090       0x18 c:\Users\leoku\AppData\Roaming\Code\User\globalStorage\vexrobotics.vexcode\sdk\cpp\V5\V5_20220726_10_00_00/vexv5\libv5rt.a(vex_motor.cpp.obj)
                0x03804090                vex::motor::installed()
 .text._ZN3vex5motor15defaultStoppingENS_9brakeTypeE
                0x038040a8       0x30 c:\Users\leoku\AppData\Roaming\Code\User\globalStorage\vexrobotics.vexcode\sdk\cpp\V5\V5_20220726_10_00_00/vexv5\libv5rt.a(vex_motor.cpp.obj)
                0x038040a8                vex::motor::defaultStopping(vex::brakeType)
 .text._ZN3vex5motor11setStoppingENS_9brakeTypeE
                0x038040d8        0x4 c:\Users\leoku\AppData\Roaming\Code\User\globalStorage\vexrobotics.vexcode\sdk\cpp\V5\V5_20220726_10_00_00/vexv5\libv5rt.a(vex_motor.cpp.obj)
                0x038040d8                vex::motor::setStopping(vex::brakeType)
 .text._ZN3vex5motorC2El
                0x038040dc       0x78 c:\Users\leoku\AppData\Roaming\Code\User\globalStorage\vexrobotics.vexcode\sdk\cpp\V5\V5_20220726_10_00_00/vexv5\libv5rt.a(vex_motor.cpp.obj)
                0x038040dc                vex::motor::motor(long)
                0x038040dc                vex::motor::motor(long)
 .text._ZN3vex5motorC2ElNS_11gearSettingEb
                0x03804154       0x34 c:\Users\leoku\AppData\Roaming\Code\User\globalStorage\vexrobotics.vexcode\sdk\cpp\V5\V5_20220726_10_00_00/vexv5\libv5rt.a(vex_motor.cpp.obj)
                0x03804154                vex::motor::motor(long, vex::gearSetting, bool)
                0x03804154                vex::motor::motor(long, vex::gearSetting, bool)
 .text._ZN3vex5motorC2Elb
                0x03804188       0x24 c:\Users\leoku\AppData\Roaming\Code\User\globalStorage\vexrobotics.vexcode\sdk\cpp\V5\V5_20220726_10_00_00/vexv5\libv5rt.a(vex_motor.cpp.obj)
                0x03804188                vex::motor::motor(long, bool)
                0x03804188                vex::motor::motor(long, bool)
 .text._ZN3vex5motor14isSpinningModeEv
                0x038041ac       0x48 c:\Users\leoku\AppData\Roaming\Code\User\globalStorage\vexrobotics.vexcode\sdk\cpp\V5\V5_20220726_10_00_00/vexv5\libv5rt.a(vex_motor.cpp.obj)
                0x038041ac                vex::motor::isSpinningMode()
 .text._ZN3vex5motor4stopENS_9brakeTypeE
                0x038041f4       0x30 c:\Users\leoku\AppData\Roaming\Code\User\globalStorage\vexrobotics.vexcode\sdk\cpp\V5\V5_20220726_10_00_00/vexv5\libv5rt.a(vex_motor.cpp.obj)
                0x038041f4                vex::motor::stop(vex::brakeType)
 .text._ZN3vex5motor4stopEv
                0x03804224        0x8 c:\Users\leoku\AppData\Roaming\Code\User\globalStorage\vexrobotics.vexcode\sdk\cpp\V5\V5_20220726_10_00_00/vexv5\libv5rt.a(vex_motor.cpp.obj)
                0x03804224                vex::motor::stop()
 *fill*         0x0380422c        0x4 
 .text._ZN3vex5motor12setMaxTorqueEdNS_12percentUnitsE
                0x03804230       0x88 c:\Users\leoku\AppData\Roaming\Code\User\globalStorage\vexrobotics.vexcode\sdk\cpp\V5\V5_20220726_10_00_00/vexv5\libv5rt.a(vex_motor.cpp.obj)
                0x03804230                vex::motor::setMaxTorque(double, vex::percentUnits)
 .text._ZN3vex5motor6torqueENS_11torqueUnitsE
                0x038042b8       0x30 c:\Users\leoku\AppData\Roaming\Code\User\globalStorage\vexrobotics.vexcode\sdk\cpp\V5\V5_20220726_10_00_00/vexv5\libv5rt.a(vex_motor.cpp.obj)
                0x038042b8                vex::motor::torque(vex::torqueUnits)
 .text._ZN3vex5motor11temperatureENS_12percentUnitsE
                0x038042e8       0x68 c:\Users\leoku\AppData\Roaming\Code\User\globalStorage\vexrobotics.vexcode\sdk\cpp\V5\V5_20220726_10_00_00/vexv5\libv5rt.a(vex_motor.cpp.obj)
                0x038042e8                vex::motor::temperature(vex::percentUnits)
 .text._ZN3vex5motor16velocityToScaledEdNS_13velocityUnitsE
                0x03804350       0x5c c:\Users\leoku\AppData\Roaming\Code\User\globalStorage\vexrobotics.vexcode\sdk\cpp\V5\V5_20220726_10_00_00/vexv5\libv5rt.a(vex_motor.cpp.obj)
                0x03804350                vex::motor::velocityToScaled(double, vex::velocityUnits)
 .text._ZN3vex5motor8velocityENS_13velocityUnitsE
                0x038043ac       0x30 c:\Users\leoku\AppData\Roaming\Code\User\globalStorage\vexrobotics.vexcode\sdk\cpp\V5\V5_20220726_10_00_00/vexv5\libv5rt.a(vex_motor.cpp.obj)
                0x038043ac                vex::motor::velocity(vex::velocityUnits)
 .text._ZN3vex5motor5valueEv
                0x038043dc       0x1c c:\Users\leoku\AppData\Roaming\Code\User\globalStorage\vexrobotics.vexcode\sdk\cpp\V5\V5_20220726_10_00_00/vexv5\libv5rt.a(vex_motor.cpp.obj)
                0x038043dc                vex::motor::value()
 .text._ZN3vex5motor16scaledToVelocityEdNS_13velocityUnitsE
                0x038043f8       0xa4 c:\Users\leoku\AppData\Roaming\Code\User\globalStorage\vexrobotics.vexcode\sdk\cpp\V5\V5_20220726_10_00_00/vexv5\libv5rt.a(vex_motor.cpp.obj)
                0x038043f8                vex::motor::scaledToVelocity(double, vex::velocityUnits)
 .text._ZN3vex5motor4spinENS_13directionTypeEdNS_13velocityUnitsE
                0x0380449c       0x5c c:\Users\leoku\AppData\Roaming\Code\User\globalStorage\vexrobotics.vexcode\sdk\cpp\V5\V5_20220726_10_00_00/vexv5\libv5rt.a(vex_motor.cpp.obj)
                0x0380449c                vex::motor::spin(vex::directionType, double, vex::velocityUnits)
 .text._ZN3vex5motor11setVelocityEdNS_13velocityUnitsE
                0x038044f8       0x54 c:\Users\leoku\AppData\Roaming\Code\User\globalStorage\vexrobotics.vexcode\sdk\cpp\V5\V5_20220726_10_00_00/vexv5\libv5rt.a(vex_motor.cpp.obj)
                0x038044f8                vex::motor::setVelocity(double, vex::velocityUnits)
 .text._ZN3vex5motor16setRotationUnitsENS_13rotationUnitsE
                0x0380454c       0x1c c:\Users\leoku\AppData\Roaming\Code\User\globalStorage\vexrobotics.vexcode\sdk\cpp\V5\V5_20220726_10_00_00/vexv5\libv5rt.a(vex_motor.cpp.obj)
                0x0380454c                vex::motor::setRotationUnits(vex::rotationUnits)
 .text._ZN3vex5motor11setPositionEdNS_13rotationUnitsE
                0x03804568       0x44 c:\Users\leoku\AppData\Roaming\Code\User\globalStorage\vexrobotics.vexcode\sdk\cpp\V5\V5_20220726_10_00_00/vexv5\libv5rt.a(vex_motor.cpp.obj)
                0x03804568                vex::motor::setPosition(double, vex::rotationUnits)
 .text._ZN3vex5motor13resetPositionEv
                0x038045ac       0x20 c:\Users\leoku\AppData\Roaming\Code\User\globalStorage\vexrobotics.vexcode\sdk\cpp\V5\V5_20220726_10_00_00/vexv5\libv5rt.a(vex_motor.cpp.obj)
                0x038045ac                vex::motor::resetPosition()
 .text._ZN3vex5motor7spinForEdNS_13rotationUnitsEdNS_13velocityUnitsEb
                0x038045cc       0xf4 c:\Users\leoku\AppData\Roaming\Code\User\globalStorage\vexrobotics.vexcode\sdk\cpp\V5\V5_20220726_10_00_00/vexv5\libv5rt.a(vex_motor.cpp.obj)
                0x038045cc                vex::motor::spinFor(double, vex::rotationUnits, double, vex::velocityUnits, bool)
 .text._ZN3vex5motor7spinForENS_13directionTypeEdNS_13rotationUnitsEdNS_13velocityUnitsEb
                0x038046c0       0x34 c:\Users\leoku\AppData\Roaming\Code\User\globalStorage\vexrobotics.vexcode\sdk\cpp\V5\V5_20220726_10_00_00/vexv5\libv5rt.a(vex_motor.cpp.obj)
                0x038046c0                vex::motor::spinFor(vex::directionType, double, vex::rotationUnits, double, vex::velocityUnits, bool)
 .text._ZN3vex5motor7spinForENS_13directionTypeEdNS_13rotationUnitsEb
                0x038046f4       0x3c c:\Users\leoku\AppData\Roaming\Code\User\globalStorage\vexrobotics.vexcode\sdk\cpp\V5\V5_20220726_10_00_00/vexv5\libv5rt.a(vex_motor.cpp.obj)
                0x038046f4                vex::motor::spinFor(vex::directionType, double, vex::rotationUnits, bool)
 .text._ZN3vex5motor8positionENS_13rotationUnitsE
                0x03804730       0x44 c:\Users\leoku\AppData\Roaming\Code\User\globalStorage\vexrobotics.vexcode\sdk\cpp\V5\V5_20220726_10_00_00/vexv5\libv5rt.a(vex_motor.cpp.obj)
                0x03804730                vex::motor::position(vex::rotationUnits)
 .text._ZN3vex10controllerD2Ev
                0x03804774        0x4 c:\Users\leoku\AppData\Roaming\Code\User\globalStorage\vexrobotics.vexcode\sdk\cpp\V5\V5_20220726_10_00_00/vexv5\libv5rt.a(vex_controller.cpp.obj)
                0x03804774                vex::controller::~controller()
                0x03804774                vex::controller::~controller()
 .text._ZN3vex10controller5valueE19_V5_ControllerIndex
                0x03804778        0x8 c:\Users\leoku\AppData\Roaming\Code\User\globalStorage\vexrobotics.vexcode\sdk\cpp\V5\V5_20220726_10_00_00/vexv5\libv5rt.a(vex_controller.cpp.obj)
                0x03804778                vex::controller::value(_V5_ControllerIndex)
 .text._ZN3vex10controller6rumbleEPKc
                0x03804780       0x4c c:\Users\leoku\AppData\Roaming\Code\User\globalStorage\vexrobotics.vexcode\sdk\cpp\V5\V5_20220726_10_00_00/vexv5\libv5rt.a(vex_controller.cpp.obj)
                0x03804780                vex::controller::rumble(char const*)
 .text._ZNK3vex10controller6button8pressingEv
                0x038047cc       0xc8 c:\Users\leoku\AppData\Roaming\Code\User\globalStorage\vexrobotics.vexcode\sdk\cpp\V5\V5_20220726_10_00_00/vexv5\libv5rt.a(vex_controller.cpp.obj)
                0x038047cc                vex::controller::button::pressing() const
 .text._ZNK3vex10controller6button21_buttonToPressedEventEv
                0x03804894       0x20 c:\Users\leoku\AppData\Roaming\Code\User\globalStorage\vexrobotics.vexcode\sdk\cpp\V5\V5_20220726_10_00_00/vexv5\libv5rt.a(vex_controller.cpp.obj)
                0x03804894                vex::controller::button::_buttonToPressedEvent() const
 .text._ZNK3vex10controller6button22_buttonToReleasedEventEv
                0x038048b4       0x20 c:\Users\leoku\AppData\Roaming\Code\User\globalStorage\vexrobotics.vexcode\sdk\cpp\V5\V5_20220726_10_00_00/vexv5\libv5rt.a(vex_controller.cpp.obj)
                0x038048b4                vex::controller::button::_buttonToReleasedEvent() const
 .text._ZN3vex10controller6buttonC2ENS0_11tButtonTypeEPS0_
                0x038048d4       0x48 c:\Users\leoku\AppData\Roaming\Code\User\globalStorage\vexrobotics.vexcode\sdk\cpp\V5\V5_20220726_10_00_00/vexv5\libv5rt.a(vex_controller.cpp.obj)
                0x038048d4                vex::controller::button::button(vex::controller::tButtonType, vex::controller*)
                0x038048d4                vex::controller::button::button(vex::controller::tButtonType, vex::controller*)
 .text._ZNK3vex10controller4axis5valueEv
                0x0380491c       0x58 c:\Users\leoku\AppData\Roaming\Code\User\globalStorage\vexrobotics.vexcode\sdk\cpp\V5\V5_20220726_10_00_00/vexv5\libv5rt.a(vex_controller.cpp.obj)
                0x0380491c                vex::controller::axis::value() const
 .text._ZNK3vex10controller4axis8positionENS_12percentUnitsE
                0x03804974       0x1c c:\Users\leoku\AppData\Roaming\Code\User\globalStorage\vexrobotics.vexcode\sdk\cpp\V5\V5_20220726_10_00_00/vexv5\libv5rt.a(vex_controller.cpp.obj)
                0x03804974                vex::controller::axis::position(vex::percentUnits) const
 .text._ZNK3vex10controller4axis23_joystickToChangedEventEv
                0x03804990       0x20 c:\Users\leoku\AppData\Roaming\Code\User\globalStorage\vexrobotics.vexcode\sdk\cpp\V5\V5_20220726_10_00_00/vexv5\libv5rt.a(vex_controller.cpp.obj)
                0x03804990                vex::controller::axis::_joystickToChangedEvent() const
 .text._ZN3vex10controller4axisC2ENS0_9tAxisTypeEPS0_
                0x038049b0       0x2c c:\Users\leoku\AppData\Roaming\Code\User\globalStorage\vexrobotics.vexcode\sdk\cpp\V5\V5_20220726_10_00_00/vexv5\libv5rt.a(vex_controller.cpp.obj)
                0x038049b0                vex::controller::axis::axis(vex::controller::tAxisType, vex::controller*)
                0x038049b0                vex::controller::axis::axis(vex::controller::tAxisType, vex::controller*)
 .text._ZN3vex10controllerC2ENS_14controllerTypeE
                0x038049dc      0x16c c:\Users\leoku\AppData\Roaming\Code\User\globalStorage\vexrobotics.vexcode\sdk\cpp\V5\V5_20220726_10_00_00/vexv5\libv5rt.a(vex_controller.cpp.obj)
                0x038049dc                vex::controller::controller(vex::controllerType)
                0x038049dc                vex::controller::controller(vex::controllerType)
 .text._ZN3vex10controller3lcd15getControllerIdEv
                0x03804b48       0x10 c:\Users\leoku\AppData\Roaming\Code\User\globalStorage\vexrobotics.vexcode\sdk\cpp\V5\V5_20220726_10_00_00/vexv5\libv5rt.a(vex_controller.cpp.obj)
                0x03804b48                vex::controller::lcd::getControllerId()
 .text._ZN3vex10controller3lcd5printEPKcz
                0x03804b58       0x80 c:\Users\leoku\AppData\Roaming\Code\User\globalStorage\vexrobotics.vexcode\sdk\cpp\V5\V5_20220726_10_00_00/vexv5\libv5rt.a(vex_controller.cpp.obj)
                0x03804b58                vex::controller::lcd::print(char const*, ...)
 .text._ZN3vex10controller3lcd7newLineEv
                0x03804bd8       0x20 c:\Users\leoku\AppData\Roaming\Code\User\globalStorage\vexrobotics.vexcode\sdk\cpp\V5\V5_20220726_10_00_00/vexv5\libv5rt.a(vex_controller.cpp.obj)
                0x03804bd8                vex::controller::lcd::newLine()
 .text._ZN3vex11this_thread9sleep_forEm
                0x03804bf8        0x4 c:\Users\leoku\AppData\Roaming\Code\User\globalStorage\vexrobotics.vexcode\sdk\cpp\V5\V5_20220726_10_00_00/vexv5\libv5rt.a(vex_thread.cpp.obj)
                0x03804bf8                vex::this_thread::sleep_for(unsigned long)
 .text._ZN3vex5event4initEmmPFvvE
                0x03804bfc        0x4 c:\Users\leoku\AppData\Roaming\Code\User\globalStorage\vexrobotics.vexcode\sdk\cpp\V5\V5_20220726_10_00_00/vexv5\libv5rt.a(vex_event.cpp.obj)
                0x03804bfc                vex::event::init(unsigned long, unsigned long, void (*)())
 .text._ZN3vex5event4initEmmPFvPvES1_
                0x03804c00        0x4 c:\Users\leoku\AppData\Roaming\Code\User\globalStorage\vexrobotics.vexcode\sdk\cpp\V5\V5_20220726_10_00_00/vexv5\libv5rt.a(vex_event.cpp.obj)
                0x03804c00                vex::event::init(unsigned long, unsigned long, void (*)(void*), void*)
 .text._ZN3vex5event9userindexEv
                0x03804c04        0x4 c:\Users\leoku\AppData\Roaming\Code\User\globalStorage\vexrobotics.vexcode\sdk\cpp\V5\V5_20220726_10_00_00/vexv5\libv5rt.a(vex_event.cpp.obj)
                0x03804c04                vex::event::userindex()
 .text._ZZN3vex6meventC4EmmENUlvE_4_FUNEv
                0x03804c08        0x4 c:\Users\leoku\AppData\Roaming\Code\User\globalStorage\vexrobotics.vexcode\sdk\cpp\V5\V5_20220726_10_00_00/vexv5\libv5rt.a(vex_mevent.cpp.obj)
 .text._ZN3vex6meventC2Emm
                0x03804c0c       0x70 c:\Users\leoku\AppData\Roaming\Code\User\globalStorage\vexrobotics.vexcode\sdk\cpp\V5\V5_20220726_10_00_00/vexv5\libv5rt.a(vex_mevent.cpp.obj)
                0x03804c0c                vex::mevent::mevent(unsigned long, unsigned long)
                0x03804c0c                vex::mevent::mevent(unsigned long, unsigned long)
 .text._ZN3vex5brain9_getIndexEv
                0x03804c7c       0x10 c:\Users\leoku\AppData\Roaming\Code\User\globalStorage\vexrobotics.vexcode\sdk\cpp\V5\V5_20220726_10_00_00/vexv5\libv5rt.a(vex_brain.cpp.obj)
                0x03804c7c                vex::brain::_getIndex()
 .text._ZN3vex5brain3lcd9setCursorEll
                0x03804c8c       0x44 c:\Users\leoku\AppData\Roaming\Code\User\globalStorage\vexrobotics.vexcode\sdk\cpp\V5\V5_20220726_10_00_00/vexv5\libv5rt.a(vex_brain.cpp.obj)
                0x03804c8c                vex::brain::lcd::setCursor(long, long)
 .text._ZN3vex5brain3lcd7setFontENS_8fontTypeE
                0x03804cd0      0x23c c:\Users\leoku\AppData\Roaming\Code\User\globalStorage\vexrobotics.vexcode\sdk\cpp\V5\V5_20220726_10_00_00/vexv5\libv5rt.a(vex_brain.cpp.obj)
                0x03804cd0                vex::brain::lcd::setFont(vex::fontType)
 .text._ZN3vex5brain3lcdC2Ev
                0x03804f0c       0x94 c:\Users\leoku\AppData\Roaming\Code\User\globalStorage\vexrobotics.vexcode\sdk\cpp\V5\V5_20220726_10_00_00/vexv5\libv5rt.a(vex_brain.cpp.obj)
                0x03804f0c                vex::brain::lcd::lcd()
                0x03804f0c                vex::brain::lcd::lcd()
 .text._ZN3vex5brainC2Ev
                0x03804fa0       0x3c c:\Users\leoku\AppData\Roaming\Code\User\globalStorage\vexrobotics.vexcode\sdk\cpp\V5\V5_20220726_10_00_00/vexv5\libv5rt.a(vex_brain.cpp.obj)
                0x03804fa0                vex::brain::brain()
                0x03804fa0                vex::brain::brain()
 .text._ZN3vex5brain3lcd11setPenColorERKNS_5colorE
                0x03804fdc       0x14 c:\Users\leoku\AppData\Roaming\Code\User\globalStorage\vexrobotics.vexcode\sdk\cpp\V5\V5_20220726_10_00_00/vexv5\libv5rt.a(vex_brain.cpp.obj)
                0x03804fdc                vex::brain::lcd::setPenColor(vex::color const&)
 .text._ZN3vex5brain3lcd7printAtEllPKcz
                0x03804ff0       0x54 c:\Users\leoku\AppData\Roaming\Code\User\globalStorage\vexrobotics.vexcode\sdk\cpp\V5\V5_20220726_10_00_00/vexv5\libv5rt.a(vex_brain.cpp.obj)
                0x03804ff0                vex::brain::lcd::printAt(long, long, char const*, ...)
 .text._ZN3vex5brain3lcd12_clearScreenEm
                0x03805044       0x38 c:\Users\leoku\AppData\Roaming\Code\User\globalStorage\vexrobotics.vexcode\sdk\cpp\V5\V5_20220726_10_00_00/vexv5\libv5rt.a(vex_brain.cpp.obj)
                0x03805044                vex::brain::lcd::_clearScreen(unsigned long)
 .text._ZN3vex5brain3lcd11clearScreenERKNS_5colorE
                0x0380507c       0x20 c:\Users\leoku\AppData\Roaming\Code\User\globalStorage\vexrobotics.vexcode\sdk\cpp\V5\V5_20220726_10_00_00/vexv5\libv5rt.a(vex_brain.cpp.obj)
                0x0380507c                vex::brain::lcd::clearScreen(vex::color const&)
 .text._ZN3vex5brain3lcd11clearScreenEv
                0x0380509c       0x2c c:\Users\leoku\AppData\Roaming\Code\User\globalStorage\vexrobotics.vexcode\sdk\cpp\V5\V5_20220726_10_00_00/vexv5\libv5rt.a(vex_brain.cpp.obj)
                0x0380509c                vex::brain::lcd::clearScreen()
 .text._ZN3vex5brain3lcd13drawRectangleEiiii
                0x038050c8       0xdc c:\Users\leoku\AppData\Roaming\Code\User\globalStorage\vexrobotics.vexcode\sdk\cpp\V5\V5_20220726_10_00_00/vexv5\libv5rt.a(vex_brain.cpp.obj)
                0x038050c8                vex::brain::lcd::drawRectangle(int, int, int, int)
 .text._ZN3vex5brain3lcd14_drawRectangleEiiiim
                0x038051a4       0x74 c:\Users\leoku\AppData\Roaming\Code\User\globalStorage\vexrobotics.vexcode\sdk\cpp\V5\V5_20220726_10_00_00/vexv5\libv5rt.a(vex_brain.cpp.obj)
                0x038051a4                vex::brain::lcd::_drawRectangle(int, int, int, int, unsigned long)
 .text._ZN3vex5brain3lcd13drawRectangleEiiiiRKNS_5colorE
                0x03805218       0x68 c:\Users\leoku\AppData\Roaming\Code\User\globalStorage\vexrobotics.vexcode\sdk\cpp\V5\V5_20220726_10_00_00/vexv5\libv5rt.a(vex_brain.cpp.obj)
                0x03805218                vex::brain::lcd::drawRectangle(int, int, int, int, vex::color const&)
 .text._ZN3vex5brainD2Ev
                0x03805280       0x20 c:\Users\leoku\AppData\Roaming\Code\User\globalStorage\vexrobotics.vexcode\sdk\cpp\V5\V5_20220726_10_00_00/vexv5\libv5rt.a(vex_brain.cpp.obj)
                0x03805280                vex::brain::~brain()
                0x03805280                vex::brain::~brain()
 .text._ZN3vex11competition8_disableEPv
                0x038052a0       0xa4 c:\Users\leoku\AppData\Roaming\Code\User\globalStorage\vexrobotics.vexcode\sdk\cpp\V5\V5_20220726_10_00_00/vexv5\libv5rt.a(vex_competition.cpp.obj)
                0x038052a0                vex::competition::_disable(void*)
 .text._ZN3vex11competition11_autonomousEv
                0x03805344       0x80 c:\Users\leoku\AppData\Roaming\Code\User\globalStorage\vexrobotics.vexcode\sdk\cpp\V5\V5_20220726_10_00_00/vexv5\libv5rt.a(vex_competition.cpp.obj)
                0x03805344                vex::competition::_autonomous()
 .text._ZN3vex11competition14_drivercontrolEv
                0x038053c4       0x80 c:\Users\leoku\AppData\Roaming\Code\User\globalStorage\vexrobotics.vexcode\sdk\cpp\V5\V5_20220726_10_00_00/vexv5\libv5rt.a(vex_competition.cpp.obj)
                0x038053c4                vex::competition::_drivercontrol()
 .text._ZN3vex11competitionC2Ev
                0x03805444      0x13c c:\Users\leoku\AppData\Roaming\Code\User\globalStorage\vexrobotics.vexcode\sdk\cpp\V5\V5_20220726_10_00_00/vexv5\libv5rt.a(vex_competition.cpp.obj)
                0x03805444                vex::competition::competition()
                0x03805444                vex::competition::competition()
 .text._ZN3vex11competitionD2Ev
                0x03805580        0x4 c:\Users\leoku\AppData\Roaming\Code\User\globalStorage\vexrobotics.vexcode\sdk\cpp\V5\V5_20220726_10_00_00/vexv5\libv5rt.a(vex_competition.cpp.obj)
                0x03805580                vex::competition::~competition()
                0x03805580                vex::competition::~competition()
 .text._ZN3vex11competition10autonomousEPFvvE
                0x03805584       0x44 c:\Users\leoku\AppData\Roaming\Code\User\globalStorage\vexrobotics.vexcode\sdk\cpp\V5\V5_20220726_10_00_00/vexv5\libv5rt.a(vex_competition.cpp.obj)
                0x03805584                vex::competition::autonomous(void (*)())
 .text._ZN3vex11competition13drivercontrolEPFvvE
                0x038055c8       0x44 c:\Users\leoku\AppData\Roaming\Code\User\globalStorage\vexrobotics.vexcode\sdk\cpp\V5\V5_20220726_10_00_00/vexv5\libv5rt.a(vex_competition.cpp.obj)
                0x038055c8                vex::competition::drivercontrol(void (*)())
 .text._ZN3vex7triportD2Ev
                0x0380560c       0x38 c:\Users\leoku\AppData\Roaming\Code\User\globalStorage\vexrobotics.vexcode\sdk\cpp\V5\V5_20220726_10_00_00/vexv5\libv5rt.a(vex_triport.cpp.obj)
                0x0380560c                vex::triport::~triport()
                0x0380560c                vex::triport::~triport()
 .text._ZN3vex7triportD0Ev
                0x03805644       0x1c c:\Users\leoku\AppData\Roaming\Code\User\globalStorage\vexrobotics.vexcode\sdk\cpp\V5\V5_20220726_10_00_00/vexv5\libv5rt.a(vex_triport.cpp.obj)
                0x03805644                vex::triport::~triport()
 .text._ZN3vex7triport9installedEv
                0x03805660       0x18 c:\Users\leoku\AppData\Roaming\Code\User\globalStorage\vexrobotics.vexcode\sdk\cpp\V5\V5_20220726_10_00_00/vexv5\libv5rt.a(vex_triport.cpp.obj)
                0x03805660                vex::triport::installed()
 .text._ZN3vex7triport4portC2ElPS0_
                0x03805678       0x74 c:\Users\leoku\AppData\Roaming\Code\User\globalStorage\vexrobotics.vexcode\sdk\cpp\V5\V5_20220726_10_00_00/vexv5\libv5rt.a(vex_triport.cpp.obj)
                0x03805678                vex::triport::port::port(long, vex::triport*)
                0x03805678                vex::triport::port::port(long, vex::triport*)
 .text._ZN3vex7triportC2El
                0x038056ec       0xf0 c:\Users\leoku\AppData\Roaming\Code\User\globalStorage\vexrobotics.vexcode\sdk\cpp\V5\V5_20220726_10_00_00/vexv5\libv5rt.a(vex_triport.cpp.obj)
                0x038056ec                vex::triport::triport(long)
                0x038056ec                vex::triport::triport(long)
 .text._ZN3vex5colorD2Ev
                0x038057dc        0x4 c:\Users\leoku\AppData\Roaming\Code\User\globalStorage\vexrobotics.vexcode\sdk\cpp\V5\V5_20220726_10_00_00/vexv5\libv5rt.a(vex_color.cpp.obj)
                0x038057dc                vex::color::~color()
                0x038057dc                vex::color::~color()
 .text._ZNK3vex5colorcvmEv
                0x038057e0        0x8 c:\Users\leoku\AppData\Roaming\Code\User\globalStorage\vexrobotics.vexcode\sdk\cpp\V5\V5_20220726_10_00_00/vexv5\libv5rt.a(vex_color.cpp.obj)
                0x038057e0                vex::color::operator unsigned long() const
 .text._ZNK3vex5color13isTransparentEv
                0x038057e8        0x8 c:\Users\leoku\AppData\Roaming\Code\User\globalStorage\vexrobotics.vexcode\sdk\cpp\V5\V5_20220726_10_00_00/vexv5\libv5rt.a(vex_color.cpp.obj)
                0x038057e8                vex::color::isTransparent() const
 .text.startup._GLOBAL__sub_I__ZN3vex5color5blackE
                0x038057f0      0x164 c:\Users\leoku\AppData\Roaming\Code\User\globalStorage\vexrobotics.vexcode\sdk\cpp\V5\V5_20220726_10_00_00/vexv5\libv5rt.a(vex_color.cpp.obj)
 .text._ZN3vex5timerD2Ev
                0x03805954        0x4 c:\Users\leoku\AppData\Roaming\Code\User\globalStorage\vexrobotics.vexcode\sdk\cpp\V5\V5_20220726_10_00_00/vexv5\libv5rt.a(vex_timer.cpp.obj)
                0x03805954                vex::timer::~timer()
                0x03805954                vex::timer::~timer()
 .text._ZN3vex5timer5clearEv
                0x03805958       0x1c c:\Users\leoku\AppData\Roaming\Code\User\globalStorage\vexrobotics.vexcode\sdk\cpp\V5\V5_20220726_10_00_00/vexv5\libv5rt.a(vex_timer.cpp.obj)
                0x03805958                vex::timer::clear()
 .text._ZN3vex5timerC2Ev
                0x03805974       0x14 c:\Users\leoku\AppData\Roaming\Code\User\globalStorage\vexrobotics.vexcode\sdk\cpp\V5\V5_20220726_10_00_00/vexv5\libv5rt.a(vex_timer.cpp.obj)
                0x03805974                vex::timer::timer()
                0x03805974                vex::timer::timer()
 .text._ZN3vex11motor_group18motor_group_motorsC2Ev
                0x03805988       0x28 c:\Users\leoku\AppData\Roaming\Code\User\globalStorage\vexrobotics.vexcode\sdk\cpp\V5\V5_20220726_10_00_00/vexv5\libv5rt.a(vex_motorgroup.cpp.obj)
                0x03805988                vex::motor_group::motor_group_motors::motor_group_motors()
                0x03805988                vex::motor_group::motor_group_motors::motor_group_motors()
 .text._ZN3vex11motor_groupC2Ev
                0x038059b0       0x1c c:\Users\leoku\AppData\Roaming\Code\User\globalStorage\vexrobotics.vexcode\sdk\cpp\V5\V5_20220726_10_00_00/vexv5\libv5rt.a(vex_motorgroup.cpp.obj)
                0x038059b0                vex::motor_group::motor_group()
                0x038059b0                vex::motor_group::motor_group()
 .text._ZN3vex11motor_groupD2Ev
                0x038059cc        0x4 c:\Users\leoku\AppData\Roaming\Code\User\globalStorage\vexrobotics.vexcode\sdk\cpp\V5\V5_20220726_10_00_00/vexv5\libv5rt.a(vex_motorgroup.cpp.obj)
                0x038059cc                vex::motor_group::~motor_group()
                0x038059cc                vex::motor_group::~motor_group()
 .text._ZN3vex11motor_group9_addMotorERNS_5motorE
                0x038059d0       0x20 c:\Users\leoku\AppData\Roaming\Code\User\globalStorage\vexrobotics.vexcode\sdk\cpp\V5\V5_20220726_10_00_00/vexv5\libv5rt.a(vex_motorgroup.cpp.obj)
                0x038059d0                vex::motor_group::_addMotor(vex::motor&)
 .text._ZN3vex11motor_group11setVelocityEdNS_13velocityUnitsE
                0x038059f0       0x4c c:\Users\leoku\AppData\Roaming\Code\User\globalStorage\vexrobotics.vexcode\sdk\cpp\V5\V5_20220726_10_00_00/vexv5\libv5rt.a(vex_motorgroup.cpp.obj)
                0x038059f0                vex::motor_group::setVelocity(double, vex::velocityUnits)
 .text._ZN3vex11motor_group11setStoppingENS_9brakeTypeE
                0x03805a3c       0x38 c:\Users\leoku\AppData\Roaming\Code\User\globalStorage\vexrobotics.vexcode\sdk\cpp\V5\V5_20220726_10_00_00/vexv5\libv5rt.a(vex_motorgroup.cpp.obj)
                0x03805a3c                vex::motor_group::setStopping(vex::brakeType)
 .text._ZN3vex11motor_group13resetPositionEv
                0x03805a74       0x30 c:\Users\leoku\AppData\Roaming\Code\User\globalStorage\vexrobotics.vexcode\sdk\cpp\V5\V5_20220726_10_00_00/vexv5\libv5rt.a(vex_motorgroup.cpp.obj)
                0x03805a74                vex::motor_group::resetPosition()
 .text._ZN3vex11motor_group12setMaxTorqueEdNS_12percentUnitsE
                0x03805aa4       0x4c c:\Users\leoku\AppData\Roaming\Code\User\globalStorage\vexrobotics.vexcode\sdk\cpp\V5\V5_20220726_10_00_00/vexv5\libv5rt.a(vex_motorgroup.cpp.obj)
                0x03805aa4                vex::motor_group::setMaxTorque(double, vex::percentUnits)
 .text.vexMotorVelocitySet
                0x03805af0       0x20 c:\Users\leoku\AppData\Roaming\Code\User\globalStorage\vexrobotics.vexcode\sdk\cpp\V5\V5_20220726_10_00_00/vexv5\libv5rt.a(v5_apiuser.c.obj)
                0x03805af0                vexMotorVelocitySet
 .text.vexMotorVelocityGet
                0x03805b10       0x18 c:\Users\leoku\AppData\Roaming\Code\User\globalStorage\vexrobotics.vexcode\sdk\cpp\V5\V5_20220726_10_00_00/vexv5\libv5rt.a(v5_apiuser.c.obj)
                0x03805b10                vexMotorVelocityGet
 .text.vexMotorActualVelocityGet
                0x03805b28       0x24 c:\Users\leoku\AppData\Roaming\Code\User\globalStorage\vexrobotics.vexcode\sdk\cpp\V5\V5_20220726_10_00_00/vexv5\libv5rt.a(v5_apiuser.c.obj)
                0x03805b28                vexMotorActualVelocityGet
 .text.vexMotorModeGet
                0x03805b4c       0x18 c:\Users\leoku\AppData\Roaming\Code\User\globalStorage\vexrobotics.vexcode\sdk\cpp\V5\V5_20220726_10_00_00/vexv5\libv5rt.a(v5_apiuser.c.obj)
                0x03805b4c                vexMotorModeGet
 .text.vexMotorCurrentLimitSet
                0x03805b64       0x20 c:\Users\leoku\AppData\Roaming\Code\User\globalStorage\vexrobotics.vexcode\sdk\cpp\V5\V5_20220726_10_00_00/vexv5\libv5rt.a(v5_apiuser.c.obj)
                0x03805b64                vexMotorCurrentLimitSet
 .text.vexMotorTorqueGet
                0x03805b84       0x24 c:\Users\leoku\AppData\Roaming\Code\User\globalStorage\vexrobotics.vexcode\sdk\cpp\V5\V5_20220726_10_00_00/vexv5\libv5rt.a(v5_apiuser.c.obj)
                0x03805b84                vexMotorTorqueGet
 .text.vexMotorTemperatureGet
                0x03805ba8       0x24 c:\Users\leoku\AppData\Roaming\Code\User\globalStorage\vexrobotics.vexcode\sdk\cpp\V5\V5_20220726_10_00_00/vexv5\libv5rt.a(v5_apiuser.c.obj)
                0x03805ba8                vexMotorTemperatureGet
 .text.vexMotorZeroPositionFlagGet
                0x03805bcc       0x18 c:\Users\leoku\AppData\Roaming\Code\User\globalStorage\vexrobotics.vexcode\sdk\cpp\V5\V5_20220726_10_00_00/vexv5\libv5rt.a(v5_apiuser.c.obj)
                0x03805bcc                vexMotorZeroPositionFlagGet
 .text.vexMotorReverseFlagSet
                0x03805be4       0x20 c:\Users\leoku\AppData\Roaming\Code\User\globalStorage\vexrobotics.vexcode\sdk\cpp\V5\V5_20220726_10_00_00/vexv5\libv5rt.a(v5_apiuser.c.obj)
                0x03805be4                vexMotorReverseFlagSet
 .text.vexMotorEncoderUnitsSet
                0x03805c04       0x20 c:\Users\leoku\AppData\Roaming\Code\User\globalStorage\vexrobotics.vexcode\sdk\cpp\V5\V5_20220726_10_00_00/vexv5\libv5rt.a(v5_apiuser.c.obj)
                0x03805c04                vexMotorEncoderUnitsSet
 .text.vexMotorBrakeModeSet
                0x03805c24       0x20 c:\Users\leoku\AppData\Roaming\Code\User\globalStorage\vexrobotics.vexcode\sdk\cpp\V5\V5_20220726_10_00_00/vexv5\libv5rt.a(v5_apiuser.c.obj)
                0x03805c24                vexMotorBrakeModeSet
 .text.vexMotorPositionSet
                0x03805c44       0x28 c:\Users\leoku\AppData\Roaming\Code\User\globalStorage\vexrobotics.vexcode\sdk\cpp\V5\V5_20220726_10_00_00/vexv5\libv5rt.a(v5_apiuser.c.obj)
                0x03805c44                vexMotorPositionSet
 .text.vexMotorPositionGet
                0x03805c6c       0x24 c:\Users\leoku\AppData\Roaming\Code\User\globalStorage\vexrobotics.vexcode\sdk\cpp\V5\V5_20220726_10_00_00/vexv5\libv5rt.a(v5_apiuser.c.obj)
                0x03805c6c                vexMotorPositionGet
 .text.vexMotorRelativeTargetSet
                0x03805c90       0x30 c:\Users\leoku\AppData\Roaming\Code\User\globalStorage\vexrobotics.vexcode\sdk\cpp\V5\V5_20220726_10_00_00/vexv5\libv5rt.a(v5_apiuser.c.obj)
                0x03805c90                vexMotorRelativeTargetSet
 .text.vexMotorGearingSet
                0x03805cc0       0x20 c:\Users\leoku\AppData\Roaming\Code\User\globalStorage\vexrobotics.vexcode\sdk\cpp\V5\V5_20220726_10_00_00/vexv5\libv5rt.a(v5_apiuser.c.obj)
                0x03805cc0                vexMotorGearingSet
 .text.vexMotorGearingGet
                0x03805ce0       0x18 c:\Users\leoku\AppData\Roaming\Code\User\globalStorage\vexrobotics.vexcode\sdk\cpp\V5\V5_20220726_10_00_00/vexv5\libv5rt.a(v5_apiuser.c.obj)
                0x03805ce0                vexMotorGearingGet
 .text.vexEventMaskSet
                0x03805cf8       0x28 c:\Users\leoku\AppData\Roaming\Code\User\globalStorage\vexrobotics.vexcode\sdk\cpp\V5\V5_20220726_10_00_00/vexv5\libv5rt.a(v5_apiuser.c.obj)
                0x03805cf8                vexEventMaskSet
 .text.vexEventMaskGet
                0x03805d20       0x18 c:\Users\leoku\AppData\Roaming\Code\User\globalStorage\vexrobotics.vexcode\sdk\cpp\V5\V5_20220726_10_00_00/vexv5\libv5rt.a(v5_apiuser.c.obj)
                0x03805d20                vexEventMaskGet
 .text._ZN3vex4taskC2EPFivE
                0x03805d38       0x5c c:\Users\leoku\AppData\Roaming\Code\User\globalStorage\vexrobotics.vexcode\sdk\cpp\V5\V5_20220726_10_00_00/vexv5\libv5rt.a(vex_task.cpp.obj)
                0x03805d38                vex::task::task(int (*)())
                0x03805d38                vex::task::task(int (*)())
 .text._ZN3vex4taskD2Ev
                0x03805d94        0x4 c:\Users\leoku\AppData\Roaming\Code\User\globalStorage\vexrobotics.vexcode\sdk\cpp\V5\V5_20220726_10_00_00/vexv5\libv5rt.a(vex_task.cpp.obj)
                0x03805d94                vex::task::~task()
                0x03805d94                vex::task::~task()
 .text._ZN3vex4task4stopEPvi
                0x03805d98       0x1c c:\Users\leoku\AppData\Roaming\Code\User\globalStorage\vexrobotics.vexcode\sdk\cpp\V5\V5_20220726_10_00_00/vexv5\libv5rt.a(vex_task.cpp.obj)
                0x03805d98                vex::task::stop(void*, int)
 .text._ZN3vex4task6_indexEPFivE
                0x03805db4       0x14 c:\Users\leoku\AppData\Roaming\Code\User\globalStorage\vexrobotics.vexcode\sdk\cpp\V5\V5_20220726_10_00_00/vexv5\libv5rt.a(vex_task.cpp.obj)
                0x03805db4                vex::task::_index(int (*)())
 .text._ZN3vex4task8_stopAllEv
                0x03805dc8       0x3c c:\Users\leoku\AppData\Roaming\Code\User\globalStorage\vexrobotics.vexcode\sdk\cpp\V5\V5_20220726_10_00_00/vexv5\libv5rt.a(vex_task.cpp.obj)
                0x03805dc8                vex::task::_stopAll()
 .text.__libc_fini_array
                0x03805e04       0x30 c:\Users\leoku\AppData\Roaming\Code\User\globalStorage\vexrobotics.vexcode\sdk\cpp\V5\V5_20220726_10_00_00/vexv5/gcc/libs\libc.a(lib_a-fini.o)
                0x03805e04                __libc_fini_array
 .text.__libc_init_array
                0x03805e34       0x58 c:\Users\leoku\AppData\Roaming\Code\User\globalStorage\vexrobotics.vexcode\sdk\cpp\V5\V5_20220726_10_00_00/vexv5/gcc/libs\libc.a(lib_a-init.o)
                0x03805e34                __libc_init_array
 *fill*         0x03805e8c        0x4 
 .text.__libc_init_array.__stub
                0x03805e90       0x18 linker stubs
 *(.gnu.linkonce.t.*)
 *(.plt)
 *(.gnu_warning)
 *(.gcc_except_table)
 *(.glue_7)
 .glue_7        0x00000000        0x0 linker stubs
 *(.glue_7t)
 .glue_7t       0x00000000        0x0 linker stubs
 *(.vfp11_veneer)
 .vfp11_veneer  0x00000000        0x0 linker stubs
 *(.ARM.extab)
 *(.gnu.linkonce.armextab.*)

.v4_bx          0x03805ea8        0x0
 .v4_bx         0x00000000        0x0 linker stubs

.iplt           0x03805ea8        0x0
 .iplt          0x00000000        0x0 build/src/main.o

.init
 *(.init)

.fini
 *(.fini)

.rodata         0x03805ea8      0x2e0
                0x03805ea8                __rodata_start = .
 *(.rodata)
 *(.rodata.*)
 .rodata.str1.1
                0x03805ea8       0x4e build/src/main.o
                                 0x5a (size before relaxing)
 .rodata.str1.1
                0x03805ef6      0x13e build/src/gui.o
                                0x13f (size before relaxing)
 .rodata.str1.1
                0x00000000      0x13e build/src/auton.o
                                  0x9 (size before relaxing)
 .rodata.str1.1
                0x03806034       0x3f build/src/robot-config.o
                                 0x76 (size before relaxing)
 .rodata.str1.1
                0x03806073       0x2e c:\Users\leoku\AppData\Roaming\Code\User\globalStorage\vexrobotics.vexcode\sdk\cpp\V5\V5_20220726_10_00_00/vexv5\libv5rt.a(v5_startup.c.obj)
 *fill*         0x038060a1        0x3 
 .rodata._ZN3vex6PORT20E
                0x038060a4        0x4 c:\Users\leoku\AppData\Roaming\Code\User\globalStorage\vexrobotics.vexcode\sdk\cpp\V5\V5_20220726_10_00_00/vexv5\libv5rt.a(vex_global.cpp.obj)
                0x038060a4                vex::PORT20
 .rodata._ZN3vex4msecE
                0x038060a8        0x4 c:\Users\leoku\AppData\Roaming\Code\User\globalStorage\vexrobotics.vexcode\sdk\cpp\V5\V5_20220726_10_00_00/vexv5\libv5rt.a(vex_global.cpp.obj)
                0x038060a8                vex::msec
 .rodata._ZN3vex6PORT18E
                0x038060ac        0x4 c:\Users\leoku\AppData\Roaming\Code\User\globalStorage\vexrobotics.vexcode\sdk\cpp\V5\V5_20220726_10_00_00/vexv5\libv5rt.a(vex_global.cpp.obj)
                0x038060ac                vex::PORT18
 .rodata._ZN3vex9ratio36_1E
                0x038060b0        0x4 c:\Users\leoku\AppData\Roaming\Code\User\globalStorage\vexrobotics.vexcode\sdk\cpp\V5\V5_20220726_10_00_00/vexv5\libv5rt.a(vex_global.cpp.obj)
                0x038060b0                vex::ratio36_1
 .rodata._ZN3vex6PORT11E
                0x038060b4        0x4 c:\Users\leoku\AppData\Roaming\Code\User\globalStorage\vexrobotics.vexcode\sdk\cpp\V5\V5_20220726_10_00_00/vexv5\libv5rt.a(vex_global.cpp.obj)
                0x038060b4                vex::PORT11
 .rodata._ZN3vex7primaryE
                0x038060b8        0x4 c:\Users\leoku\AppData\Roaming\Code\User\globalStorage\vexrobotics.vexcode\sdk\cpp\V5\V5_20220726_10_00_00/vexv5\libv5rt.a(vex_global.cpp.obj)
                0x038060b8                vex::primary
 .rodata._ZN3vex7percentE
                0x038060bc        0x4 c:\Users\leoku\AppData\Roaming\Code\User\globalStorage\vexrobotics.vexcode\sdk\cpp\V5\V5_20220726_10_00_00/vexv5\libv5rt.a(vex_global.cpp.obj)
                0x038060bc                vex::percent
 .rodata._ZN3vex6PORT15E
                0x038060c0        0x4 c:\Users\leoku\AppData\Roaming\Code\User\globalStorage\vexrobotics.vexcode\sdk\cpp\V5\V5_20220726_10_00_00/vexv5\libv5rt.a(vex_global.cpp.obj)
                0x038060c0                vex::PORT15
 .rodata._ZN3vex6PORT19E
                0x038060c4        0x4 c:\Users\leoku\AppData\Roaming\Code\User\globalStorage\vexrobotics.vexcode\sdk\cpp\V5\V5_20220726_10_00_00/vexv5\libv5rt.a(vex_global.cpp.obj)
                0x038060c4                vex::PORT19
 .rodata._ZN3vex6PORT22E
                0x038060c8        0x4 c:\Users\leoku\AppData\Roaming\Code\User\globalStorage\vexrobotics.vexcode\sdk\cpp\V5\V5_20220726_10_00_00/vexv5\libv5rt.a(vex_global.cpp.obj)
                0x038060c8                vex::PORT22
 .rodata._ZN3vex6PORT12E
                0x038060cc        0x4 c:\Users\leoku\AppData\Roaming\Code\User\globalStorage\vexrobotics.vexcode\sdk\cpp\V5\V5_20220726_10_00_00/vexv5\libv5rt.a(vex_global.cpp.obj)
                0x038060cc                vex::PORT12
 .rodata._ZN3vex6PORT16E
                0x038060d0        0x4 c:\Users\leoku\AppData\Roaming\Code\User\globalStorage\vexrobotics.vexcode\sdk\cpp\V5\V5_20220726_10_00_00/vexv5\libv5rt.a(vex_global.cpp.obj)
                0x038060d0                vex::PORT16
 .rodata._ZN3vex9ratio18_1E
                0x038060d4        0x4 c:\Users\leoku\AppData\Roaming\Code\User\globalStorage\vexrobotics.vexcode\sdk\cpp\V5\V5_20220726_10_00_00/vexv5\libv5rt.a(vex_global.cpp.obj)
                0x038060d4                vex::ratio18_1
 .rodata._ZN3vex6PORT17E
                0x038060d8        0x4 c:\Users\leoku\AppData\Roaming\Code\User\globalStorage\vexrobotics.vexcode\sdk\cpp\V5\V5_20220726_10_00_00/vexv5\libv5rt.a(vex_global.cpp.obj)
                0x038060d8                vex::PORT17
 *fill*         0x038060dc        0x4 
 .rodata._ZTVN3vex6deviceE
                0x038060e0       0x18 c:\Users\leoku\AppData\Roaming\Code\User\globalStorage\vexrobotics.vexcode\sdk\cpp\V5\V5_20220726_10_00_00/vexv5\libv5rt.a(vex_device.cpp.obj)
                0x038060e0                vtable for vex::device
 .rodata._ZTVN3vex5motorE
                0x038060f8       0x18 c:\Users\leoku\AppData\Roaming\Code\User\globalStorage\vexrobotics.vexcode\sdk\cpp\V5\V5_20220726_10_00_00/vexv5\libv5rt.a(vex_motor.cpp.obj)
                0x038060f8                vtable for vex::motor
 .rodata.CSWTCH.16
                0x03806110        0xb c:\Users\leoku\AppData\Roaming\Code\User\globalStorage\vexrobotics.vexcode\sdk\cpp\V5\V5_20220726_10_00_00/vexv5\libv5rt.a(vex_controller.cpp.obj)
 .rodata.CSWTCH.18
                0x0380611b        0xb c:\Users\leoku\AppData\Roaming\Code\User\globalStorage\vexrobotics.vexcode\sdk\cpp\V5\V5_20220726_10_00_00/vexv5\libv5rt.a(vex_controller.cpp.obj)
 .rodata.CSWTCH.24
                0x03806126        0x3 c:\Users\leoku\AppData\Roaming\Code\User\globalStorage\vexrobotics.vexcode\sdk\cpp\V5\V5_20220726_10_00_00/vexv5\libv5rt.a(vex_controller.cpp.obj)
 .rodata.str1.1
                0x03806129       0x2b c:\Users\leoku\AppData\Roaming\Code\User\globalStorage\vexrobotics.vexcode\sdk\cpp\V5\V5_20220726_10_00_00/vexv5\libv5rt.a(vex_brain.cpp.obj)
                                 0x2d (size before relaxing)
 *fill*         0x03806154        0x4 
 .rodata._ZTVN3vex7triportE
                0x03806158       0x18 c:\Users\leoku\AppData\Roaming\Code\User\globalStorage\vexrobotics.vexcode\sdk\cpp\V5\V5_20220726_10_00_00/vexv5\libv5rt.a(vex_triport.cpp.obj)
                0x03806158                vtable for vex::triport
 .rodata.str1.1
                0x03806170       0x14 c:\Users\leoku\AppData\Roaming\Code\User\globalStorage\vexrobotics.vexcode\sdk\cpp\V5\V5_20220726_10_00_00/vexv5\libv5rt.a(vex_task.cpp.obj)
 .rodata.str1.4
                0x03806184        0x4 c:\Users\leoku\AppData\Roaming\Code\User\globalStorage\vexrobotics.vexcode\sdk\cpp\V5\V5_20220726_10_00_00/vexv5/gcc/libs\libc.a(lib_a-impure.o)
                                  0x2 (size before relaxing)
 *(.gnu.linkonce.r.*)
                0x03806188                __rodata_end = .

.rodata1        0x03806188        0x0
                0x03806188                __rodata1_start = .
 *(.rodata1)
 *(.rodata1.*)
                0x03806188                __rodata1_end = .

.sdata2         0x03806188        0x0
                0x03806188                __sdata2_start = .
 *(.sdata2)
 *(.sdata2.*)
 *(.gnu.linkonce.s2.*)
                0x03806188                __sdata2_end = .

.sbss2          0x03806188        0x0
                0x03806188                __sbss2_start = .
 *(.sbss2)
 *(.sbss2.*)
 *(.gnu.linkonce.sb2.*)
                0x03806188                __sbss2_end = .

.data           0x03806188      0x43c
                0x03806188                __data_start = .
 *(.data)
 *(.data.*)
 .data.appRunning
                0x03806188        0x4 c:\Users\leoku\AppData\Roaming\Code\User\globalStorage\vexrobotics.vexcode\sdk\cpp\V5\V5_20220726_10_00_00/vexv5\libv5rt.a(v5_startup.c.obj)
                0x03806188                appRunning
 .data.__yoff   0x0380618c        0x4 c:\Users\leoku\AppData\Roaming\Code\User\globalStorage\vexrobotics.vexcode\sdk\cpp\V5\V5_20220726_10_00_00/vexv5\libv5rt.a(v5_apijump.c.obj)
 .data._ZN3vex24__default_motor_velocityE
                0x03806190        0x4 c:\Users\leoku\AppData\Roaming\Code\User\globalStorage\vexrobotics.vexcode\sdk\cpp\V5\V5_20220726_10_00_00/vexv5\libv5rt.a(vex_motor.cpp.obj)
                0x03806190                vex::__default_motor_velocity
 *fill*         0x03806194        0x4 
 .data.impure_data
                0x03806198      0x428 c:\Users\leoku\AppData\Roaming\Code\User\globalStorage\vexrobotics.vexcode\sdk\cpp\V5\V5_20220726_10_00_00/vexv5/gcc/libs\libc.a(lib_a-impure.o)
 .data._impure_ptr
                0x038065c0        0x4 c:\Users\leoku\AppData\Roaming\Code\User\globalStorage\vexrobotics.vexcode\sdk\cpp\V5\V5_20220726_10_00_00/vexv5/gcc/libs\libc.a(lib_a-impure.o)
                0x038065c0                _impure_ptr
 *(.gnu.linkonce.d.*)
 *(.jcr)
 *(.got)
 *(.got.plt)
                0x038065c4                __data_end = .

.igot.plt       0x038065c4        0x0
 .igot.plt      0x00000000        0x0 build/src/main.o

.data1          0x038065c4        0x0
                0x038065c4                __data1_start = .
 *(.data1)
 *(.data1.*)
                0x038065c4                __data1_end = .

.got
 *(.got)

.ctors          0x038065c4        0x0
                0x038065c4                __CTOR_LIST__ = .
                0x038065c4                ___CTORS_LIST___ = .
 *crtbegin.o(.ctors)
 *(EXCLUDE_FILE(*crtend.o) .ctors)
 *(SORT(.ctors.*))
 *(.ctors)
                0x038065c4                __CTOR_END__ = .
                0x038065c4                ___CTORS_END___ = .

.dtors          0x038065c4        0x0
                0x038065c4                __DTOR_LIST__ = .
                0x038065c4                ___DTORS_LIST___ = .
 *crtbegin.o(.dtors)
 *(EXCLUDE_FILE(*crtend.o) .dtors)
 *(SORT(.dtors.*))
 *(.dtors)
                0x038065c4                __DTOR_END__ = .
                0x038065c4                ___DTORS_END___ = .

.fixup          0x038065c4        0x0
                0x038065c4                __fixup_start = .
 *(.fixup)
                0x038065c4                __fixup_end = .

.eh_frame
 *(.eh_frame)

.eh_framehdr    0x038065c4        0x0
                0x038065c4                __eh_framehdr_start = .
 *(.eh_framehdr)
                0x038065c4                __eh_framehdr_end = .

.gcc_except_table
 *(.gcc_except_table)

.mmu_tbl        0x03808000        0x0
                0x03808000                __mmu_tbl_start = .
 *(.mmu_tbl)
                0x03808000                __mmu_tbl_end = .

.ARM.exidx      0x038065c4        0x8
                0x038065c4                __exidx_start = .
 *(.ARM.exidx*)
 .ARM.exidx.text._ZN15MotorCollectionD2Ev
                0x038065c4        0x8 build/src/main.o
 .ARM.exidx.text._Z9pre_autonv
                0x038065cc        0x0 build/src/main.o
                                  0x8 (size before relaxing)
 .ARM.exidx.text._Z10autonomousv
                0x038065cc        0x0 build/src/main.o
                                  0x8 (size before relaxing)
 .ARM.exidx.text._Z11usercontrolv
                0x038065cc        0x0 build/src/main.o
                                  0x8 (size before relaxing)
 .ARM.exidx.text.main
                0x038065cc        0x0 build/src/main.o
                                  0x8 (size before relaxing)
 .ARM.exidx.text._ZNSt6vectorISsSaISsEED2Ev
                0x038065cc        0x0 build/src/main.o
                                  0x8 (size before relaxing)
 .ARM.exidx.text._ZNSt6vectorIN3vex5motorESaIS1_EED2Ev
                0x038065cc        0x0 build/src/main.o
                                  0x8 (size before relaxing)
 .ARM.exidx.text._ZNSt6vectorIN3vex5motorESaIS1_EEC2ERKS3_
                0x038065cc        0x0 build/src/main.o
                                  0x8 (size before relaxing)
 .ARM.exidx.text._ZNSt6vectorISsSaISsEEC2ERKS1_
                0x038065cc        0x0 build/src/main.o
                                  0x8 (size before relaxing)
 .ARM.exidx.text._ZNSt12_Vector_baseIN3vex5motorESaIS1_EE11_M_allocateEj
                0x038065cc        0x0 build/src/main.o
                                  0x8 (size before relaxing)
 .ARM.exidx.text._ZNSt12_Vector_baseISsSaISsEE11_M_allocateEj
                0x038065cc        0x0 build/src/main.o
                                  0x8 (size before relaxing)
 .ARM.exidx.text._GLOBAL__sub_I_main.cpp
                0x038065cc        0x0 build/src/main.o
                                  0x8 (size before relaxing)
 .ARM.exidx.text._Z7drawGUI15MotorCollectionSs
                0x038065cc        0x0 build/src/gui.o
                                  0x8 (size before relaxing)
 .ARM.exidx.text._Z4turniSsi
                0x038065cc        0x0 build/src/auton.o
                                  0x8 (size before relaxing)
 .ARM.exidx.text._Z5driveiSsi
                0x038065cc        0x0 build/src/auton.o
                                  0x8 (size before relaxing)
 .ARM.exidx.text._ZN15MotorCollection8addMotorEN3vex5motorESs
                0x038065cc        0x0 build/src/robot-config.o
                                  0x8 (size before relaxing)
 .ARM.exidx.text._ZNSt6vectorIN3vex5motorESaIS1_EE9push_backERKS1_
                0x038065cc        0x0 build/src/robot-config.o
                                  0x8 (size before relaxing)
 .ARM.exidx.text._ZNSt6vectorISsSaISsEE9push_backERKSs
                0x038065cc        0x0 build/src/robot-config.o
                                  0x8 (size before relaxing)
 .ARM.exidx.text._ZN15MotorCollection11isConnectedEv
                0x038065cc        0x0 build/src/robot-config.o
                                  0x8 (size before relaxing)
 .ARM.exidx.text._ZNSt6vectorIbSaIbEE9push_backEb
                0x038065cc        0x0 build/src/robot-config.o
                                  0x8 (size before relaxing)
 .ARM.exidx.text._ZN15MotorCollection16checkDriveMotorsEv
                0x038065cc        0x0 build/src/robot-config.o
                                  0x8 (size before relaxing)
 .ARM.exidx.text._ZN15MotorCollection15returnPositionsEv
                0x038065cc        0x0 build/src/robot-config.o
                                  0x8 (size before relaxing)
 .ARM.exidx.text._Z9to_stringIdESsT_
                0x038065cc        0x0 build/src/robot-config.o
                                  0x8 (size before relaxing)
 .ARM.exidx.text._ZN15MotorCollection16returnVelocitiesEv
                0x038065cc        0x0 build/src/robot-config.o
                                  0x8 (size before relaxing)
 .ARM.exidx.text._ZN15MotorCollection12returnTorqueEv
                0x038065cc        0x0 build/src/robot-config.o
                                  0x8 (size before relaxing)
 .ARM.exidx.text._ZN15MotorCollection18returnTemperaturesEv
                0x038065cc        0x0 build/src/robot-config.o
                                  0x8 (size before relaxing)
 .ARM.exidx.text._ZN3vex11motor_groupC2IJNS_5motorES2_S2_S2_S2_S2_S2_EEERS2_DpRT_
                0x038065cc        0x0 build/src/robot-config.o
                                  0x8 (size before relaxing)
 .ARM.exidx.text._ZN3vex11motor_groupC2IJNS_5motorES2_S2_EEERS2_DpRT_
                0x038065cc        0x0 build/src/robot-config.o
                                  0x8 (size before relaxing)
 .ARM.exidx.text._ZNSt6vectorIN3vex5motorESaIS1_EE19_M_emplace_back_auxIJRKS1_EEEvDpOT_
                0x038065cc        0x0 build/src/robot-config.o
                                  0x8 (size before relaxing)
 .ARM.exidx.text._ZNKSt6vectorIN3vex5motorESaIS1_EE12_M_check_lenEjPKc
                0x038065cc        0x0 build/src/robot-config.o
                                  0x8 (size before relaxing)
 .ARM.exidx.text._ZNSt6vectorISsSaISsEE19_M_emplace_back_auxIJRKSsEEEvDpOT_
                0x038065cc        0x0 build/src/robot-config.o
                                  0x8 (size before relaxing)
 .ARM.exidx.text._ZNKSt6vectorISsSaISsEE12_M_check_lenEjPKc
                0x038065cc        0x0 build/src/robot-config.o
                                  0x8 (size before relaxing)
 .ARM.exidx.text._ZNSt6vectorIbSaIbEE13_M_insert_auxESt13_Bit_iteratorb
                0x038065cc        0x0 build/src/robot-config.o
                                  0x8 (size before relaxing)
 .ARM.exidx.text._ZNKSt6vectorIbSaIbEE12_M_check_lenEjPKc
                0x038065cc        0x0 build/src/robot-config.o
                                  0x8 (size before relaxing)
 .ARM.exidx.text._ZNSt6vectorIbSaIbEE15_M_copy_alignedESt19_Bit_const_iteratorS2_St13_Bit_iterator
                0x038065cc        0x0 build/src/robot-config.o
                                  0x8 (size before relaxing)
 .ARM.exidx.text._ZNSt20__copy_move_backwardILb0ELb0ESt26random_access_iterator_tagE13__copy_move_bISt13_Bit_iteratorS3_EET0_T_S5_S4_
                0x038065cc        0x0 build/src/robot-config.o
                                  0x8 (size before relaxing)
 .ARM.exidx.text._ZNSt11__copy_moveILb0ELb0ESt26random_access_iterator_tagE8__copy_mISt19_Bit_const_iteratorSt13_Bit_iteratorEET0_T_S6_S5_
                0x038065cc        0x0 build/src/robot-config.o
                                  0x8 (size before relaxing)
 .ARM.exidx.text._ZNSt11__copy_moveILb0ELb0ESt26random_access_iterator_tagE8__copy_mISt13_Bit_iteratorS3_EET0_T_S5_S4_
                0x038065cc        0x0 build/src/robot-config.o
                                  0x8 (size before relaxing)
 .ARM.exidx.text._ZSt9__find_ifIN9__gnu_cxx17__normal_iteratorIPSsSt6vectorISsSaISsEEEENS0_5__ops16_Iter_equals_valIA3_KcEEET_SC_SC_T0_St26random_access_iterator_tag
                0x038065cc        0x0 build/src/robot-config.o
                                  0x8 (size before relaxing)
 .ARM.exidx.text._ZNSt6vectorISsSaISsEE19_M_emplace_back_auxIJSsEEEvDpOT_
                0x038065cc        0x0 build/src/robot-config.o
                                  0x8 (size before relaxing)
 .ARM.exidx.text._ZN3vex11motor_group9_addMotorIJNS_5motorES2_S2_S2_EEEvRS2_DpRT_
                0x038065cc        0x0 build/src/robot-config.o
                                  0x8 (size before relaxing)
 .ARM.exidx.text._GLOBAL__sub_I_robot_config.cpp
                0x038065cc        0x0 build/src/robot-config.o
                                  0x8 (size before relaxing)
 *(.gnu.linkonce.armexidix.*.*)
                0x038065cc                __exidx_end = .

.rel.dyn        0x038065cc        0x0
 .rel.iplt      0x00000000        0x0 build/src/main.o

.preinit_array  0x038065cc        0x0
                0x038065cc                __preinit_array_start = .
 *(SORT(.preinit_array.*))
 *(.preinit_array)
                0x038065cc                __preinit_array_end = .

.init_array     0x038065cc        0xc
                0x038065cc                __init_array_start = .
 *(SORT(.init_array.*))
 *(.init_array)
 .init_array    0x038065cc        0x4 build/src/main.o
 .init_array    0x038065d0        0x4 build/src/robot-config.o
 .init_array    0x038065d4        0x4 c:\Users\leoku\AppData\Roaming\Code\User\globalStorage\vexrobotics.vexcode\sdk\cpp\V5\V5_20220726_10_00_00/vexv5\libv5rt.a(vex_color.cpp.obj)
                0x038065d8                __init_array_end = .

.fini_array     0x038065d8        0x0
                0x038065d8                __fini_array_start = .
 *(SORT(.fini_array.*))
 *(.fini_array)
                0x038065d8                __fini_array_end = .

.ARM.attributes
                0x038065d8       0x3a
                0x038065d8                __ARM.attributes_start = .
 *(.ARM.attributes)
 .ARM.attributes
                0x038065d8       0x3a build/src/main.o
 .ARM.attributes
                0x03806612       0x3a build/src/gui.o
 .ARM.attributes
                0x0380664c       0x3a build/src/auton.o
 .ARM.attributes
                0x03806686       0x3a build/src/robot-config.o
 .ARM.attributes
                0x038066c0       0x35 c:\Users\leoku\AppData\Roaming\Code\User\globalStorage\vexrobotics.vexcode\sdk\cpp\V5\V5_20220726_10_00_00/vexv5\libv5rt.a(v5_startup.c.obj)
 .ARM.attributes
                0x038066f5       0x35 c:\Users\leoku\AppData\Roaming\Code\User\globalStorage\vexrobotics.vexcode\sdk\cpp\V5\V5_20220726_10_00_00/vexv5\libv5rt.a(v5_util.c.obj)
 .ARM.attributes
                0x0380672a       0x35 c:\Users\leoku\AppData\Roaming\Code\User\globalStorage\vexrobotics.vexcode\sdk\cpp\V5\V5_20220726_10_00_00/vexv5\libv5rt.a(v5_apijump.c.obj)
 .ARM.attributes
                0x0380675f       0x35 c:\Users\leoku\AppData\Roaming\Code\User\globalStorage\vexrobotics.vexcode\sdk\cpp\V5\V5_20220726_10_00_00/vexv5\libv5rt.a(v5_apiversions.c.obj)
 .ARM.attributes
                0x03806794       0x35 c:\Users\leoku\AppData\Roaming\Code\User\globalStorage\vexrobotics.vexcode\sdk\cpp\V5\V5_20220726_10_00_00/vexv5\libv5rt.a(vex_global.cpp.obj)
 .ARM.attributes
                0x038067c9       0x35 c:\Users\leoku\AppData\Roaming\Code\User\globalStorage\vexrobotics.vexcode\sdk\cpp\V5\V5_20220726_10_00_00/vexv5\libv5rt.a(vex_device.cpp.obj)
 .ARM.attributes
                0x038067fe       0x35 c:\Users\leoku\AppData\Roaming\Code\User\globalStorage\vexrobotics.vexcode\sdk\cpp\V5\V5_20220726_10_00_00/vexv5\libv5rt.a(vex_motor.cpp.obj)
 .ARM.attributes
                0x03806833       0x35 c:\Users\leoku\AppData\Roaming\Code\User\globalStorage\vexrobotics.vexcode\sdk\cpp\V5\V5_20220726_10_00_00/vexv5\libv5rt.a(vex_controller.cpp.obj)
 .ARM.attributes
                0x03806868       0x35 c:\Users\leoku\AppData\Roaming\Code\User\globalStorage\vexrobotics.vexcode\sdk\cpp\V5\V5_20220726_10_00_00/vexv5\libv5rt.a(vex_thread.cpp.obj)
 .ARM.attributes
                0x0380689d       0x35 c:\Users\leoku\AppData\Roaming\Code\User\globalStorage\vexrobotics.vexcode\sdk\cpp\V5\V5_20220726_10_00_00/vexv5\libv5rt.a(vex_event.cpp.obj)
 .ARM.attributes
                0x038068d2       0x35 c:\Users\leoku\AppData\Roaming\Code\User\globalStorage\vexrobotics.vexcode\sdk\cpp\V5\V5_20220726_10_00_00/vexv5\libv5rt.a(vex_mevent.cpp.obj)
 .ARM.attributes
                0x03806907       0x35 c:\Users\leoku\AppData\Roaming\Code\User\globalStorage\vexrobotics.vexcode\sdk\cpp\V5\V5_20220726_10_00_00/vexv5\libv5rt.a(vex_brain.cpp.obj)
 .ARM.attributes
                0x0380693c       0x35 c:\Users\leoku\AppData\Roaming\Code\User\globalStorage\vexrobotics.vexcode\sdk\cpp\V5\V5_20220726_10_00_00/vexv5\libv5rt.a(vex_competition.cpp.obj)
 .ARM.attributes
                0x03806971       0x35 c:\Users\leoku\AppData\Roaming\Code\User\globalStorage\vexrobotics.vexcode\sdk\cpp\V5\V5_20220726_10_00_00/vexv5\libv5rt.a(vex_triport.cpp.obj)
 .ARM.attributes
                0x038069a6       0x35 c:\Users\leoku\AppData\Roaming\Code\User\globalStorage\vexrobotics.vexcode\sdk\cpp\V5\V5_20220726_10_00_00/vexv5\libv5rt.a(vex_color.cpp.obj)
 .ARM.attributes
                0x038069db       0x35 c:\Users\leoku\AppData\Roaming\Code\User\globalStorage\vexrobotics.vexcode\sdk\cpp\V5\V5_20220726_10_00_00/vexv5\libv5rt.a(vex_timer.cpp.obj)
 .ARM.attributes
                0x03806a10       0x35 c:\Users\leoku\AppData\Roaming\Code\User\globalStorage\vexrobotics.vexcode\sdk\cpp\V5\V5_20220726_10_00_00/vexv5\libv5rt.a(vex_motorgroup.cpp.obj)
 .ARM.attributes
                0x03806a45       0x35 c:\Users\leoku\AppData\Roaming\Code\User\globalStorage\vexrobotics.vexcode\sdk\cpp\V5\V5_20220726_10_00_00/vexv5\libv5rt.a(v5_apiuser.c.obj)
 .ARM.attributes
                0x03806a7a       0x35 c:\Users\leoku\AppData\Roaming\Code\User\globalStorage\vexrobotics.vexcode\sdk\cpp\V5\V5_20220726_10_00_00/vexv5\libv5rt.a(vex_task.cpp.obj)
 .ARM.attributes
                0x03806aaf       0x19 c:\Users\leoku\AppData\Roaming\Code\User\globalStorage\vexrobotics.vexcode\sdk\cpp\V5\V5_20220726_10_00_00/vexv5/gcc/libs\libc.a(lib_a-aeabi_memmove-soft.o)
 .ARM.attributes
                0x03806ac8       0x2b c:\Users\leoku\AppData\Roaming\Code\User\globalStorage\vexrobotics.vexcode\sdk\cpp\V5\V5_20220726_10_00_00/vexv5/gcc/libs\libc.a(lib_a-fini.o)
 .ARM.attributes
                0x03806af3       0x2b c:\Users\leoku\AppData\Roaming\Code\User\globalStorage\vexrobotics.vexcode\sdk\cpp\V5\V5_20220726_10_00_00/vexv5/gcc/libs\libc.a(lib_a-impure.o)
 .ARM.attributes
                0x03806b1e       0x2b c:\Users\leoku\AppData\Roaming\Code\User\globalStorage\vexrobotics.vexcode\sdk\cpp\V5\V5_20220726_10_00_00/vexv5/gcc/libs\libc.a(lib_a-init.o)
                0x03806b49                __ARM.attributes_end = .

.sdata          0x038065d8        0x0
                0x038065d8                __sdata_start = .
 *(.sdata)
 *(.sdata.*)
 *(.gnu.linkonce.s.*)
                0x038065d8                __sdata_end = .

.sbss           0x038065d8        0x0
                0x038065d8                __sbss_start = .
 *(.sbss)
 *(.sbss.*)
 *(.gnu.linkonce.sb.*)
                0x038065d8                __sbss_end = .

.tdata          0x038065d8        0x0
                0x038065d8                __tdata_start = .
 *(.tdata)
 *(.tdata.*)
 *(.gnu.linkonce.td.*)
                0x038065d8                __tdata_end = .

.tbss           0x038065d8        0x0
                0x038065d8                __tbss_start = .
 *(.tbss)
 *(.tbss.*)
 *(.gnu.linkonce.tb.*)
                0x038065d8                __tbss_end = .

.bss            0x038065d8      0x784
                0x038065d8                __bss_start = .
 *(.bss)
 *(.bss.*)
 .bss.myMotorCollection
                0x038065d8       0x18 build/src/main.o
                0x038065d8                myMotorCollection
 .bss.motorList