Archive member included because of file (symbol)

c:\Users\leoku\AppData\Roaming\Code\User\globalStorage\vexrobotics.vexcode\sdk\cpp\V5\V5_20220726_10_00_00/vexv5\libv5rt.a(v5_startup.c.obj)
                              (vexStartup)
c:\Users\leoku\AppData\Roaming\Code\User\globalStorage\vexrobotics.vexcode\sdk\cpp\V5\V5_20220726_10_00_00/vexv5\libv5rt.a(v5_util.c.obj)
                              c:\Users\leoku\AppData\Roaming\Code\User\globalStorage\vexrobotics.vexcode\sdk\cpp\V5\V5_20220726_10_00_00/vexv5\libv5rt.a(v5_startup.c.obj) (vexStdlibVersionLinked)
c:\Users\leoku\AppData\Roaming\Code\User\globalStorage\vexrobotics.vexcode\sdk\cpp\V5\V5_20220726_10_00_00/vexv5\libv5rt.a(v5_apijump.c.obj)
                              c:\Users\leoku\AppData\Roaming\Code\User\globalStorage\vexrobotics.vexcode\sdk\cpp\V5\V5_20220726_10_00_00/vexv5\libv5rt.a(v5_startup.c.obj) (vexPrivateApiEnable)
c:\Users\leoku\AppData\Roaming\Code\User\globalStorage\vexrobotics.vexcode\sdk\cpp\V5\V5_20220726_10_00_00/vexv5\libv5rt.a(v5_apiversions.c.obj)
                              c:\Users\leoku\AppData\Roaming\Code\User\globalStorage\vexrobotics.vexcode\sdk\cpp\V5\V5_20220726_10_00_00/vexv5\libv5rt.a(v5_apijump.c.obj) (vexSystemVersion)
c:\Users\leoku\AppData\Roaming\Code\User\globalStorage\vexrobotics.vexcode\sdk\cpp\V5\V5_20220726_10_00_00/vexv5\libv5rt.a(vex_global.cpp.obj)
                              build/src/main.o (vex::wait(double, vex::timeUnits))
c:\Users\leoku\AppData\Roaming\Code\User\globalStorage\vexrobotics.vexcode\sdk\cpp\V5\V5_20220726_10_00_00/vexv5\libv5rt.a(vex_motor.cpp.obj)
                              build/src/robot-config.o (vex::motor::~motor())
c:\Users\leoku\AppData\Roaming\Code\User\globalStorage\vexrobotics.vexcode\sdk\cpp\V5\V5_20220726_10_00_00/vexv5\libv5rt.a(vex_rotation.cpp.obj)
                              build/src/robot-config.o (vex::rotation::~rotation())
c:\Users\leoku\AppData\Roaming\Code\User\globalStorage\vexrobotics.vexcode\sdk\cpp\V5\V5_20220726_10_00_00/vexv5\libv5rt.a(vex_controller.cpp.obj)
                              build/src/robot-config.o (vex::controller::~controller())
c:\Users\leoku\AppData\Roaming\Code\User\globalStorage\vexrobotics.vexcode\sdk\cpp\V5\V5_20220726_10_00_00/vexv5\libv5rt.a(vex_task.cpp.obj)
                              build/src/auton-funcs.o (vex::task::sleep(unsigned long))
c:\Users\leoku\AppData\Roaming\Code\User\globalStorage\vexrobotics.vexcode\sdk\cpp\V5\V5_20220726_10_00_00/vexv5\libv5rt.a(vex_thread.cpp.obj)
                              c:\Users\leoku\AppData\Roaming\Code\User\globalStorage\vexrobotics.vexcode\sdk\cpp\V5\V5_20220726_10_00_00/vexv5\libv5rt.a(vex_global.cpp.obj) (vex::this_thread::sleep_for(unsigned long))
c:\Users\leoku\AppData\Roaming\Code\User\globalStorage\vexrobotics.vexcode\sdk\cpp\V5\V5_20220726_10_00_00/vexv5\libv5rt.a(vex_event.cpp.obj)
                              c:\Users\leoku\AppData\Roaming\Code\User\globalStorage\vexrobotics.vexcode\sdk\cpp\V5\V5_20220726_10_00_00/vexv5\libv5rt.a(vex_rotation.cpp.obj) (vex::event::init(unsigned long, unsigned long, void (*)()))
c:\Users\leoku\AppData\Roaming\Code\User\globalStorage\vexrobotics.vexcode\sdk\cpp\V5\V5_20220726_10_00_00/vexv5\libv5rt.a(vex_mevent.cpp.obj)
                              c:\Users\leoku\AppData\Roaming\Code\User\globalStorage\vexrobotics.vexcode\sdk\cpp\V5\V5_20220726_10_00_00/vexv5\libv5rt.a(vex_controller.cpp.obj) (vex::mevent::mevent(unsigned long, unsigned long))
c:\Users\leoku\AppData\Roaming\Code\User\globalStorage\vexrobotics.vexcode\sdk\cpp\V5\V5_20220726_10_00_00/vexv5\libv5rt.a(vex_brain.cpp.obj)
                              build/src/robot-config.o (vex::brain::brain())
c:\Users\leoku\AppData\Roaming\Code\User\globalStorage\vexrobotics.vexcode\sdk\cpp\V5\V5_20220726_10_00_00/vexv5\libv5rt.a(vex_competition.cpp.obj)
                              build/src/robot-config.o (vex::competition::competition())
c:\Users\leoku\AppData\Roaming\Code\User\globalStorage\vexrobotics.vexcode\sdk\cpp\V5\V5_20220726_10_00_00/vexv5\libv5rt.a(vex_triport.cpp.obj)
                              c:\Users\leoku\AppData\Roaming\Code\User\globalStorage\vexrobotics.vexcode\sdk\cpp\V5\V5_20220726_10_00_00/vexv5\libv5rt.a(vex_brain.cpp.obj) (vex::triport::~triport())
c:\Users\leoku\AppData\Roaming\Code\User\globalStorage\vexrobotics.vexcode\sdk\cpp\V5\V5_20220726_10_00_00/vexv5\libv5rt.a(vex_color.cpp.obj)
                              c:\Users\leoku\AppData\Roaming\Code\User\globalStorage\vexrobotics.vexcode\sdk\cpp\V5\V5_20220726_10_00_00/vexv5\libv5rt.a(vex_brain.cpp.obj) (vex::color::operator unsigned long() const)
c:\Users\leoku\AppData\Roaming\Code\User\globalStorage\vexrobotics.vexcode\sdk\cpp\V5\V5_20220726_10_00_00/vexv5\libv5rt.a(vex_timer.cpp.obj)
                              c:\Users\leoku\AppData\Roaming\Code\User\globalStorage\vexrobotics.vexcode\sdk\cpp\V5\V5_20220726_10_00_00/vexv5\libv5rt.a(vex_brain.cpp.obj) (vex::timer::~timer())
[...]
Memory Configuration

Name             Origin             Length             Attributes
ps7_ddr_0_S_AXI_BASEADDR 0x03800000         0x04800000
*default*        0x00000000         0xffffffff

Linker script and memory map

                0x00002000                _STACK_SIZE = DEFINED (_STACK_SIZE)?_STACK_SIZE:0x2000
                0x00100000                _HEAP_SIZE = DEFINED (_HEAP_SIZE)?_HEAP_SIZE:0x100000
                0x00000400                _ABORT_STACK_SIZE = DEFINED (_ABORT_STACK_SIZE)?_ABORT_STACK_SIZE:0x400
                0x00000800                _SUPERVISOR_STACK_SIZE = DEFINED (_SUPERVISOR_STACK_SIZE)?_SUPERVISOR_STACK_SIZE:0x800
                0x00000400                _IRQ_STACK_SIZE = DEFINED (_IRQ_STACK_SIZE)?_IRQ_STACK_SIZE:0x400
                0x00000400                _FIQ_STACK_SIZE = DEFINED (_FIQ_STACK_SIZE)?_FIQ_STACK_SIZE:0x400
                0x00000400                _UNDEF_STACK_SIZE = DEFINED (_UNDEF_STACK_SIZE)?_UNDEF_STACK_SIZE:0x400

.text           0x03800000     0x2e68
 *(.vectors)
 *(.boot_data)
 .boot_data     0x03800000       0x20 c:\Users\leoku\AppData\Roaming\Code\User\globalStorage\vexrobotics.vexcode\sdk\cpp\V5\V5_20220726_10_00_00/vexv5\libv5rt.a(v5_startup.c.obj)
                0x03800000                vexCodeSig
                0x00000020                . = 0x20
 *(.boot)
 .boot          0x03800020       0xbc c:\Users\leoku\AppData\Roaming\Code\User\globalStorage\vexrobotics.vexcode\sdk\cpp\V5\V5_20220726_10_00_00/vexv5\libv5rt.a(v5_startup.c.obj)
                0x03800020                vexStartup
                0x03800100                . = ALIGN (0x40)
 *fill*         0x038000dc       0x24 
 *(.freertos_vectors)
 *(.text)
 *(.text.*)
 .text._Z9pre_autonv
                0x03800100      0x240 build/src/main.o
                0x03800100                pre_auton()
 .text._Z10autonomousv
                0x03800340       0x78 build/src/main.o
                0x03800340                autonomous()
 .text._Z11usercontrolv
                0x038003b8      0x2e0 build/src/main.o
                0x038003b8                usercontrol()
 .text.main     0x03800698       0x68 build/src/main.o
                0x03800698                main
 .text._GLOBAL__sub_I_main.cpp
                0x03800700       0x34 build/src/main.o
 .text._Z5drivef
                0x03800734       0xdc build/src/auton-funcs.o
                0x03800734                drive(float)
 .text._Z9turnRightf
                0x03800810       0xf8 build/src/auton-funcs.o
                0x03800810                turnRight(float)
 .text._GLOBAL__sub_I_special_prog.cpp
                0x03800908       0x88 build/src/special_prog.o
 .text._GLOBAL__sub_I_robot_config.cpp
                0x03800990      0x318 build/src/robot-config.o
 .text.vexMain  0x03800ca8       0xb0 c:\Users\leoku\AppData\Roaming\Code\User\globalStorage\vexrobotics.vexcode\sdk\cpp\V5\V5_20220726_10_00_00/vexv5\libv5rt.a(v5_startup.c.obj)
                0x03800ca8                vexMain
 .text.__vex_function_prolog
                0x03800d58       0x18 c:\Users\leoku\AppData\Roaming\Code\User\globalStorage\vexrobotics.vexcode\sdk\cpp\V5\V5_20220726_10_00_00/vexv5\libv5rt.a(v5_startup.c.obj)
                0x03800d58                __vex_function_prolog
 .text._init    0x03800d70        0x4 c:\Users\leoku\AppData\Roaming\Code\User\globalStorage\vexrobotics.vexcode\sdk\cpp\V5\V5_20220726_10_00_00/vexv5\libv5rt.a(v5_startup.c.obj)
                0x03800d70                _init
 .text._fini    0x03800d74        0x4 c:\Users\leoku\AppData\Roaming\Code\User\globalStorage\vexrobotics.vexcode\sdk\cpp\V5\V5_20220726_10_00_00/vexv5\libv5rt.a(v5_startup.c.obj)
                0x03800d74                _fini
 .text.vexStdlibVersionLinked
                0x03800d78        0xc c:\Users\leoku\AppData\Roaming\Code\User\globalStorage\vexrobotics.vexcode\sdk\cpp\V5\V5_20220726_10_00_00/vexv5\libv5rt.a(v5_util.c.obj)
                0x03800d78                vexStdlibVersionLinked
 .text.vexStdlibVersionVerify
                0x03800d84       0x30 c:\Users\leoku\AppData\Roaming\Code\User\globalStorage\vexrobotics.vexcode\sdk\cpp\V5\V5_20220726_10_00_00/vexv5\libv5rt.a(v5_util.c.obj)
                0x03800d84                vexStdlibVersionVerify
 .text.vexPrivateApiEnable
                0x03800db4       0x10 c:\Users\leoku\AppData\Roaming\Code\User\globalStorage\vexrobotics.vexcode\sdk\cpp\V5\V5_20220726_10_00_00/vexv5\libv5rt.a(v5_apijump.c.obj)
                0x03800db4                vexPrivateApiEnable
 .text.vexStdlibMismatchError
                0x03800dc4       0x3c c:\Users\leoku\AppData\Roaming\Code\User\globalStorage\vexrobotics.vexcode\sdk\cpp\V5\V5_20220726_10_00_00/vexv5\libv5rt.a(v5_apijump.c.obj)
                0x03800dc4                vexStdlibMismatchError
 .text.vexTaskAdd
                0x03800e00       0x10 c:\Users\leoku\AppData\Roaming\Code\User\globalStorage\vexrobotics.vexcode\sdk\cpp\V5\V5_20220726_10_00_00/vexv5\libv5rt.a(v5_apijump.c.obj)
                0x03800e00                vexTaskAdd
 .text.vexTasksRun
                0x03800e10       0x10 c:\Users\leoku\AppData\Roaming\Code\User\globalStorage\vexrobotics.vexcode\sdk\cpp\V5\V5_20220726_10_00_00/vexv5\libv5rt.a(v5_apijump.c.obj)
                0x03800e10                vexTasksRun
 .text.vexTaskYield
                0x03800e20       0x10 c:\Users\leoku\AppData\Roaming\Code\User\globalStorage\vexrobotics.vexcode\sdk\cpp\V5\V5_20220726_10_00_00/vexv5\libv5rt.a(v5_apijump.c.obj)
                0x03800e20                vexTaskYield
 .text.vexTaskCheckTimeslice
                0x03800e30       0x10 c:\Users\leoku\AppData\Roaming\Code\User\globalStorage\vexrobotics.vexcode\sdk\cpp\V5\V5_20220726_10_00_00/vexv5\libv5rt.a(v5_apijump.c.obj)
                0x03800e30                vexTaskCheckTimeslice
 .text.vexTaskSleep
                0x03800e40       0x10 c:\Users\leoku\AppData\Roaming\Code\User\globalStorage\vexrobotics.vexcode\sdk\cpp\V5\V5_20220726_10_00_00/vexv5\libv5rt.a(v5_apijump.c.obj)
                0x03800e40                vexTaskSleep
 .text.vexTasksDump
                0x03800e50       0x1c c:\Users\leoku\AppData\Roaming\Code\User\globalStorage\vexrobotics.vexcode\sdk\cpp\V5\V5_20220726_10_00_00/vexv5\libv5rt.a(v5_apijump.c.obj)
                0x03800e50                vexTasksDump
 .text.vexTaskGetTaskIndex
                0x03800e6c       0x10 c:\Users\leoku\AppData\Roaming\Code\User\globalStorage\vexrobotics.vexcode\sdk\cpp\V5\V5_20220726_10_00_00/vexv5\libv5rt.a(v5_apijump.c.obj)
                0x03800e6c                vexTaskGetTaskIndex
 .text.vexTaskStopAll
                0x03800e7c       0x10 c:\Users\leoku\AppData\Roaming\Code\User\globalStorage\vexrobotics.vexcode\sdk\cpp\V5\V5_20220726_10_00_00/vexv5\libv5rt.a(v5_apijump.c.obj)
                0x03800e7c                vexTaskStopAll
 .text.vexTaskRemoveAllUser
                0x03800e8c       0x34 c:\Users\leoku\AppData\Roaming\Code\User\globalStorage\vexrobotics.vexcode\sdk\cpp\V5\V5_20220726_10_00_00/vexv5\libv5rt.a(v5_apijump.c.obj)
                0x03800e8c                vexTaskRemoveAllUser
 .text.vexTaskCompletionIdSet
                0x03800ec0       0x10 c:\Users\leoku\AppData\Roaming\Code\User\globalStorage\vexrobotics.vexcode\sdk\cpp\V5\V5_20220726_10_00_00/vexv5\libv5rt.a(v5_apijump.c.obj)
                0x03800ec0                vexTaskCompletionIdSet
 .text.vexTaskStopWithId
                0x03800ed0       0x10 c:\Users\leoku\AppData\Roaming\Code\User\globalStorage\vexrobotics.vexcode\sdk\cpp\V5\V5_20220726_10_00_00/vexv5\libv5rt.a(v5_apijump.c.obj)
                0x03800ed0                vexTaskStopWithId
 .text.vexCriticalSection
                0x03800ee0       0x2c c:\Users\leoku\AppData\Roaming\Code\User\globalStorage\vexrobotics.vexcode\sdk\cpp\V5\V5_20220726_10_00_00/vexv5\libv5rt.a(v5_apijump.c.obj)
                0x03800ee0                vexCriticalSection
 .text.vexEventAdd
                0x03800f0c       0x34 c:\Users\leoku\AppData\Roaming\Code\User\globalStorage\vexrobotics.vexcode\sdk\cpp\V5\V5_20220726_10_00_00/vexv5\libv5rt.a(v5_apijump.c.obj)
                0x03800f0c                vexEventAdd
 .text.vexEventUserIndexGet
                0x03800f40       0x1c c:\Users\leoku\AppData\Roaming\Code\User\globalStorage\vexrobotics.vexcode\sdk\cpp\V5\V5_20220726_10_00_00/vexv5\libv5rt.a(v5_apijump.c.obj)
                0x03800f40                vexEventUserIndexGet
 .text.vexEventAddWithArg
                0x03800f5c       0x3c c:\Users\leoku\AppData\Roaming\Code\User\globalStorage\vexrobotics.vexcode\sdk\cpp\V5\V5_20220726_10_00_00/vexv5\libv5rt.a(v5_apijump.c.obj)
                0x03800f5c                vexEventAddWithArg
 .text.vexEventsCleanup
                0x03800f98       0x2c c:\Users\leoku\AppData\Roaming\Code\User\globalStorage\vexrobotics.vexcode\sdk\cpp\V5\V5_20220726_10_00_00/vexv5\libv5rt.a(v5_apijump.c.obj)
                0x03800f98                vexEventsCleanup
 .text.vexDebug
                0x03800fc4       0x38 c:\Users\leoku\AppData\Roaming\Code\User\globalStorage\vexrobotics.vexcode\sdk\cpp\V5\V5_20220726_10_00_00/vexv5\libv5rt.a(v5_apijump.c.obj)
                0x03800fc4                vexDebug
 .text.vex_sprintf
                0x03800ffc       0x40 c:\Users\leoku\AppData\Roaming\Code\User\globalStorage\vexrobotics.vexcode\sdk\cpp\V5\V5_20220726_10_00_00/vexv5\libv5rt.a(v5_apijump.c.obj)
                0x03800ffc                vex_sprintf
 .text.vexSystemTimeGet
                0x0380103c       0x1c c:\Users\leoku\AppData\Roaming\Code\User\globalStorage\vexrobotics.vexcode\sdk\cpp\V5\V5_20220726_10_00_00/vexv5\libv5rt.a(v5_apijump.c.obj)
                0x0380103c                vexSystemTimeGet
 .text.vexSystemExitRequest
                0x03801058       0x1c c:\Users\leoku\AppData\Roaming\Code\User\globalStorage\vexrobotics.vexcode\sdk\cpp\V5\V5_20220726_10_00_00/vexv5\libv5rt.a(v5_apijump.c.obj)
                0x03801058                vexSystemExitRequest
 .text.vexDeviceGetByIndex
                0x03801074       0x24 c:\Users\leoku\AppData\Roaming\Code\User\globalStorage\vexrobotics.vexcode\sdk\cpp\V5\V5_20220726_10_00_00/vexv5\libv5rt.a(v5_apijump.c.obj)
                0x03801074                vexDeviceGetByIndex
 .text.vexControllerGet
                0x03801098       0x2c c:\Users\leoku\AppData\Roaming\Code\User\globalStorage\vexrobotics.vexcode\sdk\cpp\V5\V5_20220726_10_00_00/vexv5\libv5rt.a(v5_apijump.c.obj)
                0x03801098                vexControllerGet
 .text.vexDeviceMotorVelocitySet
                0x038010c4       0x2c c:\Users\leoku\AppData\Roaming\Code\User\globalStorage\vexrobotics.vexcode\sdk\cpp\V5\V5_20220726_10_00_00/vexv5\libv5rt.a(v5_apijump.c.obj)
                0x038010c4                vexDeviceMotorVelocitySet
 .text.vexDeviceMotorVelocityGet
                0x038010f0       0x24 c:\Users\leoku\AppData\Roaming\Code\User\globalStorage\vexrobotics.vexcode\sdk\cpp\V5\V5_20220726_10_00_00/vexv5\libv5rt.a(v5_apijump.c.obj)
                0x038010f0                vexDeviceMotorVelocityGet
 .text.vexDeviceMotorActualVelocityGet
                0x03801114       0x24 c:\Users\leoku\AppData\Roaming\Code\User\globalStorage\vexrobotics.vexcode\sdk\cpp\V5\V5_20220726_10_00_00/vexv5\libv5rt.a(v5_apijump.c.obj)
                0x03801114                vexDeviceMotorActualVelocityGet
 .text.vexDeviceMotorModeGet
                0x03801138       0x24 c:\Users\leoku\AppData\Roaming\Code\User\globalStorage\vexrobotics.vexcode\sdk\cpp\V5\V5_20220726_10_00_00/vexv5\libv5rt.a(v5_apijump.c.obj)
                0x03801138                vexDeviceMotorModeGet
 .text.vexDeviceMotorCurrentLimitSet
                0x0380115c       0x2c c:\Users\leoku\AppData\Roaming\Code\User\globalStorage\vexrobotics.vexcode\sdk\cpp\V5\V5_20220726_10_00_00/vexv5\libv5rt.a(v5_apijump.c.obj)
                0x0380115c                vexDeviceMotorCurrentLimitSet
 .text.vexDeviceMotorZeroPositionFlagGet
                0x03801188       0x24 c:\Users\leoku\AppData\Roaming\Code\User\globalStorage\vexrobotics.vexcode\sdk\cpp\V5\V5_20220726_10_00_00/vexv5\libv5rt.a(v5_apijump.c.obj)
                0x03801188                vexDeviceMotorZeroPositionFlagGet
 .text.vexDeviceMotorReverseFlagSet
                0x038011ac       0x2c c:\Users\leoku\AppData\Roaming\Code\User\globalStorage\vexrobotics.vexcode\sdk\cpp\V5\V5_20220726_10_00_00/vexv5\libv5rt.a(v5_apijump.c.obj)
                0x038011ac                vexDeviceMotorReverseFlagSet
 .text.vexDeviceMotorEncoderUnitsSet
                0x038011d8       0x2c c:\Users\leoku\AppData\Roaming\Code\User\globalStorage\vexrobotics.vexcode\sdk\cpp\V5\V5_20220726_10_00_00/vexv5\libv5rt.a(v5_apijump.c.obj)
                0x038011d8                vexDeviceMotorEncoderUnitsSet
 .text.vexDeviceMotorBrakeModeSet
                0x03801204       0x2c c:\Users\leoku\AppData\Roaming\Code\User\globalStorage\vexrobotics.vexcode\sdk\cpp\V5\V5_20220726_10_00_00/vexv5\libv5rt.a(v5_apijump.c.obj)
                0x03801204                vexDeviceMotorBrakeModeSet
 .text.vexDeviceMotorPositionSet
                0x03801230       0x34 c:\Users\leoku\AppData\Roaming\Code\User\globalStorage\vexrobotics.vexcode\sdk\cpp\V5\V5_20220726_10_00_00/vexv5\libv5rt.a(v5_apijump.c.obj)
                0x03801230                vexDeviceMotorPositionSet
 .text.vexDeviceMotorRelativeTargetSet
                0x03801264       0x3c c:\Users\leoku\AppData\Roaming\Code\User\globalStorage\vexrobotics.vexcode\sdk\cpp\V5\V5_20220726_10_00_00/vexv5\libv5rt.a(v5_apijump.c.obj)
                0x03801264                vexDeviceMotorRelativeTargetSet
 .text.vexDeviceMotorGearingSet
                0x038012a0       0x2c c:\Users\leoku\AppData\Roaming\Code\User\globalStorage\vexrobotics.vexcode\sdk\cpp\V5\V5_20220726_10_00_00/vexv5\libv5rt.a(v5_apijump.c.obj)
                0x038012a0                vexDeviceMotorGearingSet
 .text.vexDeviceMotorGearingGet
                0x038012cc       0x24 c:\Users\leoku\AppData\Roaming\Code\User\globalStorage\vexrobotics.vexcode\sdk\cpp\V5\V5_20220726_10_00_00/vexv5\libv5rt.a(v5_apijump.c.obj)
                0x038012cc                vexDeviceMotorGearingGet
 .text.vexDeviceAbsEncAngleGet
                0x038012f0       0x24 c:\Users\leoku\AppData\Roaming\Code\User\globalStorage\vexrobotics.vexcode\sdk\cpp\V5\V5_20220726_10_00_00/vexv5\libv5rt.a(v5_apijump.c.obj)
                0x038012f0                vexDeviceAbsEncAngleGet
 .text.vexDeviceAbsEncReverseFlagSet
                0x03801314       0x2c c:\Users\leoku\AppData\Roaming\Code\User\globalStorage\vexrobotics.vexcode\sdk\cpp\V5\V5_20220726_10_00_00/vexv5\libv5rt.a(v5_apijump.c.obj)
                0x03801314                vexDeviceAbsEncReverseFlagSet
 .text.vexDisplayForegroundColor
                0x03801340       0x24 c:\Users\leoku\AppData\Roaming\Code\User\globalStorage\vexrobotics.vexcode\sdk\cpp\V5\V5_20220726_10_00_00/vexv5\libv5rt.a(v5_apijump.c.obj)
                0x03801340                vexDisplayForegroundColor
 .text.vexDisplayBackgroundColor
                0x03801364       0x24 c:\Users\leoku\AppData\Roaming\Code\User\globalStorage\vexrobotics.vexcode\sdk\cpp\V5\V5_20220726_10_00_00/vexv5\libv5rt.a(v5_apijump.c.obj)
                0x03801364                vexDisplayBackgroundColor
 .text.vexDisplayTextReference
                0x03801388       0x24 c:\Users\leoku\AppData\Roaming\Code\User\globalStorage\vexrobotics.vexcode\sdk\cpp\V5\V5_20220726_10_00_00/vexv5\libv5rt.a(v5_apijump.c.obj)
                0x03801388                vexDisplayTextReference
 .text.vexDisplayTextSize
                0x038013ac       0x2c c:\Users\leoku\AppData\Roaming\Code\User\globalStorage\vexrobotics.vexcode\sdk\cpp\V5\V5_20220726_10_00_00/vexv5\libv5rt.a(v5_apijump.c.obj)
                0x038013ac                vexDisplayTextSize
 .text.vexDisplayFontNamedSet
                0x038013d8       0x24 c:\Users\leoku\AppData\Roaming\Code\User\globalStorage\vexrobotics.vexcode\sdk\cpp\V5\V5_20220726_10_00_00/vexv5\libv5rt.a(v5_apijump.c.obj)
                0x038013d8                vexDisplayFontNamedSet
 .text.vexSystemStdlibImpureDataAddr
                0x038013fc       0x28 c:\Users\leoku\AppData\Roaming\Code\User\globalStorage\vexrobotics.vexcode\sdk\cpp\V5\V5_20220726_10_00_00/vexv5\libv5rt.a(v5_apijump.c.obj)
                0x038013fc                vexSystemStdlibImpureDataAddr
 .text.vexSystemStdlibImpureDataSize
                0x03801424       0x28 c:\Users\leoku\AppData\Roaming\Code\User\globalStorage\vexrobotics.vexcode\sdk\cpp\V5\V5_20220726_10_00_00/vexv5\libv5rt.a(v5_apijump.c.obj)
                0x03801424                vexSystemStdlibImpureDataSize
 .text.vexSystemSaveUserData
                0x0380144c       0x3c c:\Users\leoku\AppData\Roaming\Code\User\globalStorage\vexrobotics.vexcode\sdk\cpp\V5\V5_20220726_10_00_00/vexv5\libv5rt.a(v5_apijump.c.obj)
                0x0380144c                vexSystemSaveUserData
 .text.vexDisplayThemeIdGet
                0x03801488       0x38 c:\Users\leoku\AppData\Roaming\Code\User\globalStorage\vexrobotics.vexcode\sdk\cpp\V5\V5_20220726_10_00_00/vexv5\libv5rt.a(v5_apijump.c.obj)
                0x03801488                vexDisplayThemeIdGet
 .text.vexDeviceEventMaskSet
                0x038014c0       0x48 c:\Users\leoku\AppData\Roaming\Code\User\globalStorage\vexrobotics.vexcode\sdk\cpp\V5\V5_20220726_10_00_00/vexv5\libv5rt.a(v5_apijump.c.obj)
                0x038014c0                vexDeviceEventMaskSet
 .text.vexDeviceEventMaskGet
                0x03801508       0x3c c:\Users\leoku\AppData\Roaming\Code\User\globalStorage\vexrobotics.vexcode\sdk\cpp\V5\V5_20220726_10_00_00/vexv5\libv5rt.a(v5_apijump.c.obj)
                0x03801508                vexDeviceEventMaskGet
 .text.vexSystemVersion
                0x03801544       0x10 c:\Users\leoku\AppData\Roaming\Code\User\globalStorage\vexrobotics.vexcode\sdk\cpp\V5\V5_20220726_10_00_00/vexv5\libv5rt.a(v5_apiversions.c.obj)
                0x03801544                vexSystemVersion
 .text.vexStdlibVersion
                0x03801554       0x10 c:\Users\leoku\AppData\Roaming\Code\User\globalStorage\vexrobotics.vexcode\sdk\cpp\V5\V5_20220726_10_00_00/vexv5\libv5rt.a(v5_apiversions.c.obj)
                0x03801554                vexStdlibVersion
 *fill*         0x03801564        0x4 
 .text._ZN3vex4waitEdNS_9timeUnitsE
                0x03801568       0x30 c:\Users\leoku\AppData\Roaming\Code\User\globalStorage\vexrobotics.vexcode\sdk\cpp\V5\V5_20220726_10_00_00/vexv5\libv5rt.a(vex_global.cpp.obj)
                0x03801568                vex::wait(double, vex::timeUnits)
 .text._ZN3vex5motorD2Ev
                0x03801598       0x20 c:\Users\leoku\AppData\Roaming\Code\User\globalStorage\vexrobotics.vexcode\sdk\cpp\V5\V5_20220726_10_00_00/vexv5\libv5rt.a(vex_motor.cpp.obj)
                0x03801598                vex::motor::~motor()
                0x03801598                vex::motor::~motor()
 .text._ZN3vex5motorD0Ev
                0x038015b8       0x1c c:\Users\leoku\AppData\Roaming\Code\User\globalStorage\vexrobotics.vexcode\sdk\cpp\V5\V5_20220726_10_00_00/vexv5\libv5rt.a(vex_motor.cpp.obj)
                0x038015b8                vex::motor::~motor()
 .text._ZN3vex5motor9installedEv
                0x038015d4       0x18 c:\Users\leoku\AppData\Roaming\Code\User\globalStorage\vexrobotics.vexcode\sdk\cpp\V5\V5_20220726_10_00_00/vexv5\libv5rt.a(vex_motor.cpp.obj)
                0x038015d4                vex::motor::installed()
 .text._ZN3vex5motor15defaultStoppingENS_9brakeTypeE
                0x038015ec       0x30 c:\Users\leoku\AppData\Roaming\Code\User\globalStorage\vexrobotics.vexcode\sdk\cpp\V5\V5_20220726_10_00_00/vexv5\libv5rt.a(vex_motor.cpp.obj)
                0x038015ec                vex::motor::defaultStopping(vex::brakeType)
 .text._ZN3vex5motorC2El
                0x0380161c       0x78 c:\Users\leoku\AppData\Roaming\Code\User\globalStorage\vexrobotics.vexcode\sdk\cpp\V5\V5_20220726_10_00_00/vexv5\libv5rt.a(vex_motor.cpp.obj)
                0x0380161c                vex::motor::motor(long)
                0x0380161c                vex::motor::motor(long)
 .text._ZN3vex5motorC2ElNS_11gearSettingEb
                0x03801694       0x34 c:\Users\leoku\AppData\Roaming\Code\User\globalStorage\vexrobotics.vexcode\sdk\cpp\V5\V5_20220726_10_00_00/vexv5\libv5rt.a(vex_motor.cpp.obj)
                0x03801694                vex::motor::motor(long, vex::gearSetting, bool)
                0x03801694                vex::motor::motor(long, vex::gearSetting, bool)
 .text._ZN3vex5motor14isSpinningModeEv
                0x038016c8       0x48 c:\Users\leoku\AppData\Roaming\Code\User\globalStorage\vexrobotics.vexcode\sdk\cpp\V5\V5_20220726_10_00_00/vexv5\libv5rt.a(vex_motor.cpp.obj)
                0x038016c8                vex::motor::isSpinningMode()
 .text._ZN3vex5motor4stopENS_9brakeTypeE
                0x03801710       0x30 c:\Users\leoku\AppData\Roaming\Code\User\globalStorage\vexrobotics.vexcode\sdk\cpp\V5\V5_20220726_10_00_00/vexv5\libv5rt.a(vex_motor.cpp.obj)
                0x03801710                vex::motor::stop(vex::brakeType)
 .text._ZN3vex5motor4stopEv
                0x03801740        0x8 c:\Users\leoku\AppData\Roaming\Code\User\globalStorage\vexrobotics.vexcode\sdk\cpp\V5\V5_20220726_10_00_00/vexv5\libv5rt.a(vex_motor.cpp.obj)
                0x03801740                vex::motor::stop()
 .text._ZN3vex5motor12setMaxTorqueEdNS_12percentUnitsE
                0x03801748       0x88 c:\Users\leoku\AppData\Roaming\Code\User\globalStorage\vexrobotics.vexcode\sdk\cpp\V5\V5_20220726_10_00_00/vexv5\libv5rt.a(vex_motor.cpp.obj)
                0x03801748                vex::motor::setMaxTorque(double, vex::percentUnits)
 .text._ZN3vex5motor16velocityToScaledEdNS_13velocityUnitsE
                0x038017d0       0x5c c:\Users\leoku\AppData\Roaming\Code\User\globalStorage\vexrobotics.vexcode\sdk\cpp\V5\V5_20220726_10_00_00/vexv5\libv5rt.a(vex_motor.cpp.obj)
                0x038017d0                vex::motor::velocityToScaled(double, vex::velocityUnits)
 .text._ZN3vex5motor8velocityENS_13velocityUnitsE
                0x0380182c       0x30 c:\Users\leoku\AppData\Roaming\Code\User\globalStorage\vexrobotics.vexcode\sdk\cpp\V5\V5_20220726_10_00_00/vexv5\libv5rt.a(vex_motor.cpp.obj)
                0x0380182c                vex::motor::velocity(vex::velocityUnits)
 .text._ZN3vex5motor5valueEv
                0x0380185c       0x1c c:\Users\leoku\AppData\Roaming\Code\User\globalStorage\vexrobotics.vexcode\sdk\cpp\V5\V5_20220726_10_00_00/vexv5\libv5rt.a(vex_motor.cpp.obj)
                0x0380185c                vex::motor::value()
 .text._ZN3vex5motor16scaledToVelocityEdNS_13velocityUnitsE
                0x03801878       0xa4 c:\Users\leoku\AppData\Roaming\Code\User\globalStorage\vexrobotics.vexcode\sdk\cpp\V5\V5_20220726_10_00_00/vexv5\libv5rt.a(vex_motor.cpp.obj)
                0x03801878                vex::motor::scaledToVelocity(double, vex::velocityUnits)
 .text._ZN3vex5motor4spinENS_13directionTypeEdNS_13velocityUnitsE
                0x0380191c       0x5c c:\Users\leoku\AppData\Roaming\Code\User\globalStorage\vexrobotics.vexcode\sdk\cpp\V5\V5_20220726_10_00_00/vexv5\libv5rt.a(vex_motor.cpp.obj)
                0x0380191c                vex::motor::spin(vex::directionType, double, vex::velocityUnits)
 .text._ZN3vex5motor11setVelocityEdNS_13velocityUnitsE
                0x03801978       0x54 c:\Users\leoku\AppData\Roaming\Code\User\globalStorage\vexrobotics.vexcode\sdk\cpp\V5\V5_20220726_10_00_00/vexv5\libv5rt.a(vex_motor.cpp.obj)
                0x03801978                vex::motor::setVelocity(double, vex::velocityUnits)
 .text._ZN3vex5motor16setRotationUnitsENS_13rotationUnitsE
                0x038019cc       0x1c c:\Users\leoku\AppData\Roaming\Code\User\globalStorage\vexrobotics.vexcode\sdk\cpp\V5\V5_20220726_10_00_00/vexv5\libv5rt.a(vex_motor.cpp.obj)
                0x038019cc                vex::motor::setRotationUnits(vex::rotationUnits)
 .text._ZN3vex5motor11setPositionEdNS_13rotationUnitsE
                0x038019e8       0x44 c:\Users\leoku\AppData\Roaming\Code\User\globalStorage\vexrobotics.vexcode\sdk\cpp\V5\V5_20220726_10_00_00/vexv5\libv5rt.a(vex_motor.cpp.obj)
                0x038019e8                vex::motor::setPosition(double, vex::rotationUnits)
 .text._ZN3vex5motor13resetPositionEv
                0x03801a2c       0x20 c:\Users\leoku\AppData\Roaming\Code\User\globalStorage\vexrobotics.vexcode\sdk\cpp\V5\V5_20220726_10_00_00/vexv5\libv5rt.a(vex_motor.cpp.obj)
                0x03801a2c                vex::motor::resetPosition()
 .text._ZN3vex5motor7spinForEdNS_13rotationUnitsEdNS_13velocityUnitsEb
                0x03801a4c       0xf4 c:\Users\leoku\AppData\Roaming\Code\User\globalStorage\vexrobotics.vexcode\sdk\cpp\V5\V5_20220726_10_00_00/vexv5\libv5rt.a(vex_motor.cpp.obj)
                0x03801a4c                vex::motor::spinFor(double, vex::rotationUnits, double, vex::velocityUnits, bool)
 .text._ZN3vex5motor7spinForENS_13directionTypeEdNS_13rotationUnitsEdNS_13velocityUnitsEb
                0x03801b40       0x34 c:\Users\leoku\AppData\Roaming\Code\User\globalStorage\vexrobotics.vexcode\sdk\cpp\V5\V5_20220726_10_00_00/vexv5\libv5rt.a(vex_motor.cpp.obj)
                0x03801b40                vex::motor::spinFor(vex::directionType, double, vex::rotationUnits, double, vex::velocityUnits, bool)
 .text._ZN3vex8rotationD2Ev
                0x03801b74       0x20 c:\Users\leoku\AppData\Roaming\Code\User\globalStorage\vexrobotics.vexcode\sdk\cpp\V5\V5_20220726_10_00_00/vexv5\libv5rt.a(vex_rotation.cpp.obj)
                0x03801b74                vex::rotation::~rotation()
                0x03801b74                vex::rotation::~rotation()
 .text._ZN3vex8rotationD0Ev
                0x03801b94       0x1c c:\Users\leoku\AppData\Roaming\Code\User\globalStorage\vexrobotics.vexcode\sdk\cpp\V5\V5_20220726_10_00_00/vexv5\libv5rt.a(vex_rotation.cpp.obj)
                0x03801b94                vex::rotation::~rotation()
 .text._ZN3vex8rotation9installedEv
                0x03801bb0       0x18 c:\Users\leoku\AppData\Roaming\Code\User\globalStorage\vexrobotics.vexcode\sdk\cpp\V5\V5_20220726_10_00_00/vexv5\libv5rt.a(vex_rotation.cpp.obj)
                0x03801bb0                vex::rotation::installed()
 .text._ZN3vex8rotation5valueEv
                0x03801bc8        0x8 c:\Users\leoku\AppData\Roaming\Code\User\globalStorage\vexrobotics.vexcode\sdk\cpp\V5\V5_20220726_10_00_00/vexv5\libv5rt.a(vex_rotation.cpp.obj)
                0x03801bc8                vex::rotation::value()
 .text._ZN3vex8rotationC2Elb
                0x03801bd0       0x30 c:\Users\leoku\AppData\Roaming\Code\User\globalStorage\vexrobotics.vexcode\sdk\cpp\V5\V5_20220726_10_00_00/vexv5\libv5rt.a(vex_rotation.cpp.obj)
                0x03801bd0                vex::rotation::rotation(long, bool)
                0x03801bd0                vex::rotation::rotation(long, bool)
 .text._ZN3vex10controllerD2Ev
                0x03801c00        0x4 c:\Users\leoku\AppData\Roaming\Code\User\globalStorage\vexrobotics.vexcode\sdk\cpp\V5\V5_20220726_10_00_00/vexv5\libv5rt.a(vex_controller.cpp.obj)
                0x03801c00                vex::controller::~controller()
                0x03801c00                vex::controller::~controller()
 .text._ZN3vex10controller5valueE19_V5_ControllerIndex
                0x03801c04        0x8 c:\Users\leoku\AppData\Roaming\Code\User\globalStorage\vexrobotics.vexcode\sdk\cpp\V5\V5_20220726_10_00_00/vexv5\libv5rt.a(vex_controller.cpp.obj)
                0x03801c04                vex::controller::value(_V5_ControllerIndex)
 .text._ZNK3vex10controller6button8pressingEv
                0x03801c0c       0xc8 c:\Users\leoku\AppData\Roaming\Code\User\globalStorage\vexrobotics.vexcode\sdk\cpp\V5\V5_20220726_10_00_00/vexv5\libv5rt.a(vex_controller.cpp.obj)
                0x03801c0c                vex::controller::button::pressing() const
 .text._ZNK3vex10controller6button21_buttonToPressedEventEv
                0x03801cd4       0x20 c:\Users\leoku\AppData\Roaming\Code\User\globalStorage\vexrobotics.vexcode\sdk\cpp\V5\V5_20220726_10_00_00/vexv5\libv5rt.a(vex_controller.cpp.obj)
                0x03801cd4                vex::controller::button::_buttonToPressedEvent() const
 .text._ZNK3vex10controller6button22_buttonToReleasedEventEv
                0x03801cf4       0x20 c:\Users\leoku\AppData\Roaming\Code\User\globalStorage\vexrobotics.vexcode\sdk\cpp\V5\V5_20220726_10_00_00/vexv5\libv5rt.a(vex_controller.cpp.obj)
                0x03801cf4                vex::controller::button::_buttonToReleasedEvent() const
 .text._ZN3vex10controller6buttonC2ENS0_11tButtonTypeEPS0_
                0x03801d14       0x48 c:\Users\leoku\AppData\Roaming\Code\User\globalStorage\vexrobotics.vexcode\sdk\cpp\V5\V5_20220726_10_00_00/vexv5\libv5rt.a(vex_controller.cpp.obj)
                0x03801d14                vex::controller::button::button(vex::controller::tButtonType, vex::controller*)
                0x03801d14                vex::controller::button::button(vex::controller::tButtonType, vex::controller*)
 .text._ZNK3vex10controller4axis5valueEv
                0x03801d5c       0x58 c:\Users\leoku\AppData\Roaming\Code\User\globalStorage\vexrobotics.vexcode\sdk\cpp\V5\V5_20220726_10_00_00/vexv5\libv5rt.a(vex_controller.cpp.obj)
                0x03801d5c                vex::controller::axis::value() const
 .text._ZNK3vex10controller4axis8positionENS_12percentUnitsE
                0x03801db4       0x1c c:\Users\leoku\AppData\Roaming\Code\User\globalStorage\vexrobotics.vexcode\sdk\cpp\V5\V5_20220726_10_00_00/vexv5\libv5rt.a(vex_controller.cpp.obj)
                0x03801db4                vex::controller::axis::position(vex::percentUnits) const
 .text._ZNK3vex10controller4axis23_joystickToChangedEventEv
                0x03801dd0       0x20 c:\Users\leoku\AppData\Roaming\Code\User\globalStorage\vexrobotics.vexcode\sdk\cpp\V5\V5_20220726_10_00_00/vexv5\libv5rt.a(vex_controller.cpp.obj)
                0x03801dd0                vex::controller::axis::_joystickToChangedEvent() const
 .text._ZN3vex10controller4axisC2ENS0_9tAxisTypeEPS0_
                0x03801df0       0x2c c:\Users\leoku\AppData\Roaming\Code\User\globalStorage\vexrobotics.vexcode\sdk\cpp\V5\V5_20220726_10_00_00/vexv5\libv5rt.a(vex_controller.cpp.obj)
                0x03801df0                vex::controller::axis::axis(vex::controller::tAxisType, vex::controller*)
                0x03801df0                vex::controller::axis::axis(vex::controller::tAxisType, vex::controller*)
 .text._ZN3vex10controllerC2ENS_14controllerTypeE
                0x03801e1c      0x16c c:\Users\leoku\AppData\Roaming\Code\User\globalStorage\vexrobotics.vexcode\sdk\cpp\V5\V5_20220726_10_00_00/vexv5\libv5rt.a(vex_controller.cpp.obj)
                0x03801e1c                vex::controller::controller(vex::controllerType)
                0x03801e1c                vex::controller::controller(vex::controllerType)
 .text._ZN3vex4taskC2EPFivE
                0x03801f88       0x5c c:\Users\leoku\AppData\Roaming\Code\User\globalStorage\vexrobotics.vexcode\sdk\cpp\V5\V5_20220726_10_00_00/vexv5\libv5rt.a(vex_task.cpp.obj)
                0x03801f88                vex::task::task(int (*)())
                0x03801f88                vex::task::task(int (*)())
 .text._ZN3vex4taskD2Ev
                0x03801fe4        0x4 c:\Users\leoku\AppData\Roaming\Code\User\globalStorage\vexrobotics.vexcode\sdk\cpp\V5\V5_20220726_10_00_00/vexv5\libv5rt.a(vex_task.cpp.obj)
                0x03801fe4                vex::task::~task()
                0x03801fe4                vex::task::~task()
 .text._ZN3vex4task4stopEPvi
                0x03801fe8       0x1c c:\Users\leoku\AppData\Roaming\Code\User\globalStorage\vexrobotics.vexcode\sdk\cpp\V5\V5_20220726_10_00_00/vexv5\libv5rt.a(vex_task.cpp.obj)
                0x03801fe8                vex::task::stop(void*, int)
 .text._ZN3vex4task6_indexEPFivE
                0x03802004       0x14 c:\Users\leoku\AppData\Roaming\Code\User\globalStorage\vexrobotics.vexcode\sdk\cpp\V5\V5_20220726_10_00_00/vexv5\libv5rt.a(vex_task.cpp.obj)
                0x03802004                vex::task::_index(int (*)())
 .text._ZN3vex4task8_stopAllEv
                0x03802018       0x3c c:\Users\leoku\AppData\Roaming\Code\User\globalStorage\vexrobotics.vexcode\sdk\cpp\V5\V5_20220726_10_00_00/vexv5\libv5rt.a(vex_task.cpp.obj)
                0x03802018                vex::task::_stopAll()
 .text._ZN3vex11this_thread9sleep_forEm
                0x03802054        0x4 c:\Users\leoku\AppData\Roaming\Code\User\globalStorage\vexrobotics.vexcode\sdk\cpp\V5\V5_20220726_10_00_00/vexv5\libv5rt.a(vex_thread.cpp.obj)
                0x03802054                vex::this_thread::sleep_for(unsigned long)
 .text._ZN3vex5event4initEmmPFvvE
                0x03802058        0x4 c:\Users\leoku\AppData\Roaming\Code\User\globalStorage\vexrobotics.vexcode\sdk\cpp\V5\V5_20220726_10_00_00/vexv5\libv5rt.a(vex_event.cpp.obj)
                0x03802058                vex::event::init(unsigned long, unsigned long, void (*)())
 .text._ZN3vex5event4initEmmPFvPvES1_
                0x0380205c        0x4 c:\Users\leoku\AppData\Roaming\Code\User\globalStorage\vexrobotics.vexcode\sdk\cpp\V5\V5_20220726_10_00_00/vexv5\libv5rt.a(vex_event.cpp.obj)
                0x0380205c                vex::event::init(unsigned long, unsigned long, void (*)(void*), void*)
 .text._ZN3vex5event9userindexEv
                0x03802060        0x4 c:\Users\leoku\AppData\Roaming\Code\User\globalStorage\vexrobotics.vexcode\sdk\cpp\V5\V5_20220726_10_00_00/vexv5\libv5rt.a(vex_event.cpp.obj)
                0x03802060                vex::event::userindex()
 .text._ZZN3vex6meventC4EmmENUlvE_4_FUNEv
                0x03802064        0x4 c:\Users\leoku\AppData\Roaming\Code\User\globalStorage\vexrobotics.vexcode\sdk\cpp\V5\V5_20220726_10_00_00/vexv5\libv5rt.a(vex_mevent.cpp.obj)
 .text._ZN3vex6meventC2Emm
                0x03802068       0x70 c:\Users\leoku\AppData\Roaming\Code\User\globalStorage\vexrobotics.vexcode\sdk\cpp\V5\V5_20220726_10_00_00/vexv5\libv5rt.a(vex_mevent.cpp.obj)
                0x03802068                vex::mevent::mevent(unsigned long, unsigned long)
                0x03802068                vex::mevent::mevent(unsigned long, unsigned long)
 .text._ZN3vex5brain9_getIndexEv
                0x038020d8       0x10 c:\Users\leoku\AppData\Roaming\Code\User\globalStorage\vexrobotics.vexcode\sdk\cpp\V5\V5_20220726_10_00_00/vexv5\libv5rt.a(vex_brain.cpp.obj)
                0x038020d8                vex::brain::_getIndex()
 .text._ZN3vex5brain3lcd9setCursorEll
                0x038020e8       0x44 c:\Users\leoku\AppData\Roaming\Code\User\globalStorage\vexrobotics.vexcode\sdk\cpp\V5\V5_20220726_10_00_00/vexv5\libv5rt.a(vex_brain.cpp.obj)
                0x038020e8                vex::brain::lcd::setCursor(long, long)
 .text._ZN3vex5brain3lcd7setFontENS_8fontTypeE
                0x0380212c      0x23c c:\Users\leoku\AppData\Roaming\Code\User\globalStorage\vexrobotics.vexcode\sdk\cpp\V5\V5_20220726_10_00_00/vexv5\libv5rt.a(vex_brain.cpp.obj)
                0x0380212c                vex::brain::lcd::setFont(vex::fontType)
 .text._ZN3vex5brain3lcdC2Ev
                0x03802368       0x94 c:\Users\leoku\AppData\Roaming\Code\User\globalStorage\vexrobotics.vexcode\sdk\cpp\V5\V5_20220726_10_00_00/vexv5\libv5rt.a(vex_brain.cpp.obj)
                0x03802368                vex::brain::lcd::lcd()
                0x03802368                vex::brain::lcd::lcd()
 .text._ZN3vex5brainC2Ev
                0x038023fc       0x3c c:\Users\leoku\AppData\Roaming\Code\User\globalStorage\vexrobotics.vexcode\sdk\cpp\V5\V5_20220726_10_00_00/vexv5\libv5rt.a(vex_brain.cpp.obj)
                0x038023fc                vex::brain::brain()
                0x038023fc                vex::brain::brain()
 .text._ZN3vex5brainD2Ev
                0x03802438       0x20 c:\Users\leoku\AppData\Roaming\Code\User\globalStorage\vexrobotics.vexcode\sdk\cpp\V5\V5_20220726_10_00_00/vexv5\libv5rt.a(vex_brain.cpp.obj)
                0x03802438                vex::brain::~brain()
                0x03802438                vex::brain::~brain()
 .text._ZN3vex11competition8_disableEPv
                0x03802458       0xa4 c:\Users\leoku\AppData\Roaming\Code\User\globalStorage\vexrobotics.vexcode\sdk\cpp\V5\V5_20220726_10_00_00/vexv5\libv5rt.a(vex_competition.cpp.obj)
                0x03802458                vex::competition::_disable(void*)
 .text._ZN3vex11competition11_autonomousEv
                0x038024fc       0x80 c:\Users\leoku\AppData\Roaming\Code\User\globalStorage\vexrobotics.vexcode\sdk\cpp\V5\V5_20220726_10_00_00/vexv5\libv5rt.a(vex_competition.cpp.obj)
                0x038024fc                vex::competition::_autonomous()
 .text._ZN3vex11competition14_drivercontrolEv
                0x0380257c       0x80 c:\Users\leoku\AppData\Roaming\Code\User\globalStorage\vexrobotics.vexcode\sdk\cpp\V5\V5_20220726_10_00_00/vexv5\libv5rt.a(vex_competition.cpp.obj)
                0x0380257c                vex::competition::_drivercontrol()
 .text._ZN3vex11competitionC2Ev
                0x038025fc      0x13c c:\Users\leoku\AppData\Roaming\Code\User\globalStorage\vexrobotics.vexcode\sdk\cpp\V5\V5_20220726_10_00_00/vexv5\libv5rt.a(vex_competition.cpp.obj)
                0x038025fc                vex::competition::competition()
                0x038025fc                vex::competition::competition()
 .text._ZN3vex11competitionD2Ev
                0x03802738        0x4 c:\Users\leoku\AppData\Roaming\Code\User\globalStorage\vexrobotics.vexcode\sdk\cpp\V5\V5_20220726_10_00_00/vexv5\libv5rt.a(vex_competition.cpp.obj)
                0x03802738                vex::competition::~competition()
                0x03802738                vex::competition::~competition()
 .text._ZN3vex11competition10autonomousEPFvvE
                0x0380273c       0x44 c:\Users\leoku\AppData\Roaming\Code\User\globalStorage\vexrobotics.vexcode\sdk\cpp\V5\V5_20220726_10_00_00/vexv5\libv5rt.a(vex_competition.cpp.obj)
                0x0380273c                vex::competition::autonomous(void (*)())
 .text._ZN3vex11competition13drivercontrolEPFvvE
                0x03802780       0x44 c:\Users\leoku\AppData\Roaming\Code\User\globalStorage\vexrobotics.vexcode\sdk\cpp\V5\V5_20220726_10_00_00/vexv5\libv5rt.a(vex_competition.cpp.obj)
                0x03802780                vex::competition::drivercontrol(void (*)())
 .text._ZN3vex7triportD2Ev
                0x038027c4       0x38 c:\Users\leoku\AppData\Roaming\Code\User\globalStorage\vexrobotics.vexcode\sdk\cpp\V5\V5_20220726_10_00_00/vexv5\libv5rt.a(vex_triport.cpp.obj)
                0x038027c4                vex::triport::~triport()
                0x038027c4                vex::triport::~triport()
 .text._ZN3vex7triportD0Ev
                0x038027fc       0x1c c:\Users\leoku\AppData\Roaming\Code\User\globalStorage\vexrobotics.vexcode\sdk\cpp\V5\V5_20220726_10_00_00/vexv5\libv5rt.a(vex_triport.cpp.obj)
                0x038027fc                vex::triport::~triport()
 .text._ZN3vex7triport9installedEv
                0x03802818       0x18 c:\Users\leoku\AppData\Roaming\Code\User\globalStorage\vexrobotics.vexcode\sdk\cpp\V5\V5_20220726_10_00_00/vexv5\libv5rt.a(vex_triport.cpp.obj)
                0x03802818                vex::triport::installed()
 .text._ZN3vex7triport4portC2ElPS0_
                0x03802830       0x74 c:\Users\leoku\AppData\Roaming\Code\User\globalStorage\vexrobotics.vexcode\sdk\cpp\V5\V5_20220726_10_00_00/vexv5\libv5rt.a(vex_triport.cpp.obj)
                0x03802830                vex::triport::port::port(long, vex::triport*)
                0x03802830                vex::triport::port::port(long, vex::triport*)
 .text._ZN3vex7triportC2El
                0x038028a4       0xf0 c:\Users\leoku\AppData\Roaming\Code\User\globalStorage\vexrobotics.vexcode\sdk\cpp\V5\V5_20220726_10_00_00/vexv5\libv5rt.a(vex_triport.cpp.obj)
                0x038028a4                vex::triport::triport(long)
                0x038028a4                vex::triport::triport(long)
 .text._ZN3vex5colorD2Ev
                0x03802994        0x4 c:\Users\leoku\AppData\Roaming\Code\User\globalStorage\vexrobotics.vexcode\sdk\cpp\V5\V5_20220726_10_00_00/vexv5\libv5rt.a(vex_color.cpp.obj)
                0x03802994                vex::color::~color()
                0x03802994                vex::color::~color()
 .text.startup._GLOBAL__sub_I__ZN3vex5color5blackE
                0x03802998      0x164 c:\Users\leoku\AppData\Roaming\Code\User\globalStorage\vexrobotics.vexcode\sdk\cpp\V5\V5_20220726_10_00_00/vexv5\libv5rt.a(vex_color.cpp.obj)
 .text._ZN3vex5timerD2Ev
                0x03802afc        0x4 c:\Users\leoku\AppData\Roaming\Code\User\globalStorage\vexrobotics.vexcode\sdk\cpp\V5\V5_20220726_10_00_00/vexv5\libv5rt.a(vex_timer.cpp.obj)
                0x03802afc                vex::timer::~timer()
                0x03802afc                vex::timer::~timer()
 .text._ZN3vex5timer5clearEv
                0x03802b00       0x1c c:\Users\leoku\AppData\Roaming\Code\User\globalStorage\vexrobotics.vexcode\sdk\cpp\V5\V5_20220726_10_00_00/vexv5\libv5rt.a(vex_timer.cpp.obj)
                0x03802b00                vex::timer::clear()
 .text._ZN3vex5timerC2Ev
                0x03802b1c       0x14 c:\Users\leoku\AppData\Roaming\Code\User\globalStorage\vexrobotics.vexcode\sdk\cpp\V5\V5_20220726_10_00_00/vexv5\libv5rt.a(vex_timer.cpp.obj)
                0x03802b1c                vex::timer::timer()
                0x03802b1c                vex::timer::timer()
 .text.vexMotorVelocitySet
                0x03802b30       0x20 c:\Users\leoku\AppData\Roaming\Code\User\globalStorage\vexrobotics.vexcode\sdk\cpp\V5\V5_20220726_10_00_00/vexv5\libv5rt.a(v5_apiuser.c.obj)
                0x03802b30                vexMotorVelocitySet
 .text.vexMotorVelocityGet
                0x03802b50       0x18 c:\Users\leoku\AppData\Roaming\Code\User\globalStorage\vexrobotics.vexcode\sdk\cpp\V5\V5_20220726_10_00_00/vexv5\libv5rt.a(v5_apiuser.c.obj)
                0x03802b50                vexMotorVelocityGet
 .text.vexMotorActualVelocityGet
                0x03802b68       0x24 c:\Users\leoku\AppData\Roaming\Code\User\globalStorage\vexrobotics.vexcode\sdk\cpp\V5\V5_20220726_10_00_00/vexv5\libv5rt.a(v5_apiuser.c.obj)
                0x03802b68                vexMotorActualVelocityGet
 .text.vexMotorModeGet
                0x03802b8c       0x18 c:\Users\leoku\AppData\Roaming\Code\User\globalStorage\vexrobotics.vexcode\sdk\cpp\V5\V5_20220726_10_00_00/vexv5\libv5rt.a(v5_apiuser.c.obj)
                0x03802b8c                vexMotorModeGet
 .text.vexMotorCurrentLimitSet
                0x03802ba4       0x20 c:\Users\leoku\AppData\Roaming\Code\User\globalStorage\vexrobotics.vexcode\sdk\cpp\V5\V5_20220726_10_00_00/vexv5\libv5rt.a(v5_apiuser.c.obj)
                0x03802ba4                vexMotorCurrentLimitSet
 .text.vexMotorZeroPositionFlagGet
                0x03802bc4       0x18 c:\Users\leoku\AppData\Roaming\Code\User\globalStorage\vexrobotics.vexcode\sdk\cpp\V5\V5_20220726_10_00_00/vexv5\libv5rt.a(v5_apiuser.c.obj)
                0x03802bc4                vexMotorZeroPositionFlagGet
 .text.vexMotorReverseFlagSet
                0x03802bdc       0x20 c:\Users\leoku\AppData\Roaming\Code\User\globalStorage\vexrobotics.vexcode\sdk\cpp\V5\V5_20220726_10_00_00/vexv5\libv5rt.a(v5_apiuser.c.obj)
                0x03802bdc                vexMotorReverseFlagSet
 .text.vexMotorEncoderUnitsSet
                0x03802bfc       0x20 c:\Users\leoku\AppData\Roaming\Code\User\globalStorage\vexrobotics.vexcode\sdk\cpp\V5\V5_20220726_10_00_00/vexv5\libv5rt.a(v5_apiuser.c.obj)
                0x03802bfc                vexMotorEncoderUnitsSet
 .text.vexMotorBrakeModeSet
                0x03802c1c       0x20 c:\Users\leoku\AppData\Roaming\Code\User\globalStorage\vexrobotics.vexcode\sdk\cpp\V5\V5_20220726_10_00_00/vexv5\libv5rt.a(v5_apiuser.c.obj)
                0x03802c1c                vexMotorBrakeModeSet
 .text.vexMotorPositionSet
                0x03802c3c       0x28 c:\Users\leoku\AppData\Roaming\Code\User\globalStorage\vexrobotics.vexcode\sdk\cpp\V5\V5_20220726_10_00_00/vexv5\libv5rt.a(v5_apiuser.c.obj)
                0x03802c3c                vexMotorPositionSet
 .text.vexMotorRelativeTargetSet
                0x03802c64       0x30 c:\Users\leoku\AppData\Roaming\Code\User\globalStorage\vexrobotics.vexcode\sdk\cpp\V5\V5_20220726_10_00_00/vexv5\libv5rt.a(v5_apiuser.c.obj)
                0x03802c64                vexMotorRelativeTargetSet
 .text.vexMotorGearingSet
                0x03802c94       0x20 c:\Users\leoku\AppData\Roaming\Code\User\globalStorage\vexrobotics.vexcode\sdk\cpp\V5\V5_20220726_10_00_00/vexv5\libv5rt.a(v5_apiuser.c.obj)
                0x03802c94                vexMotorGearingSet
 .text.vexMotorGearingGet
                0x03802cb4       0x18 c:\Users\leoku\AppData\Roaming\Code\User\globalStorage\vexrobotics.vexcode\sdk\cpp\V5\V5_20220726_10_00_00/vexv5\libv5rt.a(v5_apiuser.c.obj)
                0x03802cb4                vexMotorGearingGet
 .text.vexAbsEncAngleGet
                0x03802ccc       0x10 c:\Users\leoku\AppData\Roaming\Code\User\globalStorage\vexrobotics.vexcode\sdk\cpp\V5\V5_20220726_10_00_00/vexv5\libv5rt.a(v5_apiuser.c.obj)
                0x03802ccc                vexAbsEncAngleGet
 .text.vexAbsEncReverseFlagSet
                0x03802cdc       0x18 c:\Users\leoku\AppData\Roaming\Code\User\globalStorage\vexrobotics.vexcode\sdk\cpp\V5\V5_20220726_10_00_00/vexv5\libv5rt.a(v5_apiuser.c.obj)
                0x03802cdc                vexAbsEncReverseFlagSet
 .text.vexEventMaskSet
                0x03802cf4       0x28 c:\Users\leoku\AppData\Roaming\Code\User\globalStorage\vexrobotics.vexcode\sdk\cpp\V5\V5_20220726_10_00_00/vexv5\libv5rt.a(v5_apiuser.c.obj)
                0x03802cf4                vexEventMaskSet
 .text.vexEventMaskGet
                0x03802d1c       0x18 c:\Users\leoku\AppData\Roaming\Code\User\globalStorage\vexrobotics.vexcode\sdk\cpp\V5\V5_20220726_10_00_00/vexv5\libv5rt.a(v5_apiuser.c.obj)
                0x03802d1c                vexEventMaskGet
 .text._ZN3vex6deviceD2Ev
                0x03802d34        0x4 c:\Users\leoku\AppData\Roaming\Code\User\globalStorage\vexrobotics.vexcode\sdk\cpp\V5\V5_20220726_10_00_00/vexv5\libv5rt.a(vex_device.cpp.obj)
                0x03802d34                vex::device::~device()
                0x03802d34                vex::device::~device()
 .text._ZN3vex6device5valueEv
                0x03802d38        0x8 c:\Users\leoku\AppData\Roaming\Code\User\globalStorage\vexrobotics.vexcode\sdk\cpp\V5\V5_20220726_10_00_00/vexv5\libv5rt.a(vex_device.cpp.obj)
                0x03802d38                vex::device::value()
 .text._ZN3vex6deviceD0Ev
                0x03802d40       0x14 c:\Users\leoku\AppData\Roaming\Code\User\globalStorage\vexrobotics.vexcode\sdk\cpp\V5\V5_20220726_10_00_00/vexv5\libv5rt.a(vex_device.cpp.obj)
                0x03802d40                vex::device::~device()
 .text._ZN3vex6device4initEl
                0x03802d54       0x30 c:\Users\leoku\AppData\Roaming\Code\User\globalStorage\vexrobotics.vexcode\sdk\cpp\V5\V5_20220726_10_00_00/vexv5\libv5rt.a(vex_device.cpp.obj)
                0x03802d54                vex::device::init(long)
 .text._ZN3vex6deviceC2El
                0x03802d84       0x20 c:\Users\leoku\AppData\Roaming\Code\User\globalStorage\vexrobotics.vexcode\sdk\cpp\V5\V5_20220726_10_00_00/vexv5\libv5rt.a(vex_device.cpp.obj)
                0x03802d84                vex::device::device(long)
                0x03802d84                vex::device::device(long)
 .text._ZN3vex6device4typeEv
                0x03802da4       0x10 c:\Users\leoku\AppData\Roaming\Code\User\globalStorage\vexrobotics.vexcode\sdk\cpp\V5\V5_20220726_10_00_00/vexv5\libv5rt.a(vex_device.cpp.obj)
                0x03802da4                vex::device::type()
 .text._ZN3vex6device9installedEv
                0x03802db4       0x14 c:\Users\leoku\AppData\Roaming\Code\User\globalStorage\vexrobotics.vexcode\sdk\cpp\V5\V5_20220726_10_00_00/vexv5\libv5rt.a(vex_device.cpp.obj)
                0x03802db4                vex::device::installed()
 .text.__libc_fini_array
                0x03802dc8       0x30 c:\Users\leoku\AppData\Roaming\Code\User\globalStorage\vexrobotics.vexcode\sdk\cpp\V5\V5_20220726_10_00_00/vexv5/gcc/libs\libc.a(lib_a-fini.o)
                0x03802dc8                __libc_fini_array
 .text.__libc_init_array
                0x03802df8       0x58 c:\Users\leoku\AppData\Roaming\Code\User\globalStorage\vexrobotics.vexcode\sdk\cpp\V5\V5_20220726_10_00_00/vexv5/gcc/libs\libc.a(lib_a-init.o)
                0x03802df8                __libc_init_array
 .text.__libc_init_array.__stub
                0x03802e50       0x18 linker stubs
 *(.gnu.linkonce.t.*)
 *(.plt)
 *(.gnu_warning)
 *(.gcc_except_table)
 *(.glue_7)
 .glue_7        0x00000000        0x0 linker stubs
 *(.glue_7t)
 .glue_7t       0x00000000        0x0 linker stubs
 *(.vfp11_veneer)
 .vfp11_veneer  0x00000000        0x0 linker stubs
 *(.ARM.extab)
 *(.gnu.linkonce.armextab.*)

.v4_bx          0x03802e68        0x0
 .v4_bx         0x00000000        0x0 linker stubs

.iplt           0x03802e68        0x0
 .iplt          0x00000000        0x0 build/src/main.o

.init
 *(.init)

.fini
 *(.fini)

.rodata         0x03802e68      0x13c
                0x03802e68                __rodata_start = .
 *(.rodata)
 *(.rodata.*)
 .rodata.str1.1
                0x03802e68       0x2e c:\Users\leoku\AppData\Roaming\Code\User\globalStorage\vexrobotics.vexcode\sdk\cpp\V5\V5_20220726_10_00_00/vexv5\libv5rt.a(v5_startup.c.obj)
 *fill*         0x03802e96        0x2 
 .rodata._ZN3vex6PORT20E
                0x03802e98        0x4 c:\Users\leoku\AppData\Roaming\Code\User\globalStorage\vexrobotics.vexcode\sdk\cpp\V5\V5_20220726_10_00_00/vexv5\libv5rt.a(vex_global.cpp.obj)
                0x03802e98                vex::PORT20
 .rodata._ZN3vex5PORT1E
                0x03802e9c        0x4 c:\Users\leoku\AppData\Roaming\Code\User\globalStorage\vexrobotics.vexcode\sdk\cpp\V5\V5_20220726_10_00_00/vexv5\libv5rt.a(vex_global.cpp.obj)
                0x03802e9c                vex::PORT1
 .rodata._ZN3vex6PORT14E
                0x03802ea0        0x4 c:\Users\leoku\AppData\Roaming\Code\User\globalStorage\vexrobotics.vexcode\sdk\cpp\V5\V5_20220726_10_00_00/vexv5\libv5rt.a(vex_global.cpp.obj)
                0x03802ea0                vex::PORT14
 .rodata._ZN3vex4msecE
                0x03802ea4        0x4 c:\Users\leoku\AppData\Roaming\Code\User\globalStorage\vexrobotics.vexcode\sdk\cpp\V5\V5_20220726_10_00_00/vexv5\libv5rt.a(vex_global.cpp.obj)
                0x03802ea4                vex::msec
 .rodata._ZN3vex9ratio36_1E
                0x03802ea8        0x4 c:\Users\leoku\AppData\Roaming\Code\User\globalStorage\vexrobotics.vexcode\sdk\cpp\V5\V5_20220726_10_00_00/vexv5\libv5rt.a(vex_global.cpp.obj)
                0x03802ea8                vex::ratio36_1
 .rodata._ZN3vex6PORT21E
                0x03802eac        0x4 c:\Users\leoku\AppData\Roaming\Code\User\globalStorage\vexrobotics.vexcode\sdk\cpp\V5\V5_20220726_10_00_00/vexv5\libv5rt.a(vex_global.cpp.obj)
                0x03802eac                vex::PORT21
 .rodata._ZN3vex6PORT11E
                0x03802eb0        0x4 c:\Users\leoku\AppData\Roaming\Code\User\globalStorage\vexrobotics.vexcode\sdk\cpp\V5\V5_20220726_10_00_00/vexv5\libv5rt.a(vex_global.cpp.obj)
                0x03802eb0                vex::PORT11
 .rodata._ZN3vex5PORT6E
                0x03802eb4        0x4 c:\Users\leoku\AppData\Roaming\Code\User\globalStorage\vexrobotics.vexcode\sdk\cpp\V5\V5_20220726_10_00_00/vexv5\libv5rt.a(vex_global.cpp.obj)
                0x03802eb4                vex::PORT6
 .rodata._ZN3vex7primaryE
                0x03802eb8        0x4 c:\Users\leoku\AppData\Roaming\Code\User\globalStorage\vexrobotics.vexcode\sdk\cpp\V5\V5_20220726_10_00_00/vexv5\libv5rt.a(vex_global.cpp.obj)
                0x03802eb8                vex::primary
 .rodata._ZN3vex7percentE
                0x03802ebc        0x4 c:\Users\leoku\AppData\Roaming\Code\User\globalStorage\vexrobotics.vexcode\sdk\cpp\V5\V5_20220726_10_00_00/vexv5\libv5rt.a(vex_global.cpp.obj)
                0x03802ebc                vex::percent
 .rodata._ZN3vex6PORT15E
                0x03802ec0        0x4 c:\Users\leoku\AppData\Roaming\Code\User\globalStorage\vexrobotics.vexcode\sdk\cpp\V5\V5_20220726_10_00_00/vexv5\libv5rt.a(vex_global.cpp.obj)
                0x03802ec0                vex::PORT15
 .rodata._ZN3vex6PORT19E
                0x03802ec4        0x4 c:\Users\leoku\AppData\Roaming\Code\User\globalStorage\vexrobotics.vexcode\sdk\cpp\V5\V5_20220726_10_00_00/vexv5\libv5rt.a(vex_global.cpp.obj)
                0x03802ec4                vex::PORT19
 .rodata._ZN3vex6PORT22E
                0x03802ec8        0x4 c:\Users\leoku\AppData\Roaming\Code\User\globalStorage\vexrobotics.vexcode\sdk\cpp\V5\V5_20220726_10_00_00/vexv5\libv5rt.a(vex_global.cpp.obj)
                0x03802ec8                vex::PORT22
 .rodata._ZN3vex6PORT12E
                0x03802ecc        0x4 c:\Users\leoku\AppData\Roaming\Code\User\globalStorage\vexrobotics.vexcode\sdk\cpp\V5\V5_20220726_10_00_00/vexv5\libv5rt.a(vex_global.cpp.obj)
                0x03802ecc                vex::PORT12
 .rodata._ZN3vex5PORT8E
                0x03802ed0        0x4 c:\Users\leoku\AppData\Roaming\Code\User\globalStorage\vexrobotics.vexcode\sdk\cpp\V5\V5_20220726_10_00_00/vexv5\libv5rt.a(vex_global.cpp.obj)
                0x03802ed0                vex::PORT8
 .rodata._ZN3vex9ratio18_1E
                0x03802ed4        0x4 c:\Users\leoku\AppData\Roaming\Code\User\globalStorage\vexrobotics.vexcode\sdk\cpp\V5\V5_20220726_10_00_00/vexv5\libv5rt.a(vex_global.cpp.obj)
                0x03802ed4                vex::ratio18_1
 .rodata._ZN3vex6PORT17E
                0x03802ed8        0x4 c:\Users\leoku\AppData\Roaming\Code\User\globalStorage\vexrobotics.vexcode\sdk\cpp\V5\V5_20220726_10_00_00/vexv5\libv5rt.a(vex_global.cpp.obj)
                0x03802ed8                vex::PORT17
 *fill*         0x03802edc        0x4 
 .rodata._ZTVN3vex5motorE
                0x03802ee0       0x18 c:\Users\leoku\AppData\Roaming\Code\User\globalStorage\vexrobotics.vexcode\sdk\cpp\V5\V5_20220726_10_00_00/vexv5\libv5rt.a(vex_motor.cpp.obj)
                0x03802ee0                vtable for vex::motor
 .rodata._ZTVN3vex8rotationE
                0x03802ef8       0x18 c:\Users\leoku\AppData\Roaming\Code\User\globalStorage\vexrobotics.vexcode\sdk\cpp\V5\V5_20220726_10_00_00/vexv5\libv5rt.a(vex_rotation.cpp.obj)
                0x03802ef8                vtable for vex::rotation
 .rodata.CSWTCH.16
                0x03802f10        0xb c:\Users\leoku\AppData\Roaming\Code\User\globalStorage\vexrobotics.vexcode\sdk\cpp\V5\V5_20220726_10_00_00/vexv5\libv5rt.a(vex_controller.cpp.obj)
 .rodata.CSWTCH.18
                0x03802f1b        0xb c:\Users\leoku\AppData\Roaming\Code\User\globalStorage\vexrobotics.vexcode\sdk\cpp\V5\V5_20220726_10_00_00/vexv5\libv5rt.a(vex_controller.cpp.obj)
 .rodata.CSWTCH.24
                0x03802f26        0x3 c:\Users\leoku\AppData\Roaming\Code\User\globalStorage\vexrobotics.vexcode\sdk\cpp\V5\V5_20220726_10_00_00/vexv5\libv5rt.a(vex_controller.cpp.obj)
 .rodata.str1.1
                0x03802f29       0x14 c:\Users\leoku\AppData\Roaming\Code\User\globalStorage\vexrobotics.vexcode\sdk\cpp\V5\V5_20220726_10_00_00/vexv5\libv5rt.a(vex_task.cpp.obj)
 .rodata.str1.1
                0x03802f3d       0x2d c:\Users\leoku\AppData\Roaming\Code\User\globalStorage\vexrobotics.vexcode\sdk\cpp\V5\V5_20220726_10_00_00/vexv5\libv5rt.a(vex_brain.cpp.obj)
 *fill*         0x03802f6a        0x6 
 .rodata._ZTVN3vex7triportE
                0x03802f70       0x18 c:\Users\leoku\AppData\Roaming\Code\User\globalStorage\vexrobotics.vexcode\sdk\cpp\V5\V5_20220726_10_00_00/vexv5\libv5rt.a(vex_triport.cpp.obj)
                0x03802f70                vtable for vex::triport
 .rodata._ZTVN3vex6deviceE
                0x03802f88       0x18 c:\Users\leoku\AppData\Roaming\Code\User\globalStorage\vexrobotics.vexcode\sdk\cpp\V5\V5_20220726_10_00_00/vexv5\libv5rt.a(vex_device.cpp.obj)
                0x03802f88                vtable for vex::device
 .rodata.str1.4
                0x03802fa0        0x4 c:\Users\leoku\AppData\Roaming\Code\User\globalStorage\vexrobotics.vexcode\sdk\cpp\V5\V5_20220726_10_00_00/vexv5/gcc/libs\libc.a(lib_a-impure.o)
                                  0x2 (size before relaxing)
 *(.gnu.linkonce.r.*)
                0x03802fa4                __rodata_end = .

.rodata1        0x03802fa4        0x0
                0x03802fa4                __rodata1_start = .
 *(.rodata1)
 *(.rodata1.*)
                0x03802fa4                __rodata1_end = .

.sdata2         0x03802fa4        0x0
                0x03802fa4                __sdata2_start = .
 *(.sdata2)
 *(.sdata2.*)
 *(.gnu.linkonce.s2.*)
                0x03802fa4                __sdata2_end = .

.sbss2          0x03802fa4        0x0
                0x03802fa4                __sbss2_start = .
 *(.sbss2)
 *(.sbss2.*)
 *(.gnu.linkonce.sb2.*)
                0x03802fa4                __sbss2_end = .

.data           0x03802fa8      0x444
                0x03802fa8                __data_start = .
 *(.data)
 *(.data.*)
 .data.sensor_1_360
                0x03802fa8        0x8 build/src/special_prog.o
                0x03802fa8                sensor_1_360
 .data.sensor_2_360
                0x03802fb0        0x8 build/src/special_prog.o
                0x03802fb0                sensor_2_360
 .data.appRunning
                0x03802fb8        0x4 c:\Users\leoku\AppData\Roaming\Code\User\globalStorage\vexrobotics.vexcode\sdk\cpp\V5\V5_20220726_10_00_00/vexv5\libv5rt.a(v5_startup.c.obj)
                0x03802fb8                appRunning
 .data._ZN3vex24__default_motor_velocityE
                0x03802fbc        0x4 c:\Users\leoku\AppData\Roaming\Code\User\globalStorage\vexrobotics.vexcode\sdk\cpp\V5\V5_20220726_10_00_00/vexv5\libv5rt.a(vex_motor.cpp.obj)
                0x03802fbc                vex::__default_motor_velocity
 .data.impure_data
                0x03802fc0      0x428 c:\Users\leoku\AppData\Roaming\Code\User\globalStorage\vexrobotics.vexcode\sdk\cpp\V5\V5_20220726_10_00_00/vexv5/gcc/libs\libc.a(lib_a-impure.o)
 .data._impure_ptr
                0x038033e8        0x4 c:\Users\leoku\AppData\Roaming\Code\User\globalStorage\vexrobotics.vexcode\sdk\cpp\V5\V5_20220726_10_00_00/vexv5/gcc/libs\libc.a(lib_a-impure.o)
                0x038033e8                _impure_ptr
 *(.gnu.linkonce.d.*)
 *(.jcr)
 *(.got)
 *(.got.plt)
                0x038033ec                __data_end = .

.igot.plt       0x038033ec        0x0
 .igot.plt      0x00000000        0x0 build/src/main.o

.data1          0x038033ec        0x0
                0x038033ec                __data1_start = .
 *(.data1)
 *(.data1.*)
                0x038033ec                __data1_end = .

.got
 *(.got)

.ctors          0x038033ec        0x0
                0x038033ec                __CTOR_LIST__ = .
                0x038033ec                ___CTORS_LIST___ = .
 *crtbegin.o(.ctors)
 *(EXCLUDE_FILE(*crtend.o) .ctors)
 *(SORT(.ctors.*))
 *(.ctors)
                0x038033ec                __CTOR_END__ = .
                0x038033ec                ___CTORS_END___ = .

.dtors          0x038033ec        0x0
                0x038033ec                __DTOR_LIST__ = .
                0x038033ec                ___DTORS_LIST___ = .
 *crtbegin.o(.dtors)
 *(EXCLUDE_FILE(*crtend.o) .dtors)
 *(SORT(.dtors.*))
 *(.dtors)
                0x038033ec                __DTOR_END__ = .
                0x038033ec                ___DTORS_END___ = .

.fixup          0x038033ec        0x0
                0x038033ec                __fixup_start = .
 *(.fixup)
                0x038033ec                __fixup_end = .

.eh_frame
 *(.eh_frame)

.eh_framehdr    0x038033ec        0x0
                0x038033ec                __eh_framehdr_start = .
 *(.eh_framehdr)
                0x038033ec                __eh_framehdr_end = .

.gcc_except_table
 *(.gcc_except_table)

.mmu_tbl        0x03804000        0x0
                0x03804000                __mmu_tbl_start = .
 *(.mmu_tbl)
                0x03804000                __mmu_tbl_end = .

.ARM.exidx      0x038033ec        0x8
                0x038033ec                __exidx_start = .
 *(.ARM.exidx*)
 .ARM.exidx.text._Z9pre_autonv
                0x038033ec        0x8 build/src/main.o
 .ARM.exidx.text._Z10autonomousv
                0x038033f4        0x0 build/src/main.o
                                  0x8 (size before relaxing)
 .ARM.exidx.text._Z11usercontrolv
                0x038033f4        0x0 build/src/main.o
                                  0x8 (size before relaxing)
 .ARM.exidx.text.main
                0x038033f4        0x0 build/src/main.o
                                  0x8 (size before relaxing)
 .ARM.exidx.text._GLOBAL__sub_I_main.cpp
                0x038033f4        0x0 build/src/main.o
                                  0x8 (size before relaxing)
 .ARM.exidx.text._Z5drivef
                0x038033f4        0x0 build/src/auton-funcs.o
                                  0x8 (size before relaxing)
 .ARM.exidx.text._Z9turnRightf
                0x038033f4        0x0 build/src/auton-funcs.o
                                  0x8 (size before relaxing)
 .ARM.exidx.text._GLOBAL__sub_I_special_prog.cpp
                0x038033f4        0x0 build/src/special_prog.o
                                  0x8 (size before relaxing)
 .ARM.exidx.text._GLOBAL__sub_I_robot_config.cpp
                0x038033f4        0x0 build/src/robot-config.o
                                  0x8 (size before relaxing)
 *(.gnu.linkonce.armexidix.*.*)
                0x038033f4                __exidx_end = .

.rel.dyn        0x038033f4        0x0
 .rel.iplt      0x00000000        0x0 build/src/main.o

.preinit_array  0x038033f4        0x0
                0x038033f4                __preinit_array_start = .
 *(SORT(.preinit_array.*))
 *(.preinit_array)
                0x038033f4                __preinit_array_end = .

.init_array     0x038033f4       0x10
                0x038033f4                __init_array_start = .
 *(SORT(.init_array.*))
 *(.init_array)
 .init_array    0x038033f4        0x4 build/src/main.o
 .init_array    0x038033f8        0x4 build/src/special_prog.o
 .init_array    0x038033fc        0x4 build/src/robot-config.o
 .init_array    0x03803400        0x4 c:\Users\leoku\AppData\Roaming\Code\User\globalStorage\vexrobotics.vexcode\sdk\cpp\V5\V5_20220726_10_00_00/vexv5\libv5rt.a(vex_color.cpp.obj)
                0x03803404                __init_array_end = .

.fini_array     0x03803404        0x0
                0x03803404                __fini_array_start = .
 *(SORT(.fini_array.*))
 *(.fini_array)
                0x03803404                __fini_array_end = .

.ARM.attributes
                0x03803404       0x3c
                0x03803404                __ARM.attributes_start = .
 *(.ARM.attributes)
 .ARM.attributes
                0x03803404       0x3a build/src/main.o
 .ARM.attributes
                0x0380343e       0x3a build/src/auton-funcs.o
 .ARM.attributes
                0x03803478       0x3a build/src/special_prog.o
 .ARM.attributes
                0x038034b2       0x3a build/src/robot-config.o
 .ARM.attributes
                0x038034ec       0x35 c:\Users\leoku\AppData\Roaming\Code\User\globalStorage\vexrobotics.vexcode\sdk\cpp\V5\V5_20220726_10_00_00/vexv5\libv5rt.a(v5_startup.c.obj)
 .ARM.attributes
                0x03803521       0x35 c:\Users\leoku\AppData\Roaming\Code\User\globalStorage\vexrobotics.vexcode\sdk\cpp\V5\V5_20220726_10_00_00/vexv5\libv5rt.a(v5_util.c.obj)
 .ARM.attributes
                0x03803556       0x35 c:\Users\leoku\AppData\Roaming\Code\User\globalStorage\vexrobotics.vexcode\sdk\cpp\V5\V5_20220726_10_00_00/vexv5\libv5rt.a(v5_apijump.c.obj)
 .ARM.attributes
                0x0380358b       0x35 c:\Users\leoku\AppData\Roaming\Code\User\globalStorage\vexrobotics.vexcode\sdk\cpp\V5\V5_20220726_10_00_00/vexv5\libv5rt.a(v5_apiversions.c.obj)
 .ARM.attributes
                0x038035c0       0x35 c:\Users\leoku\AppData\Roaming\Code\User\globalStorage\vexrobotics.vexcode\sdk\cpp\V5\V5_20220726_10_00_00/vexv5\libv5rt.a(vex_global.cpp.obj)
 .ARM.attributes
                0x038035f5       0x35 c:\Users\leoku\AppData\Roaming\Code\User\globalStorage\vexrobotics.vexcode\sdk\cpp\V5\V5_20220726_10_00_00/vexv5\libv5rt.a(vex_motor.cpp.obj)
 .ARM.attributes
                0x0380362a       0x35 c:\Users\leoku\AppData\Roaming\Code\User\globalStorage\vexrobotics.vexcode\sdk\cpp\V5\V5_20220726_10_00_00/vexv5\libv5rt.a(vex_rotation.cpp.obj)
 .ARM.attributes
                0x0380365f       0x35 c:\Users\leoku\AppData\Roaming\Code\User\globalStorage\vexrobotics.vexcode\sdk\cpp\V5\V5_20220726_10_00_00/vexv5\libv5rt.a(vex_controller.cpp.obj)
 .ARM.attributes
                0x03803694       0x35 c:\Users\leoku\AppData\Roaming\Code\User\globalStorage\vexrobotics.vexcode\sdk\cpp\V5\V5_20220726_10_00_00/vexv5\libv5rt.a(vex_task.cpp.obj)
 .ARM.attributes
                0x038036c9       0x35 c:\Users\leoku\AppData\Roaming\Code\User\globalStorage\vexrobotics.vexcode\sdk\cpp\V5\V5_20220726_10_00_00/vexv5\libv5rt.a(vex_thread.cpp.obj)
 .ARM.attributes
                0x038036fe       0x35 c:\Users\leoku\AppData\Roaming\Code\User\globalStorage\vexrobotics.vexcode\sdk\cpp\V5\V5_20220726_10_00_00/vexv5\libv5rt.a(vex_event.cpp.obj)
 .ARM.attributes
                0x03803733       0x35 c:\Users\leoku\AppData\Roaming\Code\User\globalStorage\vexrobotics.vexcode\sdk\cpp\V5\V5_20220726_10_00_00/vexv5\libv5rt.a(vex_mevent.cpp.obj)
 .ARM.attributes
                0x03803768       0x35 c:\Users\leoku\AppData\Roaming\Code\User\globalStorage\vexrobotics.vexcode\sdk\cpp\V5\V5_20220726_10_00_00/vexv5\libv5rt.a(vex_brain.cpp.obj)
 .ARM.attributes
                0x0380379d       0x35 c:\Users\leoku\AppData\Roaming\Code\User\globalStorage\vexrobotics.vexcode\sdk\cpp\V5\V5_20220726_10_00_00/vexv5\libv5rt.a(vex_competition.cpp.obj)
 .ARM.attributes
                0x038037d2       0x35 c:\Users\leoku\AppData\Roaming\Code\User\globalStorage\vexrobotics.vexcode\sdk\cpp\V5\V5_20220726_10_00_00/vexv5\libv5rt.a(vex_triport.cpp.obj)
 .ARM.attributes
                0x03803807       0x35 c:\Users\leoku\AppData\Roaming\Code\User\globalStorage\vexrobotics.vexcode\sdk\cpp\V5\V5_20220726_10_00_00/vexv5\libv5rt.a(vex_color.cpp.obj)
 .ARM.attributes
                0x0380383c       0x35 c:\Users\leoku\AppData\Roaming\Code\User\globalStorage\vexrobotics.vexcode\sdk\cpp\V5\V5_20220726_10_00_00/vexv5\libv5rt.a(vex_timer.cpp.obj)
 .ARM.attributes
                0x03803871       0x35 c:\Users\leoku\AppData\Roaming\Code\User\globalStorage\vexrobotics.vexcode\sdk\cpp\V5\V5_20220726_10_00_00/vexv5\libv5rt.a(v5_apiuser.c.obj)
 .ARM.attributes
                0x038038a6       0x35 c:\Users\leoku\AppData\Roaming\Code\User\globalStorage\vexrobotics.vexcode\sdk\cpp\V5\V5_20220726_10_00_00/vexv5\libv5rt.a(vex_device.cpp.obj)
 .ARM.attributes
                0x038038db       0x2b c:\Users\leoku\AppData\Roaming\Code\User\globalStorage\vexrobotics.vexcode\sdk\cpp\V5\V5_20220726_10_00_00/vexv5/gcc/libs\libc.a(lib_a-fini.o)
 .ARM.attributes
                0x03803906       0x2b c:\Users\leoku\AppData\Roaming\Code\User\globalStorage\vexrobotics.vexcode\sdk\cpp\V5\V5_20220726_10_00_00/vexv5/gcc/libs\libc.a(lib_a-impure.o)
 .ARM.attributes
                0x03803931       0x2b c:\Users\leoku\AppData\Roaming\Code\User\globalStorage\vexrobotics.vexcode\sdk\cpp\V5\V5_20220726_10_00_00/vexv5/gcc/libs\libc.a(lib_a-init.o)
                0x0380395c                __ARM.attributes_end = .

.sdata          0x03803404        0x0
                0x03803404                __sdata_start = .
 *(.sdata)
 *(.sdata.*)
 *(.gnu.linkonce.s.*)
                0x03803404                __sdata_end = .

.sbss           0x03803404        0x0
                0x03803404                __sbss_start = .
 *(.sbss)
 *(.sbss.*)
 *(.gnu.linkonce.sb.*)
                0x03803404                __sbss_end = .

.tdata          0x03803404        0x0
                0x03803404                __tdata_start = .
 *(.tdata)
 *(.tdata.*)
 *(.gnu.linkonce.td.*)
                0x03803404                __tdata_end = .

.tbss           0x03803404        0x0
                0x03803404                __tbss_start = .
 *(.tbss)
 *(.tbss.*)
 *(.gnu.linkonce.tb.*)
                0x03803404                __tbss_end = .

.bss            0x03803408      0x6c0
                0x03803408                __bss_start = .
 *(.bss)
 *(.bss.*)
 .bss._ZStL8__ioinit
                0x03803408        0x1 build/src/main.o
 .bss._ZStL8__ioinit
                0x03803409        0x1 build/src/special_prog.o
 *fill*         0x0380340a        0x6 
 .bss.sensor_1_conv
                0x03803410        0x8 build/src/special_prog.o
                0x03803410                sensor_1_conv
 .bss.sensor_2_conv
                0x03803418        0x8 build/src/special_prog.o
                0x03803418                sensor_2_conv
 .bss.pos_to_360
                0x03803420       0x10 build/src/special_prog.o
                0x03803420                pos_to_360
 .bss.Brain     0x03803430      0x2bc build/src/robot-config.o
                0x03803430                Brain
 .bss.Competition
                0x038036ec       0x28 build/src/robot-config.o
                0x038036ec                Competition
 .bss.Controller1
                0x03803714      0x1ac build/src/robot-config.o
                0x03803714                Controller1
 .bss.leftFront
                0x038038c0       0x24 build/src/robot-config.o
                0x038038c0                leftFront
 .bss.leftBack  0x038038e4       0x24 build/src/robot-config.o
                0x038038e4                leftBack
 .bss.rightFront
                0x03803908       0x24 build/src/robot-config.o
                0x03803908                rightFront
 .bss.rightBack
                0x0380392c       0x24 build/src/robot-config.o
                0x0380392c                rightBack
 .bss.sensor1   0x03803950       0x10 build/src/robot-config.o
                0x03803950                sensor1
 .bss.sensor2   0x03803960       0x10 build/src/robot-config.o
                0x03803960                sensor2
 .bss.intakeMotor
                0x03803970       0x24 build/src/robot-config.o
                0x03803970                intakeMotor
 .bss.rFlywheel
                0x03803994       0x24 build/src/robot-config.o
                0x03803994                rFlywheel
 .bss.lFlywheel
                0x038039b8       0x24 build/src/robot-config.o
                0x038039b8                lFlywheel
 .bss.rollerMotor
                0x038039dc       0x24 build/src/robot-config.o
                0x038039dc                rollerMotor
 .bss.rollerMotor2
                0x03803a00       0x24 build/src/robot-config.o
                0x03803a00                rollerMotor2
 .bss.endgameMotor
                0x03803a24       0x24 build/src/robot-config.o
                0x03803a24                endgameMotor
 .bss.__dso_handle
                0x03803a48        0x4 c:\Users\leoku\AppData\Roaming\Code\User\globalStorage\vexrobotics.vexcode\sdk\cpp\V5\V5_20220726_10_00_00/vexv5\libv5rt.a(v5_startup.c.obj)
                0x03803a48                __dso_handle
 .bss._ZN3vex4task8_labelIdE
                0x03803a4c        0x4 c:\Users\leoku\AppData\Roaming\Code\User\globalStorage\vexrobotics.vexcode\sdk\cpp\V5\V5_20220726_10_00_00/vexv5\libv5rt.a(vex_task.cpp.obj)
                0x03803a4c                vex::task::_labelId
 .bss._ZN3vex11competition22bStopTasksBetweenModesE
                0x03803a50        0x1 c:\Users\leoku\AppData\Roaming\Code\User\globalStorage\vexrobotics.vexcode\sdk\cpp\V5\V5_20220726_10_00_00/vexv5\libv5rt.a(vex_competition.cpp.obj)
                0x03803a50                vex::competition::bStopTasksBetweenModes
 .bss._ZN3vex11competition25bStopAllTasksBetweenModesE
                0x03803a51        0x1 c:\Users\leoku\AppData\Roaming\Code\User\globalStorage\vexrobotics.vexcode\sdk\cpp\V5\V5_20220726_10_00_00/vexv5\libv5rt.a(vex_competition.cpp.obj)
                0x03803a51                vex::competition::bStopAllTasksBetweenModes
 .bss._ZN3vex11competition14_auton_pendingE
                0x03803a52        0x1 c:\Users\leoku\AppData\Roaming\Code\User\globalStorage\vexrobotics.vexcode\sdk\cpp\V5\V5_20220726_10_00_00/vexv5\libv5rt.a(vex_competition.cpp.obj)
                0x03803a52                vex::competition::_auton_pending
 *fill*         0x03803a53        0x1 
 .bss._ZN3vex11competition20_autonomous_callbackE
                0x03803a54        0x4 c:\Users\leoku\AppData\Roaming\Code\User\globalStorage\vexrobotics.vexcode\sdk\cpp\V5\V5_20220726_10_00_00/vexv5\libv5rt.a(vex_competition.cpp.obj)
                0x03803a54                vex::competition::_autonomous_callback
 .bss._ZN3vex11competition23_drivercontrol_callbackE
                0x03803a58        0x4 c:\Users\leoku\AppData\Roaming\Code\User\globalStorage\vexrobotics.vexcode\sdk\cpp\V5\V5_20220726_10_00_00/vexv5\libv5rt.a(vex_competition.cpp.obj)
                0x03803a58                vex::competition::_drivercontrol_callback
 .bss._ZN3vex11competition15_driver_pendingE
                0x03803a5c        0x1 c:\Users\leoku\AppData\Roaming\Code\User\globalStorage\vexrobotics.vexcode\sdk\cpp\V5\V5_20220726_10_00_00/vexv5\libv5rt.a(vex_competition.cpp.obj)
                0x03803a5c                vex::competition::_driver_pending
 *fill*         0x03803a5d        0x3 
 .bss._ZN3vex5color6orangeE
                0x03803a60        0x8 c:\Users\leoku\AppData\Roaming\Code\User\globalStorage\vexrobotics.vexcode\sdk\cpp\V5\V5_20220726_10_00_00/vexv5\libv5rt.a(vex_color.cpp.obj)
                0x03803a60                vex::color::orange
 .bss._ZN3vex5color5blackE
                0x03803a68        0x8 c:\Users\leoku\AppData\Roaming\Code\User\globalStorage\vexrobotics.vexcode\sdk\cpp\V5\V5_20220726_10_00_00/vexv5\libv5rt.a(vex_color.cpp.obj)
                0x03803a68                vex::color::black
 .bss._ZN3vex5color6yellowE
                0x03803a70        0x8 c:\Users\leoku\AppData\Roaming\Code\User\globalStorage\vexrobotics.vexcode\sdk\cpp\V5\V5_20220726_10_00_00/vexv5\libv5rt.a(vex_color.cpp.obj)
                0x03803a70                vex::color::yellow
 .bss._ZN3vex5color5greenE
                0x03803a78        0x8 c:\Users\leoku\AppData\Roaming\Code\User\globalStorage\vexrobotics.vexcode\sdk\cpp\V5\V5_20220726_10_00_00/vexv5\libv5rt.a(vex_color.cpp.obj)
                0x03803a78                vex::color::green
 .bss._ZN3vex5color6purpleE
                0x03803a80        0x8 c:\Users\leoku\AppData\Roaming\Code\User\globalStorage\vexrobotics.vexcode\sdk\cpp\V5\V5_20220726_10_00_00/vexv5\libv5rt.a(vex_color.cpp.obj)
                0x03803a80                vex::color::purple
 .bss._ZN3vex5color4cyanE
                0x03803a88        0x8 c:\Users\leoku\AppData\Roaming\Code\User\globalStorage\vexrobotics.vexcode\sdk\cpp\V5\V5_20220726_10_00_00/vexv5\libv5rt.a(vex_color.cpp.obj)
                0x03803a88                vex::color::cyan
 .bss._ZN3vex5color4blueE
                0x03803a90        0x8 c:\Users\leoku\AppData\Roaming\Code\User\globalStorage\vexrobotics.vexcode\sdk\cpp\V5\V5_20220726_10_00_00/vexv5\libv5rt.a(vex_color.cpp.obj)
                0x03803a90                vex::color::blue
 .bss._ZN3vex5color3redE
                0x03803a98        0x8 c:\Users\leoku\AppData\Roaming\Code\User\globalStorage\vexrobotics.vexcode\sdk\cpp\V5\V5_20220726_10_00_00/vexv5\libv5rt.a(vex_color.cpp.obj)
                0x03803a98                vex::color::red
 .bss._ZN3vex5color11transparentE
                0x03803aa0        0x8 c:\Users\leoku\AppData\Roaming\Code\User\globalStorage\vexrobotics.vexcode\sdk\cpp\V5\V5_20220726_10_00_00/vexv5\libv5rt.a(vex_color.cpp.obj)
                0x03803aa0                vex::color::transparent
 .bss._ZN3vex5color5whiteE
                0x03803aa8        0x8 c:\Users\leoku\AppData\Roaming\Code\User\globalStorage\vexrobotics.vexcode\sdk\cpp\V5\V5_20220726_10_00_00/vexv5\libv5rt.a(vex_color.cpp.obj)
                0x03803aa8                vex::color::white
 *(.gnu.linkonce.b.*)
 *(COMMON)
 COMMON         0x03803ab0       0x18 c:\Users\leoku\AppData\Roaming\Code\User\globalStorage\vexrobotics.vexcode\sdk\cpp\V5\V5_20220726_10_00_00/vexv5\libv5rt.a(v5_startup.c.obj)
                0x03803ab4                __vex_critical_section
                0x03803ac8                __bss_end = .
                0x03803404                _SDA_BASE_ = (__sdata_start + ((__sbss_end - __sdata_start) / 0x2))
                0x03802fa4                _SDA2_BASE_ = (__sdata2_start + ((__sbss2_end - __sdata2_start) / 0x2))

.heap           0x03803ac8   0x100008
                0x03803ad0                . = ALIGN (0x10)
 *fill*         0x03803ac8        0x8 
                0x03803ad0                _heap = .
                0x03803ad0                HeapBase = .
                0x03803ad0                _heap_start = .
                0x03903ad0                . = (. + _HEAP_SIZE)
 *fill*         0x03803ad0   0x100000 
                0x03903ad0                _heap_end = .
                0x03903ad0                HeapLimit = .

.stack          0x03903ad0     0x3800
                0x03903ad0                . = ALIGN (0x10)
                0x03903ad0                _stack_end = .
                0x03905ad0                . = (. + _STACK_SIZE)
 *fill*         0x03903ad0     0x2000 
                0x03905ad0                . = ALIGN (0x10)
                0x03905ad0                _stack = .
                0x03905ad0                __stack = _stack
                0x03905ad0                . = ALIGN (0x10)
                0x03905ad0                _irq_stack_end = .
                0x03905ed0                . = (. + _IRQ_STACK_SIZE)
 *fill*         0x03905ad0      0x400 
                0x03905ed0                . = ALIGN (0x10)
                0x03905ed0                __irq_stack = .
                0x03905ed0                _supervisor_stack_end = .
                0x039066d0                . = (. + _SUPERVISOR_STACK_SIZE)
 *fill*         0x03905ed0      0x800 
                0x039066d0                . = ALIGN (0x10)
                0x039066d0                __supervisor_stack = .
                0x039066d0                _abort_stack_end = .
                0x03906ad0                . = (. + _ABORT_STACK_SIZE)
 *fill*         0x039066d0      0x400 
                0x03906ad0                . = ALIGN (0x10)
                0x03906ad0                __abort_stack = .
                0x03906ad0                _fiq_stack_end = .
                0x03906ed0                . = (. + _FIQ_STACK_SIZE)
 *fill*         0x03906ad0      0x400 
                0x03906ed0                . = ALIGN (0x10)
                0x03906ed0                __fiq_stack = .
                0x03906ed0                _undef_stack_end = .
                0x039072d0                . = (. + _UNDEF_STACK_SIZE)
 *fill*         0x03906ed0      0x400 
                0x039072d0                . = ALIGN (0x10)
                0x039072d0                __undef_stack = .
                0x039072d0                _end = .
LOAD c:\Users\leoku\AppData\Roaming\Code\User\globalStorage\vexrobotics.vexcode\sdk\cpp\V5\V5_20220726_10_00_00/vexv5/stdlib_0.lib
LOAD build/src/main.o
LOAD build/src/auton-funcs.o
LOAD build/src/special_prog.o
LOAD build/src/robot-config.o
START GROUP
LOAD c:\Users\leoku\AppData\Roaming\Code\User\globalStorage\vexrobotics.vexcode\sdk\cpp\V5\V5_20220726_10_00_00/vexv5\libv5rt.a
LOAD c:\Users\leoku\AppData\Roaming\Code\User\globalStorage\vexrobotics.vexcode\sdk\cpp\V5\V5_20220726_10_00_00/vexv5/gcc/libs\libstdc++.a
LOAD c:\Users\leoku\AppData\Roaming\Code\User\globalStorage\vexrobotics.vexcode\sdk\cpp\V5\V5_20220726_10_00_00/vexv5/gcc/libs\libc.a
LOAD c:\Users\leoku\AppData\Roaming\Code\User\globalStorage\vexrobotics.vexcode\sdk\cpp\V5\V5_20220726_10_00_00/vexv5/gcc/libs\libm.a
LOAD c:\Users\leoku\AppData\Roaming\Code\User\globalStorage\vexrobotics.vexcode\sdk\cpp\V5\V5_20220726_10_00_00/vexv5/gcc/libs\libgcc.a
END GROUP
OUTPUT(build/Team_934M.elf elf32-littlearm)

.comment        0x00000000       0x9d
 .comment       0x00000000       0x2d build/src/main.o
                                 0x2e (size before relaxing)
 .comment       0x00000000       0x2e build/src/auton-funcs.o
 .comment       0x00000000       0x2e build/src/special_prog.o
 .comment       0x00000000       0x2e build/src/robot-config.o
 .comment       0x0000002d       0x70 c:\Users\leoku\AppData\Roaming\Code\User\globalStorage\vexrobotics.vexcode\sdk\cpp\V5\V5_20220726_10_00_00/vexv5\libv5rt.a(v5_startup.c.obj)
                                 0x71 (size before relaxing)
 .comment       0x00000000       0x71 c:\Users\leoku\AppData\Roaming\Code\User\globalStorage\vexrobotics.vexcode\sdk\cpp\V5\V5_20220726_10_00_00/vexv5\libv5rt.a(v5_util.c.obj)
 .comment       0x00000000       0x71 c:\Users\leoku\AppData\Roaming\Code\User\globalStorage\vexrobotics.vexcode\sdk\cpp\V5\V5_20220726_10_00_00/vexv5\libv5rt.a(v5_apijump.c.obj)
 .comment       0x00000000       0x71 c:\Users\leoku\AppData\Roaming\Code\User\globalStorage\vexrobotics.vexcode\sdk\cpp\V5\V5_20220726_10_00_00/vexv5\libv5rt.a(v5_apiversions.c.obj)
 .comment       0x00000000       0x71 c:\Users\leoku\AppData\Roaming\Code\User\globalStorage\vexrobotics.vexcode\sdk\cpp\V5\V5_20220726_10_00_00/vexv5\libv5rt.a(vex_global.cpp.obj)
 .comment       0x00000000       0x71 c:\Users\leoku\AppData\Roaming\Code\User\globalStorage\vexrobotics.vexcode\sdk\cpp\V5\V5_20220726_10_00_00/vexv5\libv5rt.a(vex_motor.cpp.obj)
 .comment       0x00000000       0x71 c:\Users\leoku\AppData\Roaming\Code\User\globalStorage\vexrobotics.vexcode\sdk\cpp\V5\V5_20220726_10_00_00/vexv5\libv5rt.a(vex_rotation.cpp.obj)
 .comment       0x00000000       0x71 c:\Users\leoku\AppData\Roaming\Code\User\globalStorage\vexrobotics.vexcode\sdk\cpp\V5\V5_20220726_10_00_00/vexv5\libv5rt.a(vex_controller.cpp.obj)
 .comment       0x00000000       0x71 c:\Users\leoku\AppData\Roaming\Code\User\globalStorage\vexrobotics.vexcode\sdk\cpp\V5\V5_20220726_10_00_00/vexv5\libv5rt.a(vex_task.cpp.obj)
 .comment       0x00000000       0x71 c:\Users\leoku\AppData\Roaming\Code\User\globalStorage\vexrobotics.vexcode\sdk\cpp\V5\V5_20220726_10_00_00/vexv5\libv5rt.a(vex_thread.cpp.obj)
 .comment       0x00000000       0x71 c:\Users\leoku\AppData\Roaming\Code\User\globalStorage\vexrobotics.vexcode\sdk\cpp\V5\V5_20220726_10_00_00/vexv5\libv5rt.a(vex_event.cpp.obj)
 .comment       0x00000000       0x71 c:\Users\leoku\AppData\Roaming\Code\User\globalStorage\vexrobotics.vexcode\sdk\cpp\V5\V5_20220726_10_00_00/vexv5\libv5rt.a(vex_mevent.cpp.obj)
 .comment       0x00000000       0x71 c:\Users\leoku\AppData\Roaming\Code\User\globalStorage\vexrobotics.vexcode\sdk\cpp\V5\V5_20220726_10_00_00/vexv5\libv5rt.a(vex_brain.cpp.obj)
 .comment       0x00000000       0x71 c:\Users\leoku\AppData\Roaming\Code\User\globalStorage\vexrobotics.vexcode\sdk\cpp\V5\V5_20220726_10_00_00/vexv5\libv5rt.a(vex_competition.cpp.obj)
 .comment       0x00000000       0x71 c:\Users\leoku\AppData\Roaming\Code\User\globalStorage\vexrobotics.vexcode\sdk\cpp\V5\V5_20220726_10_00_00/vexv5\libv5rt.a(vex_triport.cpp.obj)
 .comment       0x00000000       0x71 c:\Users\leoku\AppData\Roaming\Code\User\globalStorage\vexrobotics.vexcode\sdk\cpp\V5\V5_20220726_10_00_00/vexv5\libv5rt.a(vex_color.cpp.obj)
 .comment       0x00000000       0x71 c:\Users\leoku\AppData\Roaming\Code\User\globalStorage\vexrobotics.vexcode\sdk\cpp\V5\V5_20220726_10_00_00/vexv5\libv5rt.a(vex_timer.cpp.obj)
 .comment       0x00000000       0x71 c:\Users\leoku\AppData\Roaming\Code\User\globalStorage\vexrobotics.vexcode\sdk\cpp\V5\V5_20220726_10_00_00/vexv5\libv5rt.a(v5_apiuser.c.obj)
 .comment       0x00000000       0x71 c:\Users\leoku\AppData\Roaming\Code\User\globalStorage\vexrobotics.vexcode\sdk\cpp\V5\V5_20220726_10_00_00/vexv5\libv5rt.a(vex_device.cpp.obj)

.note.GNU-stack
                0x00000000        0x0
 .note.GNU-stack
                0x00000000        0x0 build/src/main.o
 .note.GNU-stack
                0x00000000        0x0 build/src/auton-funcs.o
 .note.GNU-stack
                0x00000000        0x0 build/src/special_prog.o
 .note.GNU-stack
                0x00000000        0x0 build/src/robot-config.o

.debug_frame    0x00000000       0x60
 .debug_frame   0x00000000       0x34 c:\Users\leoku\AppData\Roaming\Code\User\globalStorage\vexrobotics.vexcode\sdk\cpp\V5\V5_20220726_10_00_00/vexv5/gcc/libs\libc.a(lib_a-fini.o)
 .debug_frame   0x00000034       0x2c c:\Users\leoku\AppData\Roaming\Code\User\globalStorage\vexrobotics.vexcode\sdk\cpp\V5\V5_20220726_10_00_00/vexv5/gcc/libs\libc.a(lib_a-init.o)
