Archive member included because of file (symbol)

c:\Users\leoku\AppData\Roaming\Code\User\globalStorage\vexrobotics.vexcode\sdk\cpp\V5\V5_20220726_10_00_00/vexv5\libv5rt.a(v5_startup.c.obj)
                              (vexStartup)
c:\Users\leoku\AppData\Roaming\Code\User\globalStorage\vexrobotics.vexcode\sdk\cpp\V5\V5_20220726_10_00_00/vexv5\libv5rt.a(v5_util.c.obj)
                              c:\Users\leoku\AppData\Roaming\Code\User\globalStorage\vexrobotics.vexcode\sdk\cpp\V5\V5_20220726_10_00_00/vexv5\libv5rt.a(v5_startup.c.obj) (vexStdlibVersionLinked)
c:\Users\leoku\AppData\Roaming\Code\User\globalStorage\vexrobotics.vexcode\sdk\cpp\V5\V5_20220726_10_00_00/vexv5\libv5rt.a(v5_apijump.c.obj)
                              c:\Users\leoku\AppData\Roaming\Code\User\globalStorage\vexrobotics.vexcode\sdk\cpp\V5\V5_20220726_10_00_00/vexv5\libv5rt.a(v5_startup.c.obj) (vexPrivateApiEnable)
c:\Users\leoku\AppData\Roaming\Code\User\globalStorage\vexrobotics.vexcode\sdk\cpp\V5\V5_20220726_10_00_00/vexv5\libv5rt.a(v5_apiversions.c.obj)
                              c:\Users\leoku\AppData\Roaming\Code\User\globalStorage\vexrobotics.vexcode\sdk\cpp\V5\V5_20220726_10_00_00/vexv5\libv5rt.a(v5_apijump.c.obj) (vexSystemVersion)
c:\Users\leoku\AppData\Roaming\Code\User\globalStorage\vexrobotics.vexcode\sdk\cpp\V5\V5_20220726_10_00_00/vexv5\libv5rt.a(vex_global.cpp.obj)
                              build/src/main.o (vex::wait(double, vex::timeUnits))
c:\Users\leoku\AppData\Roaming\Code\User\globalStorage\vexrobotics.vexcode\sdk\cpp\V5\V5_20220726_10_00_00/vexv5\libv5rt.a(vex_device.cpp.obj)
                              build/src/main.o (vtable for vex::device)
c:\Users\leoku\AppData\Roaming\Code\User\globalStorage\vexrobotics.vexcode\sdk\cpp\V5\V5_20220726_10_00_00/vexv5\libv5rt.a(vex_motor.cpp.obj)
                              build/src/main.o (vex::motor::~motor())
c:\Users\leoku\AppData\Roaming\Code\User\globalStorage\vexrobotics.vexcode\sdk\cpp\V5\V5_20220726_10_00_00/vexv5\libv5rt.a(vex_controller.cpp.obj)
                              build/src/robot-config.o (vex::controller::~controller())
c:\Users\leoku\AppData\Roaming\Code\User\globalStorage\vexrobotics.vexcode\sdk\cpp\V5\V5_20220726_10_00_00/vexv5\libv5rt.a(vex_thread.cpp.obj)
                              c:\Users\leoku\AppData\Roaming\Code\User\globalStorage\vexrobotics.vexcode\sdk\cpp\V5\V5_20220726_10_00_00/vexv5\libv5rt.a(vex_global.cpp.obj) (vex::this_thread::sleep_for(unsigned long))
c:\Users\leoku\AppData\Roaming\Code\User\globalStorage\vexrobotics.vexcode\sdk\cpp\V5\V5_20220726_10_00_00/vexv5\libv5rt.a(vex_event.cpp.obj)
                              c:\Users\leoku\AppData\Roaming\Code\User\globalStorage\vexrobotics.vexcode\sdk\cpp\V5\V5_20220726_10_00_00/vexv5\libv5rt.a(vex_controller.cpp.obj) (vex::event::init(unsigned long, unsigned long, void (*)()))
c:\Users\leoku\AppData\Roaming\Code\User\globalStorage\vexrobotics.vexcode\sdk\cpp\V5\V5_20220726_10_00_00/vexv5\libv5rt.a(vex_mevent.cpp.obj)
                              c:\Users\leoku\AppData\Roaming\Code\User\globalStorage\vexrobotics.vexcode\sdk\cpp\V5\V5_20220726_10_00_00/vexv5\libv5rt.a(vex_controller.cpp.obj) (vex::mevent::mevent(unsigned long, unsigned long))
c:\Users\leoku\AppData\Roaming\Code\User\globalStorage\vexrobotics.vexcode\sdk\cpp\V5\V5_20220726_10_00_00/vexv5\libv5rt.a(vex_brain.cpp.obj)
                              build/src/gui.o (vex::brain::lcd::setCursor(long, long))
c:\Users\leoku\AppData\Roaming\Code\User\globalStorage\vexrobotics.vexcode\sdk\cpp\V5\V5_20220726_10_00_00/vexv5\libv5rt.a(vex_competition.cpp.obj)
                              build/src/robot-config.o (vex::competition::competition())
c:\Users\leoku\AppData\Roaming\Code\User\globalStorage\vexrobotics.vexcode\sdk\cpp\V5\V5_20220726_10_00_00/vexv5\libv5rt.a(vex_triport.cpp.obj)
                              c:\Users\leoku\AppData\Roaming\Code\User\globalStorage\vexrobotics.vexcode\sdk\cpp\V5\V5_20220726_10_00_00/vexv5\libv5rt.a(vex_brain.cpp.obj) (vex::triport::~triport())
c:\Users\leoku\AppData\Roaming\Code\User\globalStorage\vexrobotics.vexcode\sdk\cpp\V5\V5_20220726_10_00_00/vexv5\libv5rt.a(vex_color.cpp.obj)
                              c:\Users\leoku\AppData\Roaming\Code\User\globalStorage\vexrobotics.vexcode\sdk\cpp\V5\V5_20220726_10_00_00/vexv5\libv5rt.a(vex_brain.cpp.obj) (vex::color::operator unsigned long() const)
c:\Users\leoku\AppData\Roaming\Code\User\globalStorage\vexrobotics.vexcode\sdk\cpp\V5\V5_20220726_10_00_00/vexv5\libv5rt.a(vex_timer.cpp.obj)
                              c:\Users\leoku\AppData\Roaming\Code\User\globalStorage\vexrobotics.vexcode\sdk\cpp\V5\V5_20220726_10_00_00/vexv5\libv5rt.a(vex_brain.cpp.obj) (vex::timer::~timer())
c:\Users\leoku\AppData\Roaming\Code\User\globalStorage\vexrobotics.vexcode\sdk\cpp\V5\V5_20220726_10_00_00/vexv5\libv5rt.a(vex_motorgroup.cpp.obj)
                              build/src/robot-config.o (vex::motor_group::motor_group())
[...]
Memory Configuration

Name             Origin             Length             Attributes
ps7_ddr_0_S_AXI_BASEADDR 0x03800000         0x04800000
*default*        0x00000000         0xffffffff

Linker script and memory map

                0x00002000                _STACK_SIZE = DEFINED (_STACK_SIZE)?_STACK_SIZE:0x2000
                0x00100000                _HEAP_SIZE = DEFINED (_HEAP_SIZE)?_HEAP_SIZE:0x100000
                0x00000400                _ABORT_STACK_SIZE = DEFINED (_ABORT_STACK_SIZE)?_ABORT_STACK_SIZE:0x400
                0x00000800                _SUPERVISOR_STACK_SIZE = DEFINED (_SUPERVISOR_STACK_SIZE)?_SUPERVISOR_STACK_SIZE:0x800
                0x00000400                _IRQ_STACK_SIZE = DEFINED (_IRQ_STACK_SIZE)?_IRQ_STACK_SIZE:0x400
                0x00000400                _FIQ_STACK_SIZE = DEFINED (_FIQ_STACK_SIZE)?_FIQ_STACK_SIZE:0x400
                0x00000400                _UNDEF_STACK_SIZE = DEFINED (_UNDEF_STACK_SIZE)?_UNDEF_STACK_SIZE:0x400

.text           0x03800000     0x75e0
 *(.vectors)
 *(.boot_data)
 .boot_data     0x03800000       0x20 c:\Users\leoku\AppData\Roaming\Code\User\globalStorage\vexrobotics.vexcode\sdk\cpp\V5\V5_20220726_10_00_00/vexv5\libv5rt.a(v5_startup.c.obj)
                0x03800000                vexCodeSig
                0x00000020                . = 0x20
 *(.boot)
 .boot          0x03800020       0xbc c:\Users\leoku\AppData\Roaming\Code\User\globalStorage\vexrobotics.vexcode\sdk\cpp\V5\V5_20220726_10_00_00/vexv5\libv5rt.a(v5_startup.c.obj)
                0x03800020                vexStartup
                0x03800100                . = ALIGN (0x40)
 *fill*         0x038000dc       0x24 
 *(.freertos_vectors)
 *(.text)
 .text          0x03800100       0x3a c:\Users\leoku\AppData\Roaming\Code\User\globalStorage\vexrobotics.vexcode\sdk\cpp\V5\V5_20220726_10_00_00/vexv5/gcc/libs\libc.a(lib_a-aeabi_memmove-soft.o)
                0x03800100                __aeabi_memmove4
                0x03800100                __aeabi_memmove
                0x03800100                __aeabi_memmove8
 *(.text.*)
 *fill*         0x0380013a        0x2 
 .text._ZN15MotorCollectionD2Ev
                0x0380013c       0x20 build/src/main.o
                0x0380013c                MotorCollection::~MotorCollection()
 *fill*         0x0380015c        0x4 
 .text._Z9pre_autonv
                0x03800160      0x568 build/src/main.o
                0x03800160                pre_auton()
 .text._Z10autonomousv
                0x038006c8      0x520 build/src/main.o
                0x038006c8                autonomous()
 .text._Z11usercontrolv
                0x03800be8      0x770 build/src/main.o
                0x03800be8                usercontrol()
 .text.main     0x03801358       0x68 build/src/main.o
                0x03801358                main
 .text._ZNSt6vectorISsSaISsEED2Ev
                0x038013c0       0x44 build/src/main.o
                0x038013c0                std::vector<std::string, std::allocator<std::string> >::~vector()
 .text._ZNSt6vectorIN3vex5motorESaIS1_EED2Ev
                0x03801404       0x50 build/src/main.o
                0x03801404                std::vector<vex::motor, std::allocator<vex::motor> >::~vector()
 .text._ZNSt6vectorIN3vex5motorESaIS1_EEC2ERKS3_
                0x03801454       0xbc build/src/main.o
                0x03801454                std::vector<vex::motor, std::allocator<vex::motor> >::vector(std::vector<vex::motor, std::allocator<vex::motor> > const&)
 .text._ZNSt6vectorISsSaISsEEC2ERKS1_
                0x03801510       0x74 build/src/main.o
                0x03801510                std::vector<std::string, std::allocator<std::string> >::vector(std::vector<std::string, std::allocator<std::string> > const&)
 .text._ZNSt12_Vector_baseIN3vex5motorESaIS1_EE11_M_allocateEj
                0x03801584       0x3c build/src/main.o
                0x03801584                std::_Vector_base<vex::motor, std::allocator<vex::motor> >::_M_allocate(unsigned int)
 .text._ZNSt12_Vector_baseISsSaISsEE11_M_allocateEj
                0x038015c0       0x30 build/src/main.o
                0x038015c0                std::_Vector_base<std::string, std::allocator<std::string> >::_M_allocate(unsigned int)
 .text._GLOBAL__sub_I_main.cpp
                0x038015f0       0x80 build/src/main.o
 .text._Z13autonSelectorv
                0x03801670      0xabc build/src/gui.o
                0x03801670                autonSelector()
 .text._ZNSt3mapISsiSt4lessISsESaISt4pairIKSsiEEEC2ESt16initializer_listIS4_ERKS1_RKS5_
                0x0380212c       0x64 build/src/gui.o
                0x0380212c                std::map<std::string, int, std::less<std::string>, std::allocator<std::pair<std::string const, int> > >::map(std::initializer_list<std::pair<std::string const, int> >, std::less<std::string> const&, std::allocator<std::pair<std::string const, int> > const&)
 .text._ZNSt3mapISsiSt4lessISsESaISt4pairIKSsiEEEixEOSs
                0x03802190       0x8c build/src/gui.o
                0x03802190                std::map<std::string, int, std::less<std::string>, std::allocator<std::pair<std::string const, int> > >::operator[](std::string&&)
 .text._Z7drawGUI15MotorCollectionSs
                0x0380221c      0x618 build/src/gui.o
                0x0380221c                drawGUI(MotorCollection, std::string)
 .text._ZNSt8_Rb_treeISsSt4pairIKSsiESt10_Select1stIS2_ESt4lessISsESaIS2_EE8_M_eraseEPSt13_Rb_tree_nodeIS2_E
                0x03802834       0x48 build/src/gui.o
                0x03802834                std::_Rb_tree<std::string, std::pair<std::string const, int>, std::_Select1st<std::pair<std::string const, int> >, std::less<std::string>, std::allocator<std::pair<std::string const, int> > >::_M_erase(std::_Rb_tree_node<std::pair<std::string const, int> >*)
 .text._ZNSt8_Rb_treeISsSt4pairIKSsiESt10_Select1stIS2_ESt4lessISsESaIS2_EE17_M_insert_unique_IRKS2_EESt17_Rb_tree_iteratorIS2_ESt23_Rb_tree_const_iteratorIS2_EOT_
                0x0380287c       0x50 build/src/gui.o
                0x0380287c                std::_Rb_tree_iterator<std::pair<std::string const, int> > std::_Rb_tree<std::string, std::pair<std::string const, int>, std::_Select1st<std::pair<std::string const, int> >, std::less<std::string>, std::allocator<std::pair<std::string const, int> > >::_M_insert_unique_<std::pair<std::string const, int> const&>(std::_Rb_tree_const_iterator<std::pair<std::string const, int> >, std::pair<std::string const, int> const&)
 .text._ZNSt8_Rb_treeISsSt4pairIKSsiESt10_Select1stIS2_ESt4lessISsESaIS2_EE29_M_get_insert_hint_unique_posESt23_Rb_tree_const_iteratorIS2_ERS1_
                0x038028cc      0x210 build/src/gui.o
                0x038028cc                std::_Rb_tree<std::string, std::pair<std::string const, int>, std::_Select1st<std::pair<std::string const, int> >, std::less<std::string>, std::allocator<std::pair<std::string const, int> > >::_M_get_insert_hint_unique_pos(std::_Rb_tree_const_iterator<std::pair<std::string const, int> >, std::string const&)
 .text._ZNSt8_Rb_treeISsSt4pairIKSsiESt10_Select1stIS2_ESt4lessISsESaIS2_EE10_M_insert_IRKS2_EESt17_Rb_tree_iteratorIS2_EPSt18_Rb_tree_node_baseSF_OT_
                0x03802adc       0xa0 build/src/gui.o
                0x03802adc                std::_Rb_tree_iterator<std::pair<std::string const, int> > std::_Rb_tree<std::string, std::pair<std::string const, int>, std::_Select1st<std::pair<std::string const, int> >, std::less<std::string>, std::allocator<std::pair<std::string const, int> > >::_M_insert_<std::pair<std::string const, int> const&>(std::_Rb_tree_node_base*, std::_Rb_tree_node_base*, std::pair<std::string const, int> const&)
 .text._ZNSt8_Rb_treeISsSt4pairIKSsiESt10_Select1stIS2_ESt4lessISsESaIS2_EE24_M_get_insert_unique_posERS1_
                0x03802b7c       0xe8 build/src/gui.o
                0x03802b7c                std::_Rb_tree<std::string, std::pair<std::string const, int>, std::_Select1st<std::pair<std::string const, int> >, std::less<std::string>, std::allocator<std::pair<std::string const, int> > >::_M_get_insert_unique_pos(std::string const&)
 .text._ZNSt8_Rb_treeISsSt4pairIKSsiESt10_Select1stIS2_ESt4lessISsESaIS2_EE22_M_emplace_hint_uniqueIJRKSt21piecewise_construct_tSt5tupleIJOSsEESD_IJEEEEESt17_Rb_tree_iteratorIS2_ESt23_Rb_tree_const_iteratorIS2_EDpOT_
                0x03802c64       0x9c build/src/gui.o
                0x03802c64                std::_Rb_tree_iterator<std::pair<std::string const, int> > std::_Rb_tree<std::string, std::pair<std::string const, int>, std::_Select1st<std::pair<std::string const, int> >, std::less<std::string>, std::allocator<std::pair<std::string const, int> > >::_M_emplace_hint_unique<std::piecewise_construct_t const&, std::tuple<std::string&&>, std::tuple<> >(std::_Rb_tree_const_iterator<std::pair<std::string const, int> >, std::piecewise_construct_t const&, std::tuple<std::string&&>&&, std::tuple<>&&)
 .text._ZNSt8_Rb_treeISsSt4pairIKSsiESt10_Select1stIS2_ESt4lessISsESaIS2_EE11lower_boundERS1_
                0x03802d00       0x6c build/src/gui.o
                0x03802d00                std::_Rb_tree<std::string, std::pair<std::string const, int>, std::_Select1st<std::pair<std::string const, int> >, std::less<std::string>, std::allocator<std::pair<std::string const, int> > >::lower_bound(std::string const&)
 .text._ZNSt8_Rb_treeISsSt4pairIKSsiESt10_Select1stIS2_ESt4lessISsESaIS2_EE14_M_insert_nodeEPSt18_Rb_tree_node_baseSA_PSt13_Rb_tree_nodeIS2_E
                0x03802d6c       0x7c build/src/gui.o
                0x03802d6c                std::_Rb_tree<std::string, std::pair<std::string const, int>, std::_Select1st<std::pair<std::string const, int> >, std::less<std::string>, std::allocator<std::pair<std::string const, int> > >::_M_insert_node(std::_Rb_tree_node_base*, std::_Rb_tree_node_base*, std::_Rb_tree_node<std::pair<std::string const, int> >*)
 .text._Z4turniSsi
                0x03802de8      0x110 build/src/auton.o
                0x03802de8                turn(int, std::string, int)
 .text._Z5driveiSsi
                0x03802ef8      0x104 build/src/auton.o
                0x03802ef8                drive(int, std::string, int)
 .text._ZN15MotorCollection8addMotorEN3vex5motorESs
                0x03802ffc       0x24 build/src/robot-config.o
                0x03802ffc                MotorCollection::addMotor(vex::motor, std::string)
 .text._ZNSt6vectorIN3vex5motorESaIS1_EE9push_backERKS1_
                0x03803020       0x68 build/src/robot-config.o
                0x03803020                std::vector<vex::motor, std::allocator<vex::motor> >::push_back(vex::motor const&)
 .text._ZNSt6vectorISsSaISsEE9push_backERKSs
                0x03803088       0x3c build/src/robot-config.o
                0x03803088                std::vector<std::string, std::allocator<std::string> >::push_back(std::string const&)
 .text._ZN15MotorCollection11isConnectedEv
                0x038030c4       0xc8 build/src/robot-config.o
                0x038030c4                MotorCollection::isConnected()
 .text._ZNSt6vectorIbSaIbEE9push_backEb
                0x0380318c       0x68 build/src/robot-config.o
                0x0380318c                std::vector<bool, std::allocator<bool> >::push_back(bool)
 .text._ZN15MotorCollection16checkDriveMotorsEv
                0x038031f4      0x220 build/src/robot-config.o
                0x038031f4                MotorCollection::checkDriveMotors()
 .text._ZN15MotorCollection15returnPositionsEv
                0x03803414      0x1d8 build/src/robot-config.o
                0x03803414                MotorCollection::returnPositions()
 .text._Z9to_stringIdESsT_
                0x038035ec       0x50 build/src/robot-config.o
                0x038035ec                std::string to_string<double>(double)
 .text._ZN15MotorCollection16returnVelocitiesEv
                0x0380363c      0x1d8 build/src/robot-config.o
                0x0380363c                MotorCollection::returnVelocities()
 .text._ZN15MotorCollection12returnTorqueEv
                0x03803814      0x1d8 build/src/robot-config.o
                0x03803814                MotorCollection::returnTorque()
 .text._ZN15MotorCollection18returnTemperaturesEv
                0x038039ec      0x1d8 build/src/robot-config.o
                0x038039ec                MotorCollection::returnTemperatures()
 .text._ZN3vex11motor_groupC2IJNS_5motorES2_S2_S2_S2_S2_S2_EEERS2_DpRT_
                0x03803bc4       0x68 build/src/robot-config.o
                0x03803bc4                vex::motor_group::motor_group<vex::motor, vex::motor, vex::motor, vex::motor, vex::motor, vex::motor, vex::motor>(vex::motor&, vex::motor&, vex::motor&, vex::motor&, vex::motor&, vex::motor&, vex::motor&, vex::motor&)
 .text._ZN3vex11motor_groupC2IJNS_5motorES2_S2_EEERS2_DpRT_
                0x03803c2c       0x50 build/src/robot-config.o
                0x03803c2c                vex::motor_group::motor_group<vex::motor, vex::motor, vex::motor>(vex::motor&, vex::motor&, vex::motor&, vex::motor&)
 .text._ZNSt6vectorIN3vex5motorESaIS1_EE19_M_emplace_back_auxIJRKS1_EEEvDpOT_
                0x03803c7c      0x130 build/src/robot-config.o
                0x03803c7c                void std::vector<vex::motor, std::allocator<vex::motor> >::_M_emplace_back_aux<vex::motor const&>(vex::motor const&)
 .text._ZNKSt6vectorIN3vex5motorESaIS1_EE12_M_check_lenEjPKc
                0x03803dac       0x64 build/src/robot-config.o
                0x03803dac                std::vector<vex::motor, std::allocator<vex::motor> >::_M_check_len(unsigned int, char const*) const
 .text._ZNSt6vectorISsSaISsEE19_M_emplace_back_auxIJRKSsEEEvDpOT_
                0x03803e10       0xb0 build/src/robot-config.o
                0x03803e10                void std::vector<std::string, std::allocator<std::string> >::_M_emplace_back_aux<std::string const&>(std::string const&)
 .text._ZNKSt6vectorISsSaISsEE12_M_check_lenEjPKc
                0x03803ec0       0x54 build/src/robot-config.o
                0x03803ec0                std::vector<std::string, std::allocator<std::string> >::_M_check_len(unsigned int, char const*) const
 .text._ZNSt6vectorIbSaIbEE13_M_insert_auxESt13_Bit_iteratorb
                0x03803f14      0x1a8 build/src/robot-config.o
                0x03803f14                std::vector<bool, std::allocator<bool> >::_M_insert_aux(std::_Bit_iterator, bool)
 .text._ZNKSt6vectorIbSaIbEE12_M_check_lenEjPKc
                0x038040bc       0x60 build/src/robot-config.o
                0x038040bc                std::vector<bool, std::allocator<bool> >::_M_check_len(unsigned int, char const*) const
 .text._ZNSt6vectorIbSaIbEE15_M_copy_alignedESt19_Bit_const_iteratorS2_St13_Bit_iterator
                0x0380411c       0x68 build/src/robot-config.o
                0x0380411c                std::vector<bool, std::allocator<bool> >::_M_copy_aligned(std::_Bit_const_iterator, std::_Bit_const_iterator, std::_Bit_iterator)
 .text._ZNSt20__copy_move_backwardILb0ELb0ESt26random_access_iterator_tagE13__copy_move_bISt13_Bit_iteratorS3_EET0_T_S5_S4_
                0x03804184       0x90 build/src/robot-config.o
                0x03804184                std::_Bit_iterator std::__copy_move_backward<false, false, std::random_access_iterator_tag>::__copy_move_b<std::_Bit_iterator, std::_Bit_iterator>(std::_Bit_iterator, std::_Bit_iterator, std::_Bit_iterator)
 .text._ZNSt11__copy_moveILb0ELb0ESt26random_access_iterator_tagE8__copy_mISt19_Bit_const_iteratorSt13_Bit_iteratorEET0_T_S6_S5_
                0x03804214       0x8c build/src/robot-config.o
                0x03804214                std::_Bit_iterator std::__copy_move<false, false, std::random_access_iterator_tag>::__copy_m<std::_Bit_const_iterator, std::_Bit_iterator>(std::_Bit_const_iterator, std::_Bit_const_iterator, std::_Bit_iterator)
 .text._ZNSt11__copy_moveILb0ELb0ESt26random_access_iterator_tagE8__copy_mISt13_Bit_iteratorS3_EET0_T_S5_S4_
                0x038042a0       0x8c build/src/robot-config.o
                0x038042a0                std::_Bit_iterator std::__copy_move<false, false, std::random_access_iterator_tag>::__copy_m<std::_Bit_iterator, std::_Bit_iterator>(std::_Bit_iterator, std::_Bit_iterator, std::_Bit_iterator)
 .text._ZSt9__find_ifIN9__gnu_cxx17__normal_iteratorIPSsSt6vectorISsSaISsEEEENS0_5__ops16_Iter_equals_valIA3_KcEEET_SC_SC_T0_St26random_access_iterator_tag
                0x0380432c      0x110 build/src/robot-config.o
                0x0380432c                __gnu_cxx::__normal_iterator<std::string*, std::vector<std::string, std::allocator<std::string> > > std::__find_if<__gnu_cxx::__normal_iterator<std::string*, std::vector<std::string, std::allocator<std::string> > >, __gnu_cxx::__ops::_Iter_equals_val<char const [3]> >(__gnu_cxx::__normal_iterator<std::string*, std::vector<std::string, std::allocator<std::string> > >, __gnu_cxx::__normal_iterator<std::string*, std::vector<std::string, std::allocator<std::string> > >, __gnu_cxx::__ops::_Iter_equals_val<char const [3]>, std::random_access_iterator_tag)
 .text._ZNSt6vectorISsSaISsEE19_M_emplace_back_auxIJSsEEEvDpOT_
                0x0380443c       0xa8 build/src/robot-config.o
                0x0380443c                void std::vector<std::string, std::allocator<std::string> >::_M_emplace_back_aux<std::string>(std::string&&)
 .text._ZN3vex11motor_group9_addMotorIJNS_5motorES2_S2_S2_EEEvRS2_DpRT_
                0x038044e4       0x4c build/src/robot-config.o
                0x038044e4                void vex::motor_group::_addMotor<vex::motor, vex::motor, vex::motor, vex::motor>(vex::motor&, vex::motor&, vex::motor&, vex::motor&, vex::motor&)
 .text._GLOBAL__sub_I_robot_config.cpp
                0x03804530      0x368 build/src/robot-config.o
 .text.vexMain  0x03804898       0xb0 c:\Users\leoku\AppData\Roaming\Code\User\globalStorage\vexrobotics.vexcode\sdk\cpp\V5\V5_20220726_10_00_00/vexv5\libv5rt.a(v5_startup.c.obj)
                0x03804898                vexMain
 .text.__vex_function_prolog
                0x03804948       0x18 c:\Users\leoku\AppData\Roaming\Code\User\globalStorage\vexrobotics.vexcode\sdk\cpp\V5\V5_20220726_10_00_00/vexv5\libv5rt.a(v5_startup.c.obj)
                0x03804948                __vex_function_prolog
 .text._init    0x03804960        0x4 c:\Users\leoku\AppData\Roaming\Code\User\globalStorage\vexrobotics.vexcode\sdk\cpp\V5\V5_20220726_10_00_00/vexv5\libv5rt.a(v5_startup.c.obj)
                0x03804960                _init
 .text._fini    0x03804964        0x4 c:\Users\leoku\AppData\Roaming\Code\User\globalStorage\vexrobotics.vexcode\sdk\cpp\V5\V5_20220726_10_00_00/vexv5\libv5rt.a(v5_startup.c.obj)
                0x03804964                _fini
 .text.vexStdlibVersionLinked
                0x03804968        0xc c:\Users\leoku\AppData\Roaming\Code\User\globalStorage\vexrobotics.vexcode\sdk\cpp\V5\V5_20220726_10_00_00/vexv5\libv5rt.a(v5_util.c.obj)
                0x03804968                vexStdlibVersionLinked
 .text.vexStdlibVersionVerify
                0x03804974       0x30 c:\Users\leoku\AppData\Roaming\Code\User\globalStorage\vexrobotics.vexcode\sdk\cpp\V5\V5_20220726_10_00_00/vexv5\libv5rt.a(v5_util.c.obj)
                0x03804974                vexStdlibVersionVerify
 .text.vexPrivateApiEnable
                0x038049a4       0x10 c:\Users\leoku\AppData\Roaming\Code\User\globalStorage\vexrobotics.vexcode\sdk\cpp\V5\V5_20220726_10_00_00/vexv5\libv5rt.a(v5_apijump.c.obj)
                0x038049a4                vexPrivateApiEnable
 .text.vexStdlibMismatchError
                0x038049b4       0x3c c:\Users\leoku\AppData\Roaming\Code\User\globalStorage\vexrobotics.vexcode\sdk\cpp\V5\V5_20220726_10_00_00/vexv5\libv5rt.a(v5_apijump.c.obj)
                0x038049b4                vexStdlibMismatchError
 .text.vexTaskAdd
                0x038049f0       0x10 c:\Users\leoku\AppData\Roaming\Code\User\globalStorage\vexrobotics.vexcode\sdk\cpp\V5\V5_20220726_10_00_00/vexv5\libv5rt.a(v5_apijump.c.obj)
                0x038049f0                vexTaskAdd
 .text.vexTasksRun
                0x03804a00       0x10 c:\Users\leoku\AppData\Roaming\Code\User\globalStorage\vexrobotics.vexcode\sdk\cpp\V5\V5_20220726_10_00_00/vexv5\libv5rt.a(v5_apijump.c.obj)
                0x03804a00                vexTasksRun
 .text.vexTaskYield
                0x03804a10       0x10 c:\Users\leoku\AppData\Roaming\Code\User\globalStorage\vexrobotics.vexcode\sdk\cpp\V5\V5_20220726_10_00_00/vexv5\libv5rt.a(v5_apijump.c.obj)
                0x03804a10                vexTaskYield
 .text.vexTaskCheckTimeslice
                0x03804a20       0x10 c:\Users\leoku\AppData\Roaming\Code\User\globalStorage\vexrobotics.vexcode\sdk\cpp\V5\V5_20220726_10_00_00/vexv5\libv5rt.a(v5_apijump.c.obj)
                0x03804a20                vexTaskCheckTimeslice
 .text.vexTaskSleep
                0x03804a30       0x10 c:\Users\leoku\AppData\Roaming\Code\User\globalStorage\vexrobotics.vexcode\sdk\cpp\V5\V5_20220726_10_00_00/vexv5\libv5rt.a(v5_apijump.c.obj)
                0x03804a30                vexTaskSleep
 .text.vexTasksDump
                0x03804a40       0x1c c:\Users\leoku\AppData\Roaming\Code\User\globalStorage\vexrobotics.vexcode\sdk\cpp\V5\V5_20220726_10_00_00/vexv5\libv5rt.a(v5_apijump.c.obj)
                0x03804a40                vexTasksDump
 .text.vexTaskGetTaskIndex
                0x03804a5c       0x10 c:\Users\leoku\AppData\Roaming\Code\User\globalStorage\vexrobotics.vexcode\sdk\cpp\V5\V5_20220726_10_00_00/vexv5\libv5rt.a(v5_apijump.c.obj)
                0x03804a5c                vexTaskGetTaskIndex
 .text.vexTaskStopAll
                0x03804a6c       0x10 c:\Users\leoku\AppData\Roaming\Code\User\globalStorage\vexrobotics.vexcode\sdk\cpp\V5\V5_20220726_10_00_00/vexv5\libv5rt.a(v5_apijump.c.obj)
                0x03804a6c                vexTaskStopAll
 .text.vexTaskRemoveAllUser
                0x03804a7c       0x34 c:\Users\leoku\AppData\Roaming\Code\User\globalStorage\vexrobotics.vexcode\sdk\cpp\V5\V5_20220726_10_00_00/vexv5\libv5rt.a(v5_apijump.c.obj)
                0x03804a7c                vexTaskRemoveAllUser
 .text.vexTaskCompletionIdSet
                0x03804ab0       0x10 c:\Users\leoku\AppData\Roaming\Code\User\globalStorage\vexrobotics.vexcode\sdk\cpp\V5\V5_20220726_10_00_00/vexv5\libv5rt.a(v5_apijump.c.obj)
                0x03804ab0                vexTaskCompletionIdSet
 .text.vexTaskStopWithId
                0x03804ac0       0x10 c:\Users\leoku\AppData\Roaming\Code\User\globalStorage\vexrobotics.vexcode\sdk\cpp\V5\V5_20220726_10_00_00/vexv5\libv5rt.a(v5_apijump.c.obj)
                0x03804ac0                vexTaskStopWithId
 .text.vexCriticalSection
                0x03804ad0       0x2c c:\Users\leoku\AppData\Roaming\Code\User\globalStorage\vexrobotics.vexcode\sdk\cpp\V5\V5_20220726_10_00_00/vexv5\libv5rt.a(v5_apijump.c.obj)
                0x03804ad0                vexCriticalSection
 .text.vexEventAdd
                0x03804afc       0x34 c:\Users\leoku\AppData\Roaming\Code\User\globalStorage\vexrobotics.vexcode\sdk\cpp\V5\V5_20220726_10_00_00/vexv5\libv5rt.a(v5_apijump.c.obj)
                0x03804afc                vexEventAdd
 .text.vexEventUserIndexGet
                0x03804b30       0x1c c:\Users\leoku\AppData\Roaming\Code\User\globalStorage\vexrobotics.vexcode\sdk\cpp\V5\V5_20220726_10_00_00/vexv5\libv5rt.a(v5_apijump.c.obj)
                0x03804b30                vexEventUserIndexGet
 .text.vexEventAddWithArg
                0x03804b4c       0x3c c:\Users\leoku\AppData\Roaming\Code\User\globalStorage\vexrobotics.vexcode\sdk\cpp\V5\V5_20220726_10_00_00/vexv5\libv5rt.a(v5_apijump.c.obj)
                0x03804b4c                vexEventAddWithArg
 .text.vexEventsCleanup
                0x03804b88       0x2c c:\Users\leoku\AppData\Roaming\Code\User\globalStorage\vexrobotics.vexcode\sdk\cpp\V5\V5_20220726_10_00_00/vexv5\libv5rt.a(v5_apijump.c.obj)
                0x03804b88                vexEventsCleanup
 .text.vexDebug
                0x03804bb4       0x38 c:\Users\leoku\AppData\Roaming\Code\User\globalStorage\vexrobotics.vexcode\sdk\cpp\V5\V5_20220726_10_00_00/vexv5\libv5rt.a(v5_apijump.c.obj)
                0x03804bb4                vexDebug
 .text.vex_sprintf
                0x03804bec       0x40 c:\Users\leoku\AppData\Roaming\Code\User\globalStorage\vexrobotics.vexcode\sdk\cpp\V5\V5_20220726_10_00_00/vexv5\libv5rt.a(v5_apijump.c.obj)
                0x03804bec                vex_sprintf
 .text.vex_vsnprintf
                0x03804c2c       0x3c c:\Users\leoku\AppData\Roaming\Code\User\globalStorage\vexrobotics.vexcode\sdk\cpp\V5\V5_20220726_10_00_00/vexv5\libv5rt.a(v5_apijump.c.obj)
                0x03804c2c                vex_vsnprintf
 .text.vexSystemTimeGet
                0x03804c68       0x1c c:\Users\leoku\AppData\Roaming\Code\User\globalStorage\vexrobotics.vexcode\sdk\cpp\V5\V5_20220726_10_00_00/vexv5\libv5rt.a(v5_apijump.c.obj)
                0x03804c68                vexSystemTimeGet
 .text.vexSystemExitRequest
                0x03804c84       0x1c c:\Users\leoku\AppData\Roaming\Code\User\globalStorage\vexrobotics.vexcode\sdk\cpp\V5\V5_20220726_10_00_00/vexv5\libv5rt.a(v5_apijump.c.obj)
                0x03804c84                vexSystemExitRequest
 .text.vexDeviceGetByIndex
                0x03804ca0       0x24 c:\Users\leoku\AppData\Roaming\Code\User\globalStorage\vexrobotics.vexcode\sdk\cpp\V5\V5_20220726_10_00_00/vexv5\libv5rt.a(v5_apijump.c.obj)
                0x03804ca0                vexDeviceGetByIndex
 .text.vexControllerGet
                0x03804cc4       0x2c c:\Users\leoku\AppData\Roaming\Code\User\globalStorage\vexrobotics.vexcode\sdk\cpp\V5\V5_20220726_10_00_00/vexv5\libv5rt.a(v5_apijump.c.obj)
                0x03804cc4                vexControllerGet
 .text.vexControllerTextSet
                0x03804cf0       0x74 c:\Users\leoku\AppData\Roaming\Code\User\globalStorage\vexrobotics.vexcode\sdk\cpp\V5\V5_20220726_10_00_00/vexv5\libv5rt.a(v5_apijump.c.obj)
                0x03804cf0                vexControllerTextSet
 .text.vexDeviceMotorVelocitySet
                0x03804d64       0x2c c:\Users\leoku\AppData\Roaming\Code\User\globalStorage\vexrobotics.vexcode\sdk\cpp\V5\V5_20220726_10_00_00/vexv5\libv5rt.a(v5_apijump.c.obj)
                0x03804d64                vexDeviceMotorVelocitySet
 .text.vexDeviceMotorVelocityGet
                0x03804d90       0x24 c:\Users\leoku\AppData\Roaming\Code\User\globalStorage\vexrobotics.vexcode\sdk\cpp\V5\V5_20220726_10_00_00/vexv5\libv5rt.a(v5_apijump.c.obj)
                0x03804d90                vexDeviceMotorVelocityGet
 .text.vexDeviceMotorActualVelocityGet
                0x03804db4       0x24 c:\Users\leoku\AppData\Roaming\Code\User\globalStorage\vexrobotics.vexcode\sdk\cpp\V5\V5_20220726_10_00_00/vexv5\libv5rt.a(v5_apijump.c.obj)
                0x03804db4                vexDeviceMotorActualVelocityGet
 .text.vexDeviceMotorModeGet
                0x03804dd8       0x24 c:\Users\leoku\AppData\Roaming\Code\User\globalStorage\vexrobotics.vexcode\sdk\cpp\V5\V5_20220726_10_00_00/vexv5\libv5rt.a(v5_apijump.c.obj)
                0x03804dd8                vexDeviceMotorModeGet
 .text.vexDeviceMotorCurrentLimitSet
                0x03804dfc       0x2c c:\Users\leoku\AppData\Roaming\Code\User\globalStorage\vexrobotics.vexcode\sdk\cpp\V5\V5_20220726_10_00_00/vexv5\libv5rt.a(v5_apijump.c.obj)
                0x03804dfc                vexDeviceMotorCurrentLimitSet
 .text.vexDeviceMotorTorqueGet
                0x03804e28       0x24 c:\Users\leoku\AppData\Roaming\Code\User\globalStorage\vexrobotics.vexcode\sdk\cpp\V5\V5_20220726_10_00_00/vexv5\libv5rt.a(v5_apijump.c.obj)
                0x03804e28                vexDeviceMotorTorqueGet
 .text.vexDeviceMotorTemperatureGet
                0x03804e4c       0x24 c:\Users\leoku\AppData\Roaming\Code\User\globalStorage\vexrobotics.vexcode\sdk\cpp\V5\V5_20220726_10_00_00/vexv5\libv5rt.a(v5_apijump.c.obj)
                0x03804e4c                vexDeviceMotorTemperatureGet
 .text.vexDeviceMotorZeroPositionFlagGet
                0x03804e70       0x24 c:\Users\leoku\AppData\Roaming\Code\User\globalStorage\vexrobotics.vexcode\sdk\cpp\V5\V5_20220726_10_00_00/vexv5\libv5rt.a(v5_apijump.c.obj)
                0x03804e70                vexDeviceMotorZeroPositionFlagGet
 .text.vexDeviceMotorReverseFlagSet
                0x03804e94       0x2c c:\Users\leoku\AppData\Roaming\Code\User\globalStorage\vexrobotics.vexcode\sdk\cpp\V5\V5_20220726_10_00_00/vexv5\libv5rt.a(v5_apijump.c.obj)
                0x03804e94                vexDeviceMotorReverseFlagSet
 .text.vexDeviceMotorEncoderUnitsSet
                0x03804ec0       0x2c c:\Users\leoku\AppData\Roaming\Code\User\globalStorage\vexrobotics.vexcode\sdk\cpp\V5\V5_20220726_10_00_00/vexv5\libv5rt.a(v5_apijump.c.obj)
                0x03804ec0                vexDeviceMotorEncoderUnitsSet
 .text.vexDeviceMotorBrakeModeSet
                0x03804eec       0x2c c:\Users\leoku\AppData\Roaming\Code\User\globalStorage\vexrobotics.vexcode\sdk\cpp\V5\V5_20220726_10_00_00/vexv5\libv5rt.a(v5_apijump.c.obj)
                0x03804eec                vexDeviceMotorBrakeModeSet
 .text.vexDeviceMotorPositionSet
                0x03804f18       0x34 c:\Users\leoku\AppData\Roaming\Code\User\globalStorage\vexrobotics.vexcode\sdk\cpp\V5\V5_20220726_10_00_00/vexv5\libv5rt.a(v5_apijump.c.obj)
                0x03804f18                vexDeviceMotorPositionSet
 .text.vexDeviceMotorPositionGet
                0x03804f4c       0x24 c:\Users\leoku\AppData\Roaming\Code\User\globalStorage\vexrobotics.vexcode\sdk\cpp\V5\V5_20220726_10_00_00/vexv5\libv5rt.a(v5_apijump.c.obj)
                0x03804f4c                vexDeviceMotorPositionGet
 .text.vexDeviceMotorAbsoluteTargetSet
                0x03804f70       0x3c c:\Users\leoku\AppData\Roaming\Code\User\globalStorage\vexrobotics.vexcode\sdk\cpp\V5\V5_20220726_10_00_00/vexv5\libv5rt.a(v5_apijump.c.obj)
                0x03804f70                vexDeviceMotorAbsoluteTargetSet
 .text.vexDeviceMotorRelativeTargetSet
                0x03804fac       0x3c c:\Users\leoku\AppData\Roaming\Code\User\globalStorage\vexrobotics.vexcode\sdk\cpp\V5\V5_20220726_10_00_00/vexv5\libv5rt.a(v5_apijump.c.obj)
                0x03804fac                vexDeviceMotorRelativeTargetSet
 .text.vexDeviceMotorGearingSet
                0x03804fe8       0x2c c:\Users\leoku\AppData\Roaming\Code\User\globalStorage\vexrobotics.vexcode\sdk\cpp\V5\V5_20220726_10_00_00/vexv5\libv5rt.a(v5_apijump.c.obj)
                0x03804fe8                vexDeviceMotorGearingSet
 .text.vexDeviceMotorGearingGet
                0x03805014       0x24 c:\Users\leoku\AppData\Roaming\Code\User\globalStorage\vexrobotics.vexcode\sdk\cpp\V5\V5_20220726_10_00_00/vexv5\libv5rt.a(v5_apijump.c.obj)
                0x03805014                vexDeviceMotorGearingGet
 .text.vexDisplayForegroundColor
                0x03805038       0x24 c:\Users\leoku\AppData\Roaming\Code\User\globalStorage\vexrobotics.vexcode\sdk\cpp\V5\V5_20220726_10_00_00/vexv5\libv5rt.a(v5_apijump.c.obj)
                0x03805038                vexDisplayForegroundColor
 .text.vexDisplayBackgroundColor
                0x0380505c       0x24 c:\Users\leoku\AppData\Roaming\Code\User\globalStorage\vexrobotics.vexcode\sdk\cpp\V5\V5_20220726_10_00_00/vexv5\libv5rt.a(v5_apijump.c.obj)
                0x0380505c                vexDisplayBackgroundColor
 .text.vexDisplayBackgroundColorGet
                0x03805080       0x1c c:\Users\leoku\AppData\Roaming\Code\User\globalStorage\vexrobotics.vexcode\sdk\cpp\V5\V5_20220726_10_00_00/vexv5\libv5rt.a(v5_apijump.c.obj)
                0x03805080                vexDisplayBackgroundColorGet
 .text.vexDisplayRectDraw
                0x0380509c       0x4c c:\Users\leoku\AppData\Roaming\Code\User\globalStorage\vexrobotics.vexcode\sdk\cpp\V5\V5_20220726_10_00_00/vexv5\libv5rt.a(v5_apijump.c.obj)
                0x0380509c                vexDisplayRectDraw
 .text.vexDisplayRectClear
                0x038050e8       0x4c c:\Users\leoku\AppData\Roaming\Code\User\globalStorage\vexrobotics.vexcode\sdk\cpp\V5\V5_20220726_10_00_00/vexv5\libv5rt.a(v5_apijump.c.obj)
                0x038050e8                vexDisplayRectClear
 .text.vexDisplayVPrintf
                0x03805134       0x50 c:\Users\leoku\AppData\Roaming\Code\User\globalStorage\vexrobotics.vexcode\sdk\cpp\V5\V5_20220726_10_00_00/vexv5\libv5rt.a(v5_apijump.c.obj)
                0x03805134                vexDisplayVPrintf
 .text.vexDisplayTextReference
                0x03805184       0x24 c:\Users\leoku\AppData\Roaming\Code\User\globalStorage\vexrobotics.vexcode\sdk\cpp\V5\V5_20220726_10_00_00/vexv5\libv5rt.a(v5_apijump.c.obj)
                0x03805184                vexDisplayTextReference
 .text.vexDisplayTextSize
                0x038051a8       0x2c c:\Users\leoku\AppData\Roaming\Code\User\globalStorage\vexrobotics.vexcode\sdk\cpp\V5\V5_20220726_10_00_00/vexv5\libv5rt.a(v5_apijump.c.obj)
                0x038051a8                vexDisplayTextSize
 .text.vexDisplayFontNamedSet
                0x038051d4       0x24 c:\Users\leoku\AppData\Roaming\Code\User\globalStorage\vexrobotics.vexcode\sdk\cpp\V5\V5_20220726_10_00_00/vexv5\libv5rt.a(v5_apijump.c.obj)
                0x038051d4                vexDisplayFontNamedSet
 .text.vexDisplayStringWidthGet
                0x038051f8       0x24 c:\Users\leoku\AppData\Roaming\Code\User\globalStorage\vexrobotics.vexcode\sdk\cpp\V5\V5_20220726_10_00_00/vexv5\libv5rt.a(v5_apijump.c.obj)
                0x038051f8                vexDisplayStringWidthGet
 .text.vexDisplayPenSizeGet
                0x0380521c       0x1c c:\Users\leoku\AppData\Roaming\Code\User\globalStorage\vexrobotics.vexcode\sdk\cpp\V5\V5_20220726_10_00_00/vexv5\libv5rt.a(v5_apijump.c.obj)
                0x0380521c                vexDisplayPenSizeGet
 .text.vexSystemStdlibImpureDataAddr
                0x03805238       0x28 c:\Users\leoku\AppData\Roaming\Code\User\globalStorage\vexrobotics.vexcode\sdk\cpp\V5\V5_20220726_10_00_00/vexv5\libv5rt.a(v5_apijump.c.obj)
                0x03805238                vexSystemStdlibImpureDataAddr
 .text.vexSystemStdlibImpureDataSize
                0x03805260       0x28 c:\Users\leoku\AppData\Roaming\Code\User\globalStorage\vexrobotics.vexcode\sdk\cpp\V5\V5_20220726_10_00_00/vexv5\libv5rt.a(v5_apijump.c.obj)
                0x03805260                vexSystemStdlibImpureDataSize
 .text.vexSystemSaveUserData
                0x03805288       0x3c c:\Users\leoku\AppData\Roaming\Code\User\globalStorage\vexrobotics.vexcode\sdk\cpp\V5\V5_20220726_10_00_00/vexv5\libv5rt.a(v5_apijump.c.obj)
                0x03805288                vexSystemSaveUserData
 .text.vexTouchDataGet
                0x038052c4       0x10 c:\Users\leoku\AppData\Roaming\Code\User\globalStorage\vexrobotics.vexcode\sdk\cpp\V5\V5_20220726_10_00_00/vexv5\libv5rt.a(v5_apijump.c.obj)
                0x038052c4                vexTouchDataGet
 .text.vexDisplayThemeIdGet
                0x038052d4       0x38 c:\Users\leoku\AppData\Roaming\Code\User\globalStorage\vexrobotics.vexcode\sdk\cpp\V5\V5_20220726_10_00_00/vexv5\libv5rt.a(v5_apijump.c.obj)
                0x038052d4                vexDisplayThemeIdGet
 .text.vexDeviceEventMaskSet
                0x0380530c       0x48 c:\Users\leoku\AppData\Roaming\Code\User\globalStorage\vexrobotics.vexcode\sdk\cpp\V5\V5_20220726_10_00_00/vexv5\libv5rt.a(v5_apijump.c.obj)
                0x0380530c                vexDeviceEventMaskSet
 .text.vexDeviceEventMaskGet
                0x03805354       0x3c c:\Users\leoku\AppData\Roaming\Code\User\globalStorage\vexrobotics.vexcode\sdk\cpp\V5\V5_20220726_10_00_00/vexv5\libv5rt.a(v5_apijump.c.obj)
                0x03805354                vexDeviceEventMaskGet
 .text.vexSystemVersion
                0x03805390       0x10 c:\Users\leoku\AppData\Roaming\Code\User\globalStorage\vexrobotics.vexcode\sdk\cpp\V5\V5_20220726_10_00_00/vexv5\libv5rt.a(v5_apiversions.c.obj)
                0x03805390                vexSystemVersion
 .text.vexStdlibVersion
                0x038053a0       0x10 c:\Users\leoku\AppData\Roaming\Code\User\globalStorage\vexrobotics.vexcode\sdk\cpp\V5\V5_20220726_10_00_00/vexv5\libv5rt.a(v5_apiversions.c.obj)
                0x038053a0                vexStdlibVersion
 .text._ZN3vex4waitEdNS_9timeUnitsE
                0x038053b0       0x30 c:\Users\leoku\AppData\Roaming\Code\User\globalStorage\vexrobotics.vexcode\sdk\cpp\V5\V5_20220726_10_00_00/vexv5\libv5rt.a(vex_global.cpp.obj)
                0x038053b0                vex::wait(double, vex::timeUnits)
 .text._ZN3vex6deviceD2Ev
                0x038053e0        0x4 c:\Users\leoku\AppData\Roaming\Code\User\globalStorage\vexrobotics.vexcode\sdk\cpp\V5\V5_20220726_10_00_00/vexv5\libv5rt.a(vex_device.cpp.obj)
                0x038053e0                vex::device::~device()
                0x038053e0                vex::device::~device()
 .text._ZN3vex6device5valueEv
                0x038053e4        0x8 c:\Users\leoku\AppData\Roaming\Code\User\globalStorage\vexrobotics.vexcode\sdk\cpp\V5\V5_20220726_10_00_00/vexv5\libv5rt.a(vex_device.cpp.obj)
                0x038053e4                vex::device::value()
 .text._ZN3vex6deviceD0Ev
                0x038053ec       0x14 c:\Users\leoku\AppData\Roaming\Code\User\globalStorage\vexrobotics.vexcode\sdk\cpp\V5\V5_20220726_10_00_00/vexv5\libv5rt.a(vex_device.cpp.obj)
                0x038053ec                vex::device::~device()
 .text._ZN3vex6device4initEl
                0x03805400       0x30 c:\Users\leoku\AppData\Roaming\Code\User\globalStorage\vexrobotics.vexcode\sdk\cpp\V5\V5_20220726_10_00_00/vexv5\libv5rt.a(vex_device.cpp.obj)
                0x03805400                vex::device::init(long)
 .text._ZN3vex6deviceC2El
                0x03805430       0x20 c:\Users\leoku\AppData\Roaming\Code\User\globalStorage\vexrobotics.vexcode\sdk\cpp\V5\V5_20220726_10_00_00/vexv5\libv5rt.a(vex_device.cpp.obj)
                0x03805430                vex::device::device(long)
                0x03805430                vex::device::device(long)
 .text._ZN3vex6device4typeEv
                0x03805450       0x10 c:\Users\leoku\AppData\Roaming\Code\User\globalStorage\vexrobotics.vexcode\sdk\cpp\V5\V5_20220726_10_00_00/vexv5\libv5rt.a(vex_device.cpp.obj)
                0x03805450                vex::device::type()
 .text._ZN3vex6device9installedEv
                0x03805460       0x14 c:\Users\leoku\AppData\Roaming\Code\User\globalStorage\vexrobotics.vexcode\sdk\cpp\V5\V5_20220726_10_00_00/vexv5\libv5rt.a(vex_device.cpp.obj)
                0x03805460                vex::device::installed()
 .text._ZN3vex5motorD2Ev
                0x03805474       0x20 c:\Users\leoku\AppData\Roaming\Code\User\globalStorage\vexrobotics.vexcode\sdk\cpp\V5\V5_20220726_10_00_00/vexv5\libv5rt.a(vex_motor.cpp.obj)
                0x03805474                vex::motor::~motor()
                0x03805474                vex::motor::~motor()
 .text._ZN3vex5motorD0Ev
                0x03805494       0x1c c:\Users\leoku\AppData\Roaming\Code\User\globalStorage\vexrobotics.vexcode\sdk\cpp\V5\V5_20220726_10_00_00/vexv5\libv5rt.a(vex_motor.cpp.obj)
                0x03805494                vex::motor::~motor()
 .text._ZN3vex5motor9installedEv
                0x038054b0       0x18 c:\Users\leoku\AppData\Roaming\Code\User\globalStorage\vexrobotics.vexcode\sdk\cpp\V5\V5_20220726_10_00_00/vexv5\libv5rt.a(vex_motor.cpp.obj)
                0x038054b0                vex::motor::installed()
 .text._ZN3vex5motor15defaultStoppingENS_9brakeTypeE
                0x038054c8       0x30 c:\Users\leoku\AppData\Roaming\Code\User\globalStorage\vexrobotics.vexcode\sdk\cpp\V5\V5_20220726_10_00_00/vexv5\libv5rt.a(vex_motor.cpp.obj)
                0x038054c8                vex::motor::defaultStopping(vex::brakeType)
 .text._ZN3vex5motor11setStoppingENS_9brakeTypeE
                0x038054f8        0x4 c:\Users\leoku\AppData\Roaming\Code\User\globalStorage\vexrobotics.vexcode\sdk\cpp\V5\V5_20220726_10_00_00/vexv5\libv5rt.a(vex_motor.cpp.obj)
                0x038054f8                vex::motor::setStopping(vex::brakeType)
 .text._ZN3vex5motorC2El
                0x038054fc       0x78 c:\Users\leoku\AppData\Roaming\Code\User\globalStorage\vexrobotics.vexcode\sdk\cpp\V5\V5_20220726_10_00_00/vexv5\libv5rt.a(vex_motor.cpp.obj)
                0x038054fc                vex::motor::motor(long)
                0x038054fc                vex::motor::motor(long)
 .text._ZN3vex5motorC2ElNS_11gearSettingEb
                0x03805574       0x34 c:\Users\leoku\AppData\Roaming\Code\User\globalStorage\vexrobotics.vexcode\sdk\cpp\V5\V5_20220726_10_00_00/vexv5\libv5rt.a(vex_motor.cpp.obj)
                0x03805574                vex::motor::motor(long, vex::gearSetting, bool)
                0x03805574                vex::motor::motor(long, vex::gearSetting, bool)
 .text._ZN3vex5motorC2Elb
                0x038055a8       0x24 c:\Users\leoku\AppData\Roaming\Code\User\globalStorage\vexrobotics.vexcode\sdk\cpp\V5\V5_20220726_10_00_00/vexv5\libv5rt.a(vex_motor.cpp.obj)
                0x038055a8                vex::motor::motor(long, bool)
                0x038055a8                vex::motor::motor(long, bool)
 .text._ZN3vex5motor10setTimeoutElNS_9timeUnitsE
                0x038055cc       0x4c c:\Users\leoku\AppData\Roaming\Code\User\globalStorage\vexrobotics.vexcode\sdk\cpp\V5\V5_20220726_10_00_00/vexv5\libv5rt.a(vex_motor.cpp.obj)
                0x038055cc                vex::motor::setTimeout(long, vex::timeUnits)
 .text._ZN3vex5motor14isSpinningModeEv
                0x03805618       0x48 c:\Users\leoku\AppData\Roaming\Code\User\globalStorage\vexrobotics.vexcode\sdk\cpp\V5\V5_20220726_10_00_00/vexv5\libv5rt.a(vex_motor.cpp.obj)
                0x03805618                vex::motor::isSpinningMode()
 .text._ZN3vex5motor4stopENS_9brakeTypeE
                0x03805660       0x30 c:\Users\leoku\AppData\Roaming\Code\User\globalStorage\vexrobotics.vexcode\sdk\cpp\V5\V5_20220726_10_00_00/vexv5\libv5rt.a(vex_motor.cpp.obj)
                0x03805660                vex::motor::stop(vex::brakeType)
 .text._ZN3vex5motor4stopEv
                0x03805690        0x8 c:\Users\leoku\AppData\Roaming\Code\User\globalStorage\vexrobotics.vexcode\sdk\cpp\V5\V5_20220726_10_00_00/vexv5\libv5rt.a(vex_motor.cpp.obj)
                0x03805690                vex::motor::stop()
 .text._ZN3vex5motor12setMaxTorqueEdNS_12percentUnitsE
                0x03805698       0x88 c:\Users\leoku\AppData\Roaming\Code\User\globalStorage\vexrobotics.vexcode\sdk\cpp\V5\V5_20220726_10_00_00/vexv5\libv5rt.a(vex_motor.cpp.obj)
                0x03805698                vex::motor::setMaxTorque(double, vex::percentUnits)
 .text._ZN3vex5motor6torqueENS_11torqueUnitsE
                0x03805720       0x30 c:\Users\leoku\AppData\Roaming\Code\User\globalStorage\vexrobotics.vexcode\sdk\cpp\V5\V5_20220726_10_00_00/vexv5\libv5rt.a(vex_motor.cpp.obj)
                0x03805720                vex::motor::torque(vex::torqueUnits)
 .text._ZN3vex5motor11temperatureENS_12percentUnitsE
                0x03805750       0x68 c:\Users\leoku\AppData\Roaming\Code\User\globalStorage\vexrobotics.vexcode\sdk\cpp\V5\V5_20220726_10_00_00/vexv5\libv5rt.a(vex_motor.cpp.obj)
                0x03805750                vex::motor::temperature(vex::percentUnits)
 .text._ZN3vex5motor16velocityToScaledEdNS_13velocityUnitsE
                0x038057b8       0x5c c:\Users\leoku\AppData\Roaming\Code\User\globalStorage\vexrobotics.vexcode\sdk\cpp\V5\V5_20220726_10_00_00/vexv5\libv5rt.a(vex_motor.cpp.obj)
                0x038057b8                vex::motor::velocityToScaled(double, vex::velocityUnits)
 .text._ZN3vex5motor8velocityENS_13velocityUnitsE
                0x03805814       0x30 c:\Users\leoku\AppData\Roaming\Code\User\globalStorage\vexrobotics.vexcode\sdk\cpp\V5\V5_20220726_10_00_00/vexv5\libv5rt.a(vex_motor.cpp.obj)
                0x03805814                vex::motor::velocity(vex::velocityUnits)
 .text._ZN3vex5motor5valueEv
                0x03805844       0x1c c:\Users\leoku\AppData\Roaming\Code\User\globalStorage\vexrobotics.vexcode\sdk\cpp\V5\V5_20220726_10_00_00/vexv5\libv5rt.a(vex_motor.cpp.obj)
                0x03805844                vex::motor::value()
 .text._ZN3vex5motor16scaledToVelocityEdNS_13velocityUnitsE
                0x03805860       0xa4 c:\Users\leoku\AppData\Roaming\Code\User\globalStorage\vexrobotics.vexcode\sdk\cpp\V5\V5_20220726_10_00_00/vexv5\libv5rt.a(vex_motor.cpp.obj)
                0x03805860                vex::motor::scaledToVelocity(double, vex::velocityUnits)
 .text._ZN3vex5motor4spinENS_13directionTypeEdNS_13velocityUnitsE
                0x03805904       0x5c c:\Users\leoku\AppData\Roaming\Code\User\globalStorage\vexrobotics.vexcode\sdk\cpp\V5\V5_20220726_10_00_00/vexv5\libv5rt.a(vex_motor.cpp.obj)
                0x03805904                vex::motor::spin(vex::directionType, double, vex::velocityUnits)
 .text._ZN3vex5motor11setVelocityEdNS_13velocityUnitsE
                0x03805960       0x54 c:\Users\leoku\AppData\Roaming\Code\User\globalStorage\vexrobotics.vexcode\sdk\cpp\V5\V5_20220726_10_00_00/vexv5\libv5rt.a(vex_motor.cpp.obj)
                0x03805960                vex::motor::setVelocity(double, vex::velocityUnits)
 .text._ZN3vex5motor16setRotationUnitsENS_13rotationUnitsE
                0x038059b4       0x1c c:\Users\leoku\AppData\Roaming\Code\User\globalStorage\vexrobotics.vexcode\sdk\cpp\V5\V5_20220726_10_00_00/vexv5\libv5rt.a(vex_motor.cpp.obj)
                0x038059b4                vex::motor::setRotationUnits(vex::rotationUnits)
 .text._ZN3vex5motor11setPositionEdNS_13rotationUnitsE
                0x038059d0       0x44 c:\Users\leoku\AppData\Roaming\Code\User\globalStorage\vexrobotics.vexcode\sdk\cpp\V5\V5_20220726_10_00_00/vexv5\libv5rt.a(vex_motor.cpp.obj)
                0x038059d0                vex::motor::setPosition(double, vex::rotationUnits)
 .text._ZN3vex5motor13resetPositionEv
                0x03805a14       0x20 c:\Users\leoku\AppData\Roaming\Code\User\globalStorage\vexrobotics.vexcode\sdk\cpp\V5\V5_20220726_10_00_00/vexv5\libv5rt.a(vex_motor.cpp.obj)
                0x03805a14                vex::motor::resetPosition()
 .text._ZN3vex5motor6spinToEdNS_13rotationUnitsEdNS_13velocityUnitsEb
                0x03805a34       0xe0 c:\Users\leoku\AppData\Roaming\Code\User\globalStorage\vexrobotics.vexcode\sdk\cpp\V5\V5_20220726_10_00_00/vexv5\libv5rt.a(vex_motor.cpp.obj)
                0x03805a34                vex::motor::spinTo(double, vex::rotationUnits, double, vex::velocityUnits, bool)
 .text._ZN3vex5motor6spinToEdNS_13rotationUnitsEb
                0x03805b14       0x34 c:\Users\leoku\AppData\Roaming\Code\User\globalStorage\vexrobotics.vexcode\sdk\cpp\V5\V5_20220726_10_00_00/vexv5\libv5rt.a(vex_motor.cpp.obj)
                0x03805b14                vex::motor::spinTo(double, vex::rotationUnits, bool)
 .text._ZN3vex5motor7spinForEdNS_13rotationUnitsEdNS_13velocityUnitsEb
                0x03805b48       0xf4 c:\Users\leoku\AppData\Roaming\Code\User\globalStorage\vexrobotics.vexcode\sdk\cpp\V5\V5_20220726_10_00_00/vexv5\libv5rt.a(vex_motor.cpp.obj)
                0x03805b48                vex::motor::spinFor(double, vex::rotationUnits, double, vex::velocityUnits, bool)
 .text._ZN3vex5motor7spinForENS_13directionTypeEdNS_13rotationUnitsEdNS_13velocityUnitsEb
                0x03805c3c       0x34 c:\Users\leoku\AppData\Roaming\Code\User\globalStorage\vexrobotics.vexcode\sdk\cpp\V5\V5_20220726_10_00_00/vexv5\libv5rt.a(vex_motor.cpp.obj)
                0x03805c3c                vex::motor::spinFor(vex::directionType, double, vex::rotationUnits, double, vex::velocityUnits, bool)
 .text._ZN3vex5motor7spinForENS_13directionTypeEdNS_13rotationUnitsEb
                0x03805c70       0x3c c:\Users\leoku\AppData\Roaming\Code\User\globalStorage\vexrobotics.vexcode\sdk\cpp\V5\V5_20220726_10_00_00/vexv5\libv5rt.a(vex_motor.cpp.obj)
                0x03805c70                vex::motor::spinFor(vex::directionType, double, vex::rotationUnits, bool)
 .text._ZN3vex5motor8positionENS_13rotationUnitsE
                0x03805cac       0x44 c:\Users\leoku\AppData\Roaming\Code\User\globalStorage\vexrobotics.vexcode\sdk\cpp\V5\V5_20220726_10_00_00/vexv5\libv5rt.a(vex_motor.cpp.obj)
                0x03805cac                vex::motor::position(vex::rotationUnits)
 .text._ZN3vex10controllerD2Ev
                0x03805cf0        0x4 c:\Users\leoku\AppData\Roaming\Code\User\globalStorage\vexrobotics.vexcode\sdk\cpp\V5\V5_20220726_10_00_00/vexv5\libv5rt.a(vex_controller.cpp.obj)
                0x03805cf0                vex::controller::~controller()
                0x03805cf0                vex::controller::~controller()
 .text._ZN3vex10controller5valueE19_V5_ControllerIndex
                0x03805cf4        0x8 c:\Users\leoku\AppData\Roaming\Code\User\globalStorage\vexrobotics.vexcode\sdk\cpp\V5\V5_20220726_10_00_00/vexv5\libv5rt.a(vex_controller.cpp.obj)
                0x03805cf4                vex::controller::value(_V5_ControllerIndex)
 .text._ZN3vex10controller6rumbleEPKc
                0x03805cfc       0x4c c:\Users\leoku\AppData\Roaming\Code\User\globalStorage\vexrobotics.vexcode\sdk\cpp\V5\V5_20220726_10_00_00/vexv5\libv5rt.a(vex_controller.cpp.obj)
                0x03805cfc                vex::controller::rumble(char const*)
 .text._ZNK3vex10controller6button8pressingEv
                0x03805d48       0xc8 c:\Users\leoku\AppData\Roaming\Code\User\globalStorage\vexrobotics.vexcode\sdk\cpp\V5\V5_20220726_10_00_00/vexv5\libv5rt.a(vex_controller.cpp.obj)
                0x03805d48                vex::controller::button::pressing() const
 .text._ZNK3vex10controller6button21_buttonToPressedEventEv
                0x03805e10       0x20 c:\Users\leoku\AppData\Roaming\Code\User\globalStorage\vexrobotics.vexcode\sdk\cpp\V5\V5_20220726_10_00_00/vexv5\libv5rt.a(vex_controller.cpp.obj)
                0x03805e10                vex::controller::button::_buttonToPressedEvent() const
 .text._ZNK3vex10controller6button22_buttonToReleasedEventEv
                0x03805e30       0x20 c:\Users\leoku\AppData\Roaming\Code\User\globalStorage\vexrobotics.vexcode\sdk\cpp\V5\V5_20220726_10_00_00/vexv5\libv5rt.a(vex_controller.cpp.obj)
                0x03805e30                vex::controller::button::_buttonToReleasedEvent() const
 .text._ZN3vex10controller6buttonC2ENS0_11tButtonTypeEPS0_
                0x03805e50       0x48 c:\Users\leoku\AppData\Roaming\Code\User\globalStorage\vexrobotics.vexcode\sdk\cpp\V5\V5_20220726_10_00_00/vexv5\libv5rt.a(vex_controller.cpp.obj)
                0x03805e50                vex::controller::button::button(vex::controller::tButtonType, vex::controller*)
                0x03805e50                vex::controller::button::button(vex::controller::tButtonType, vex::controller*)
 .text._ZNK3vex10controller4axis5valueEv
                0x03805e98       0x58 c:\Users\leoku\AppData\Roaming\Code\User\globalStorage\vexrobotics.vexcode\sdk\cpp\V5\V5_20220726_10_00_00/vexv5\libv5rt.a(vex_controller.cpp.obj)
                0x03805e98                vex::controller::axis::value() const
 .text._ZNK3vex10controller4axis8positionENS_12percentUnitsE
                0x03805ef0       0x1c c:\Users\leoku\AppData\Roaming\Code\User\globalStorage\vexrobotics.vexcode\sdk\cpp\V5\V5_20220726_10_00_00/vexv5\libv5rt.a(vex_controller.cpp.obj)
                0x03805ef0                vex::controller::axis::position(vex::percentUnits) const
 .text._ZNK3vex10controller4axis23_joystickToChangedEventEv
                0x03805f0c       0x20 c:\Users\leoku\AppData\Roaming\Code\User\globalStorage\vexrobotics.vexcode\sdk\cpp\V5\V5_20220726_10_00_00/vexv5\libv5rt.a(vex_controller.cpp.obj)
                0x03805f0c                vex::controller::axis::_joystickToChangedEvent() const
 .text._ZN3vex10controller4axisC2ENS0_9tAxisTypeEPS0_
                0x03805f2c       0x2c c:\Users\leoku\AppData\Roaming\Code\User\globalStorage\vexrobotics.vexcode\sdk\cpp\V5\V5_20220726_10_00_00/vexv5\libv5rt.a(vex_controller.cpp.obj)
                0x03805f2c                vex::controller::axis::axis(vex::controller::tAxisType, vex::controller*)
                0x03805f2c                vex::controller::axis::axis(vex::controller::tAxisType, vex::controller*)
 .text._ZN3vex10controllerC2ENS_14controllerTypeE
                0x03805f58      0x16c c:\Users\leoku\AppData\Roaming\Code\User\globalStorage\vexrobotics.vexcode\sdk\cpp\V5\V5_20220726_10_00_00/vexv5\libv5rt.a(vex_controller.cpp.obj)
                0x03805f58                vex::controller::controller(vex::controllerType)
                0x03805f58                vex::controller::controller(vex::controllerType)
 .text._ZN3vex10controller3lcd15getControllerIdEv
                0x038060c4       0x10 c:\Users\leoku\AppData\Roaming\Code\User\globalStorage\vexrobotics.vexcode\sdk\cpp\V5\V5_20220726_10_00_00/vexv5\libv5rt.a(vex_controller.cpp.obj)
                0x038060c4                vex::controller::lcd::getControllerId()
 .text._ZN3vex10controller3lcd5printEPKcz
                0x038060d4       0x80 c:\Users\leoku\AppData\Roaming\Code\User\globalStorage\vexrobotics.vexcode\sdk\cpp\V5\V5_20220726_10_00_00/vexv5\libv5rt.a(vex_controller.cpp.obj)
                0x038060d4                vex::controller::lcd::print(char const*, ...)
 .text._ZN3vex10controller3lcd7newLineEv
                0x03806154       0x20 c:\Users\leoku\AppData\Roaming\Code\User\globalStorage\vexrobotics.vexcode\sdk\cpp\V5\V5_20220726_10_00_00/vexv5\libv5rt.a(vex_controller.cpp.obj)
                0x03806154                vex::controller::lcd::newLine()
 .text._ZN3vex11this_thread9sleep_forEm
                0x03806174        0x4 c:\Users\leoku\AppData\Roaming\Code\User\globalStorage\vexrobotics.vexcode\sdk\cpp\V5\V5_20220726_10_00_00/vexv5\libv5rt.a(vex_thread.cpp.obj)
                0x03806174                vex::this_thread::sleep_for(unsigned long)
 .text._ZN3vex5event4initEmmPFvvE
                0x03806178        0x4 c:\Users\leoku\AppData\Roaming\Code\User\globalStorage\vexrobotics.vexcode\sdk\cpp\V5\V5_20220726_10_00_00/vexv5\libv5rt.a(vex_event.cpp.obj)
                0x03806178                vex::event::init(unsigned long, unsigned long, void (*)())
 .text._ZN3vex5event4initEmmPFvPvES1_
                0x0380617c        0x4 c:\Users\leoku\AppData\Roaming\Code\User\globalStorage\vexrobotics.vexcode\sdk\cpp\V5\V5_20220726_10_00_00/vexv5\libv5rt.a(vex_event.cpp.obj)
                0x0380617c                vex::event::init(unsigned long, unsigned long, void (*)(void*), void*)
 .text._ZN3vex5event9userindexEv
                0x03806180        0x4 c:\Users\leoku\AppData\Roaming\Code\User\globalStorage\vexrobotics.vexcode\sdk\cpp\V5\V5_20220726_10_00_00/vexv5\libv5rt.a(vex_event.cpp.obj)
                0x03806180                vex::event::userindex()
 .text._ZZN3vex6meventC4EmmENUlvE_4_FUNEv
                0x03806184        0x4 c:\Users\leoku\AppData\Roaming\Code\User\globalStorage\vexrobotics.vexcode\sdk\cpp\V5\V5_20220726_10_00_00/vexv5\libv5rt.a(vex_mevent.cpp.obj)
 .text._ZN3vex6meventC2Emm
                0x03806188       0x70 c:\Users\leoku\AppData\Roaming\Code\User\globalStorage\vexrobotics.vexcode\sdk\cpp\V5\V5_20220726_10_00_00/vexv5\libv5rt.a(vex_mevent.cpp.obj)
                0x03806188                vex::mevent::mevent(unsigned long, unsigned long)
                0x03806188                vex::mevent::mevent(unsigned long, unsigned long)
 .text._ZN3vex5brain9_getIndexEv
                0x038061f8       0x10 c:\Users\leoku\AppData\Roaming\Code\User\globalStorage\vexrobotics.vexcode\sdk\cpp\V5\V5_20220726_10_00_00/vexv5\libv5rt.a(vex_brain.cpp.obj)
                0x038061f8                vex::brain::_getIndex()
 .text._ZN3vex5brain3lcd9setCursorEll
                0x03806208       0x44 c:\Users\leoku\AppData\Roaming\Code\User\globalStorage\vexrobotics.vexcode\sdk\cpp\V5\V5_20220726_10_00_00/vexv5\libv5rt.a(vex_brain.cpp.obj)
                0x03806208                vex::brain::lcd::setCursor(long, long)
 .text._ZN3vex5brain3lcd7setFontENS_8fontTypeE
                0x0380624c      0x23c c:\Users\leoku\AppData\Roaming\Code\User\globalStorage\vexrobotics.vexcode\sdk\cpp\V5\V5_20220726_10_00_00/vexv5\libv5rt.a(vex_brain.cpp.obj)
                0x0380624c                vex::brain::lcd::setFont(vex::fontType)
 .text._ZN3vex5brain3lcdC2Ev
                0x03806488       0x94 c:\Users\leoku\AppData\Roaming\Code\User\globalStorage\vexrobotics.vexcode\sdk\cpp\V5\V5_20220726_10_00_00/vexv5\libv5rt.a(vex_brain.cpp.obj)
                0x03806488                vex::brain::lcd::lcd()
                0x03806488                vex::brain::lcd::lcd()
 .text._ZN3vex5brainC2Ev
                0x0380651c       0x3c c:\Users\leoku\AppData\Roaming\Code\User\globalStorage\vexrobotics.vexcode\sdk\cpp\V5\V5_20220726_10_00_00/vexv5\libv5rt.a(vex_brain.cpp.obj)
                0x0380651c                vex::brain::brain()
                0x0380651c                vex::brain::brain()
 .text._ZN3vex5brain3lcd11setPenColorERKNS_5colorE
                0x03806558       0x14 c:\Users\leoku\AppData\Roaming\Code\User\globalStorage\vexrobotics.vexcode\sdk\cpp\V5\V5_20220726_10_00_00/vexv5\libv5rt.a(vex_brain.cpp.obj)
                0x03806558                vex::brain::lcd::setPenColor(vex::color const&)
 .text._ZN3vex5brain3lcd12setFillColorERKNS_5colorE
                0x0380656c       0x38 c:\Users\leoku\AppData\Roaming\Code\User\globalStorage\vexrobotics.vexcode\sdk\cpp\V5\V5_20220726_10_00_00/vexv5\libv5rt.a(vex_brain.cpp.obj)
                0x0380656c                vex::brain::lcd::setFillColor(vex::color const&)
 .text._ZN3vex5brain3lcd7printAtEllPKcz
                0x038065a4       0x54 c:\Users\leoku\AppData\Roaming\Code\User\globalStorage\vexrobotics.vexcode\sdk\cpp\V5\V5_20220726_10_00_00/vexv5\libv5rt.a(vex_brain.cpp.obj)
                0x038065a4                vex::brain::lcd::printAt(long, long, char const*, ...)
 .text._ZN3vex5brain3lcd12_clearScreenEm
                0x038065f8       0x38 c:\Users\leoku\AppData\Roaming\Code\User\globalStorage\vexrobotics.vexcode\sdk\cpp\V5\V5_20220726_10_00_00/vexv5\libv5rt.a(vex_brain.cpp.obj)
                0x038065f8                vex::brain::lcd::_clearScreen(unsigned long)
 .text._ZN3vex5brain3lcd11clearScreenERKNS_5colorE
                0x03806630       0x20 c:\Users\leoku\AppData\Roaming\Code\User\globalStorage\vexrobotics.vexcode\sdk\cpp\V5\V5_20220726_10_00_00/vexv5\libv5rt.a(vex_brain.cpp.obj)
                0x03806630                vex::brain::lcd::clearScreen(vex::color const&)
 .text._ZN3vex5brain3lcd11clearScreenEv
                0x03806650       0x2c c:\Users\leoku\AppData\Roaming\Code\User\globalStorage\vexrobotics.vexcode\sdk\cpp\V5\V5_20220726_10_00_00/vexv5\libv5rt.a(vex_brain.cpp.obj)
                0x03806650                vex::brain::lcd::clearScreen()
 .text._ZN3vex5brain3lcd13drawRectangleEiiii
                0x0380667c       0xdc c:\Users\leoku\AppData\Roaming\Code\User\globalStorage\vexrobotics.vexcode\sdk\cpp\V5\V5_20220726_10_00_00/vexv5\libv5rt.a(vex_brain.cpp.obj)
                0x0380667c                vex::brain::lcd::drawRectangle(int, int, int, int)
 .text._ZN3vex5brain3lcd14_drawRectangleEiiiim
                0x03806758       0x74 c:\Users\leoku\AppData\Roaming\Code\User\globalStorage\vexrobotics.vexcode\sdk\cpp\V5\V5_20220726_10_00_00/vexv5\libv5rt.a(vex_brain.cpp.obj)
                0x03806758                vex::brain::lcd::_drawRectangle(int, int, int, int, unsigned long)
 .text._ZN3vex5brain3lcd13drawRectangleEiiiiRKNS_5colorE
                0x038067cc       0x68 c:\Users\leoku\AppData\Roaming\Code\User\globalStorage\vexrobotics.vexcode\sdk\cpp\V5\V5_20220726_10_00_00/vexv5\libv5rt.a(vex_brain.cpp.obj)
                0x038067cc                vex::brain::lcd::drawRectangle(int, int, int, int, vex::color const&)
 .text._ZN3vex5brain3lcd9xPositionEv
                0x03806834       0x24 c:\Users\leoku\AppData\Roaming\Code\User\globalStorage\vexrobotics.vexcode\sdk\cpp\V5\V5_20220726_10_00_00/vexv5\libv5rt.a(vex_brain.cpp.obj)
                0x03806834                vex::brain::lcd::xPosition()
 .text._ZN3vex5brain3lcd9yPositionEv
                0x03806858       0x24 c:\Users\leoku\AppData\Roaming\Code\User\globalStorage\vexrobotics.vexcode\sdk\cpp\V5\V5_20220726_10_00_00/vexv5\libv5rt.a(vex_brain.cpp.obj)
                0x03806858                vex::brain::lcd::yPosition()
 .text._ZN3vex5brain3lcd8pressingEv
                0x0380687c       0x20 c:\Users\leoku\AppData\Roaming\Code\User\globalStorage\vexrobotics.vexcode\sdk\cpp\V5\V5_20220726_10_00_00/vexv5\libv5rt.a(vex_brain.cpp.obj)
                0x0380687c                vex::brain::lcd::pressing()
 .text._ZN3vex5brain3lcd10rowToPixelEl
                0x0380689c       0x34 c:\Users\leoku\AppData\Roaming\Code\User\globalStorage\vexrobotics.vexcode\sdk\cpp\V5\V5_20220726_10_00_00/vexv5\libv5rt.a(vex_brain.cpp.obj)
                0x0380689c                vex::brain::lcd::rowToPixel(long)
 .text._ZN3vex5brain3lcd5printEPKcz
                0x038068d0       0xb8 c:\Users\leoku\AppData\Roaming\Code\User\globalStorage\vexrobotics.vexcode\sdk\cpp\V5\V5_20220726_10_00_00/vexv5\libv5rt.a(vex_brain.cpp.obj)
                0x038068d0                vex::brain::lcd::print(char const*, ...)
 .text._ZN3vex5brainD2Ev
                0x03806988       0x20 c:\Users\leoku\AppData\Roaming\Code\User\globalStorage\vexrobotics.vexcode\sdk\cpp\V5\V5_20220726_10_00_00/vexv5\libv5rt.a(vex_brain.cpp.obj)
                0x03806988                vex::brain::~brain()
                0x03806988                vex::brain::~brain()
 .text._ZN3vex11competition8_disableEPv
                0x038069a8       0xa4 c:\Users\leoku\AppData\Roaming\Code\User\globalStorage\vexrobotics.vexcode\sdk\cpp\V5\V5_20220726_10_00_00/vexv5\libv5rt.a(vex_competition.cpp.obj)
                0x038069a8                vex::competition::_disable(void*)
 .text._ZN3vex11competition11_autonomousEv
                0x03806a4c       0x80 c:\Users\leoku\AppData\Roaming\Code\User\globalStorage\vexrobotics.vexcode\sdk\cpp\V5\V5_20220726_10_00_00/vexv5\libv5rt.a(vex_competition.cpp.obj)
                0x03806a4c                vex::competition::_autonomous()
 .text._ZN3vex11competition14_drivercontrolEv
                0x03806acc       0x80 c:\Users\leoku\AppData\Roaming\Code\User\globalStorage\vexrobotics.vexcode\sdk\cpp\V5\V5_20220726_10_00_00/vexv5\libv5rt.a(vex_competition.cpp.obj)
                0x03806acc                vex::competition::_drivercontrol()
 .text._ZN3vex11competitionC2Ev
                0x03806b4c      0x13c c:\Users\leoku\AppData\Roaming\Code\User\globalStorage\vexrobotics.vexcode\sdk\cpp\V5\V5_20220726_10_00_00/vexv5\libv5rt.a(vex_competition.cpp.obj)
                0x03806b4c                vex::competition::competition()
                0x03806b4c                vex::competition::competition()
 .text._ZN3vex11competitionD2Ev
                0x03806c88        0x4 c:\Users\leoku\AppData\Roaming\Code\User\globalStorage\vexrobotics.vexcode\sdk\cpp\V5\V5_20220726_10_00_00/vexv5\libv5rt.a(vex_competition.cpp.obj)
                0x03806c88                vex::competition::~competition()
                0x03806c88                vex::competition::~competition()
 .text._ZN3vex11competition10autonomousEPFvvE
                0x03806c8c       0x44 c:\Users\leoku\AppData\Roaming\Code\User\globalStorage\vexrobotics.vexcode\sdk\cpp\V5\V5_20220726_10_00_00/vexv5\libv5rt.a(vex_competition.cpp.obj)
                0x03806c8c                vex::competition::autonomous(void (*)())
 .text._ZN3vex11competition13drivercontrolEPFvvE
                0x03806cd0       0x44 c:\Users\leoku\AppData\Roaming\Code\User\globalStorage\vexrobotics.vexcode\sdk\cpp\V5\V5_20220726_10_00_00/vexv5\libv5rt.a(vex_competition.cpp.obj)
                0x03806cd0                vex::competition::drivercontrol(void (*)())
 .text._ZN3vex7triportD2Ev
                0x03806d14       0x38 c:\Users\leoku\AppData\Roaming\Code\User\globalStorage\vexrobotics.vexcode\sdk\cpp\V5\V5_20220726_10_00_00/vexv5\libv5rt.a(vex_triport.cpp.obj)
                0x03806d14                vex::triport::~triport()
                0x03806d14                vex::triport::~triport()
 .text._ZN3vex7triportD0Ev
                0x03806d4c       0x1c c:\Users\leoku\AppData\Roaming\Code\User\globalStorage\vexrobotics.vexcode\sdk\cpp\V5\V5_20220726_10_00_00/vexv5\libv5rt.a(vex_triport.cpp.obj)
                0x03806d4c                vex::triport::~triport()
 .text._ZN3vex7triport9installedEv
                0x03806d68       0x18 c:\Users\leoku\AppData\Roaming\Code\User\globalStorage\vexrobotics.vexcode\sdk\cpp\V5\V5_20220726_10_00_00/vexv5\libv5rt.a(vex_triport.cpp.obj)
                0x03806d68                vex::triport::installed()
 .text._ZN3vex7triport4portC2ElPS0_
                0x03806d80       0x74 c:\Users\leoku\AppData\Roaming\Code\User\globalStorage\vexrobotics.vexcode\sdk\cpp\V5\V5_20220726_10_00_00/vexv5\libv5rt.a(vex_triport.cpp.obj)
                0x03806d80                vex::triport::port::port(long, vex::triport*)
                0x03806d80                vex::triport::port::port(long, vex::triport*)
 .text._ZN3vex7triportC2El
                0x03806df4       0xf0 c:\Users\leoku\AppData\Roaming\Code\User\globalStorage\vexrobotics.vexcode\sdk\cpp\V5\V5_20220726_10_00_00/vexv5\libv5rt.a(vex_triport.cpp.obj)
                0x03806df4                vex::triport::triport(long)
                0x03806df4                vex::triport::triport(long)
 .text._ZN3vex5colorD2Ev
                0x03806ee4        0x4 c:\Users\leoku\AppData\Roaming\Code\User\globalStorage\vexrobotics.vexcode\sdk\cpp\V5\V5_20220726_10_00_00/vexv5\libv5rt.a(vex_color.cpp.obj)
                0x03806ee4                vex::color::~color()
                0x03806ee4                vex::color::~color()
 .text._ZNK3vex5colorcvmEv
                0x03806ee8        0x8 c:\Users\leoku\AppData\Roaming\Code\User\globalStorage\vexrobotics.vexcode\sdk\cpp\V5\V5_20220726_10_00_00/vexv5\libv5rt.a(vex_color.cpp.obj)
                0x03806ee8                vex::color::operator unsigned long() const
 .text._ZNK3vex5color13isTransparentEv
                0x03806ef0        0x8 c:\Users\leoku\AppData\Roaming\Code\User\globalStorage\vexrobotics.vexcode\sdk\cpp\V5\V5_20220726_10_00_00/vexv5\libv5rt.a(vex_color.cpp.obj)
                0x03806ef0                vex::color::isTransparent() const
 .text.startup._GLOBAL__sub_I__ZN3vex5color5blackE
                0x03806ef8      0x164 c:\Users\leoku\AppData\Roaming\Code\User\globalStorage\vexrobotics.vexcode\sdk\cpp\V5\V5_20220726_10_00_00/vexv5\libv5rt.a(vex_color.cpp.obj)
 .text._ZN3vex5timerD2Ev
                0x0380705c        0x4 c:\Users\leoku\AppData\Roaming\Code\User\globalStorage\vexrobotics.vexcode\sdk\cpp\V5\V5_20220726_10_00_00/vexv5\libv5rt.a(vex_timer.cpp.obj)
                0x0380705c                vex::timer::~timer()
                0x0380705c                vex::timer::~timer()
 .text._ZN3vex5timer5clearEv
                0x03807060       0x1c c:\Users\leoku\AppData\Roaming\Code\User\globalStorage\vexrobotics.vexcode\sdk\cpp\V5\V5_20220726_10_00_00/vexv5\libv5rt.a(vex_timer.cpp.obj)
                0x03807060                vex::timer::clear()
 .text._ZN3vex5timerC2Ev
                0x0380707c       0x14 c:\Users\leoku\AppData\Roaming\Code\User\globalStorage\vexrobotics.vexcode\sdk\cpp\V5\V5_20220726_10_00_00/vexv5\libv5rt.a(vex_timer.cpp.obj)
                0x0380707c                vex::timer::timer()
                0x0380707c                vex::timer::timer()
 .text._ZN3vex11motor_group18motor_group_motorsC2Ev
                0x03807090       0x28 c:\Users\leoku\AppData\Roaming\Code\User\globalStorage\vexrobotics.vexcode\sdk\cpp\V5\V5_20220726_10_00_00/vexv5\libv5rt.a(vex_motorgroup.cpp.obj)
                0x03807090                vex::motor_group::motor_group_motors::motor_group_motors()
                0x03807090                vex::motor_group::motor_group_motors::motor_group_motors()
 .text._ZN3vex11motor_groupC2Ev
                0x038070b8       0x1c c:\Users\leoku\AppData\Roaming\Code\User\globalStorage\vexrobotics.vexcode\sdk\cpp\V5\V5_20220726_10_00_00/vexv5\libv5rt.a(vex_motorgroup.cpp.obj)
                0x038070b8                vex::motor_group::motor_group()
                0x038070b8                vex::motor_group::motor_group()
 .text._ZN3vex11motor_groupD2Ev
                0x038070d4        0x4 c:\Users\leoku\AppData\Roaming\Code\User\globalStorage\vexrobotics.vexcode\sdk\cpp\V5\V5_20220726_10_00_00/vexv5\libv5rt.a(vex_motorgroup.cpp.obj)
                0x038070d4                vex::motor_group::~motor_group()
                0x038070d4                vex::motor_group::~motor_group()
 .text._ZN3vex11motor_group9_addMotorERNS_5motorE
                0x038070d8       0x20 c:\Users\leoku\AppData\Roaming\Code\User\globalStorage\vexrobotics.vexcode\sdk\cpp\V5\V5_20220726_10_00_00/vexv5\libv5rt.a(vex_motorgroup.cpp.obj)
                0x038070d8                vex::motor_group::_addMotor(vex::motor&)
 .text._ZN3vex11motor_group11setVelocityEdNS_13velocityUnitsE
                0x038070f8       0x4c c:\Users\leoku\AppData\Roaming\Code\User\globalStorage\vexrobotics.vexcode\sdk\cpp\V5\V5_20220726_10_00_00/vexv5\libv5rt.a(vex_motorgroup.cpp.obj)
                0x038070f8                vex::motor_group::setVelocity(double, vex::velocityUnits)
 .text._ZN3vex11motor_group11setStoppingENS_9brakeTypeE
                0x03807144       0x38 c:\Users\leoku\AppData\Roaming\Code\User\globalStorage\vexrobotics.vexcode\sdk\cpp\V5\V5_20220726_10_00_00/vexv5\libv5rt.a(vex_motorgroup.cpp.obj)
                0x03807144                vex::motor_group::setStopping(vex::brakeType)
 .text._ZN3vex11motor_group13resetPositionEv
                0x0380717c       0x30 c:\Users\leoku\AppData\Roaming\Code\User\globalStorage\vexrobotics.vexcode\sdk\cpp\V5\V5_20220726_10_00_00/vexv5\libv5rt.a(vex_motorgroup.cpp.obj)
                0x0380717c                vex::motor_group::resetPosition()
 .text._ZN3vex11motor_group12setMaxTorqueEdNS_12percentUnitsE
                0x038071ac       0x4c c:\Users\leoku\AppData\Roaming\Code\User\globalStorage\vexrobotics.vexcode\sdk\cpp\V5\V5_20220726_10_00_00/vexv5\libv5rt.a(vex_motorgroup.cpp.obj)
                0x038071ac                vex::motor_group::setMaxTorque(double, vex::percentUnits)
 .text.vexMotorVelocitySet
                0x038071f8       0x20 c:\Users\leoku\AppData\Roaming\Code\User\globalStorage\vexrobotics.vexcode\sdk\cpp\V5\V5_20220726_10_00_00/vexv5\libv5rt.a(v5_apiuser.c.obj)
                0x038071f8                vexMotorVelocitySet
 .text.vexMotorVelocityGet
                0x03807218       0x18 c:\Users\leoku\AppData\Roaming\Code\User\globalStorage\vexrobotics.vexcode\sdk\cpp\V5\V5_20220726_10_00_00/vexv5\libv5rt.a(v5_apiuser.c.obj)
                0x03807218                vexMotorVelocityGet
 .text.vexMotorActualVelocityGet
                0x03807230       0x24 c:\Users\leoku\AppData\Roaming\Code\User\globalStorage\vexrobotics.vexcode\sdk\cpp\V5\V5_20220726_10_00_00/vexv5\libv5rt.a(v5_apiuser.c.obj)
                0x03807230                vexMotorActualVelocityGet
 .text.vexMotorModeGet
                0x03807254       0x18 c:\Users\leoku\AppData\Roaming\Code\User\globalStorage\vexrobotics.vexcode\sdk\cpp\V5\V5_20220726_10_00_00/vexv5\libv5rt.a(v5_apiuser.c.obj)
                0x03807254                vexMotorModeGet
 .text.vexMotorCurrentLimitSet
                0x0380726c       0x20 c:\Users\leoku\AppData\Roaming\Code\User\globalStorage\vexrobotics.vexcode\sdk\cpp\V5\V5_20220726_10_00_00/vexv5\libv5rt.a(v5_apiuser.c.obj)
                0x0380726c                vexMotorCurrentLimitSet
 .text.vexMotorTorqueGet
                0x0380728c       0x24 c:\Users\leoku\AppData\Roaming\Code\User\globalStorage\vexrobotics.vexcode\sdk\cpp\V5\V5_20220726_10_00_00/vexv5\libv5rt.a(v5_apiuser.c.obj)
                0x0380728c                vexMotorTorqueGet
 .text.vexMotorTemperatureGet
                0x038072b0       0x24 c:\Users\leoku\AppData\Roaming\Code\User\globalStorage\vexrobotics.vexcode\sdk\cpp\V5\V5_20220726_10_00_00/vexv5\libv5rt.a(v5_apiuser.c.obj)
                0x038072b0                vexMotorTemperatureGet
 .text.vexMotorZeroPositionFlagGet
                0x038072d4       0x18 c:\Users\leoku\AppData\Roaming\Code\User\globalStorage\vexrobotics.vexcode\sdk\cpp\V5\V5_20220726_10_00_00/vexv5\libv5rt.a(v5_apiuser.c.obj)
                0x038072d4                vexMotorZeroPositionFlagGet
 .text.vexMotorReverseFlagSet
                0x038072ec       0x20 c:\Users\leoku\AppData\Roaming\Code\User\globalStorage\vexrobotics.vexcode\sdk\cpp\V5\V5_20220726_10_00_00/vexv5\libv5rt.a(v5_apiuser.c.obj)
                0x038072ec                vexMotorReverseFlagSet
 .text.vexMotorEncoderUnitsSet
                0x0380730c       0x20 c:\Users\leoku\AppData\Roaming\Code\User\globalStorage\vexrobotics.vexcode\sdk\cpp\V5\V5_20220726_10_00_00/vexv5\libv5rt.a(v5_apiuser.c.obj)
                0x0380730c                vexMotorEncoderUnitsSet
 .text.vexMotorBrakeModeSet
                0x0380732c       0x20 c:\Users\leoku\AppData\Roaming\Code\User\globalStorage\vexrobotics.vexcode\sdk\cpp\V5\V5_20220726_10_00_00/vexv5\libv5rt.a(v5_apiuser.c.obj)
                0x0380732c                vexMotorBrakeModeSet
 .text.vexMotorPositionSet
                0x0380734c       0x28 c:\Users\leoku\AppData\Roaming\Code\User\globalStorage\vexrobotics.vexcode\sdk\cpp\V5\V5_20220726_10_00_00/vexv5\libv5rt.a(v5_apiuser.c.obj)
                0x0380734c                vexMotorPositionSet
 .text.vexMotorPositionGet
                0x03807374       0x24 c:\Users\leoku\AppData\Roaming\Code\User\globalStorage\vexrobotics.vexcode\sdk\cpp\V5\V5_20220726_10_00_00/vexv5\libv5rt.a(v5_apiuser.c.obj)
                0x03807374                vexMotorPositionGet
 .text.vexMotorAbsoluteTargetSet
                0x03807398       0x30 c:\Users\leoku\AppData\Roaming\Code\User\globalStorage\vexrobotics.vexcode\sdk\cpp\V5\V5_20220726_10_00_00/vexv5\libv5rt.a(v5_apiuser.c.obj)
                0x03807398                vexMotorAbsoluteTargetSet
 .text.vexMotorRelativeTargetSet
                0x038073c8       0x30 c:\Users\leoku\AppData\Roaming\Code\User\globalStorage\vexrobotics.vexcode\sdk\cpp\V5\V5_20220726_10_00_00/vexv5\libv5rt.a(v5_apiuser.c.obj)
                0x038073c8                vexMotorRelativeTargetSet
 .text.vexMotorGearingSet
                0x038073f8       0x20 c:\Users\leoku\AppData\Roaming\Code\User\globalStorage\vexrobotics.vexcode\sdk\cpp\V5\V5_20220726_10_00_00/vexv5\libv5rt.a(v5_apiuser.c.obj)
                0x038073f8                vexMotorGearingSet
 .text.vexMotorGearingGet
                0x03807418       0x18 c:\Users\leoku\AppData\Roaming\Code\User\globalStorage\vexrobotics.vexcode\sdk\cpp\V5\V5_20220726_10_00_00/vexv5\libv5rt.a(v5_apiuser.c.obj)
                0x03807418                vexMotorGearingGet
 .text.vexEventMaskSet
                0x03807430       0x28 c:\Users\leoku\AppData\Roaming\Code\User\globalStorage\vexrobotics.vexcode\sdk\cpp\V5\V5_20220726_10_00_00/vexv5\libv5rt.a(v5_apiuser.c.obj)
                0x03807430                vexEventMaskSet
 .text.vexEventMaskGet
                0x03807458       0x18 c:\Users\leoku\AppData\Roaming\Code\User\globalStorage\vexrobotics.vexcode\sdk\cpp\V5\V5_20220726_10_00_00/vexv5\libv5rt.a(v5_apiuser.c.obj)
                0x03807458                vexEventMaskGet
 .text._ZN3vex4taskC2EPFivE
                0x03807470       0x5c c:\Users\leoku\AppData\Roaming\Code\User\globalStorage\vexrobotics.vexcode\sdk\cpp\V5\V5_20220726_10_00_00/vexv5\libv5rt.a(vex_task.cpp.obj)
                0x03807470                vex::task::task(int (*)())
                0x03807470                vex::task::task(int (*)())
 .text._ZN3vex4taskD2Ev
                0x038074cc        0x4 c:\Users\leoku\AppData\Roaming\Code\User\globalStorage\vexrobotics.vexcode\sdk\cpp\V5\V5_20220726_10_00_00/vexv5\libv5rt.a(vex_task.cpp.obj)
                0x038074cc                vex::task::~task()
                0x038074cc                vex::task::~task()
 .text._ZN3vex4task4stopEPvi
                0x038074d0       0x1c c:\Users\leoku\AppData\Roaming\Code\User\globalStorage\vexrobotics.vexcode\sdk\cpp\V5\V5_20220726_10_00_00/vexv5\libv5rt.a(vex_task.cpp.obj)
                0x038074d0                vex::task::stop(void*, int)
 .text._ZN3vex4task6_indexEPFivE
                0x038074ec       0x14 c:\Users\leoku\AppData\Roaming\Code\User\globalStorage\vexrobotics.vexcode\sdk\cpp\V5\V5_20220726_10_00_00/vexv5\libv5rt.a(vex_task.cpp.obj)
                0x038074ec                vex::task::_index(int (*)())
 .text._ZN3vex4task8_stopAllEv
                0x03807500       0x3c c:\Users\leoku\AppData\Roaming\Code\User\globalStorage\vexrobotics.vexcode\sdk\cpp\V5\V5_20220726_10_00_00/vexv5\libv5rt.a(vex_task.cpp.obj)
                0x03807500                vex::task::_stopAll()
 .text.__libc_fini_array
                0x0380753c       0x30 c:\Users\leoku\AppData\Roaming\Code\User\globalStorage\vexrobotics.vexcode\sdk\cpp\V5\V5_20220726_10_00_00/vexv5/gcc/libs\libc.a(lib_a-fini.o)
                0x0380753c                __libc_fini_array
 .text.__libc_init_array
                0x0380756c       0x58 c:\Users\leoku\AppData\Roaming\Code\User\globalStorage\vexrobotics.vexcode\sdk\cpp\V5\V5_20220726_10_00_00/vexv5/gcc/libs\libc.a(lib_a-init.o)
                0x0380756c                __libc_init_array
 *fill*         0x038075c4        0x4 
 .text.__libc_init_array.__stub
                0x038075c8       0x18 linker stubs
 *(.gnu.linkonce.t.*)
 *(.plt)
 *(.gnu_warning)
 *(.gcc_except_table)
 *(.glue_7)
 .glue_7        0x00000000        0x0 linker stubs
 *(.glue_7t)
 .glue_7t       0x00000000        0x0 linker stubs
 *(.vfp11_veneer)
 .vfp11_veneer  0x00000000        0x0 linker stubs
 *(.ARM.extab)
 *(.gnu.linkonce.armextab.*)

.v4_bx          0x038075e0        0x0
 .v4_bx         0x00000000        0x0 linker stubs

.iplt           0x038075e0        0x0
 .iplt          0x00000000        0x0 build/src/main.o

.init
 *(.init)

.fini
 *(.fini)

.rodata         0x038075e0      0x2e0
                0x038075e0                __rodata_start = .
 *(.rodata)
 *(.rodata.*)
 .rodata.str1.1
                0x038075e0       0x71 build/src/main.o
                                 0x7e (size before relaxing)
 .rodata.str1.1
                0x03807651      0x121 build/src/gui.o
                                0x13f (size before relaxing)
 .rodata._ZStL19piecewise_construct
                0x03807772        0x1 build/src/gui.o
 .rodata.str1.1
                0x00000000      0x121 build/src/auton.o
                                  0x9 (size before relaxing)
 .rodata.str1.1
                0x03807773       0x3f build/src/robot-config.o
                                 0x76 (size before relaxing)
 .rodata.str1.1
                0x038077b2       0x2e c:\Users\leoku\AppData\Roaming\Code\User\globalStorage\vexrobotics.vexcode\sdk\cpp\V5\V5_20220726_10_00_00/vexv5\libv5rt.a(v5_startup.c.obj)
 .rodata._ZN3vex6PORT20E
                0x038077e0        0x4 c:\Users\leoku\AppData\Roaming\Code\User\globalStorage\vexrobotics.vexcode\sdk\cpp\V5\V5_20220726_10_00_00/vexv5\libv5rt.a(vex_global.cpp.obj)
                0x038077e0                vex::PORT20
 .rodata._ZN3vex4msecE
                0x038077e4        0x4 c:\Users\leoku\AppData\Roaming\Code\User\globalStorage\vexrobotics.vexcode\sdk\cpp\V5\V5_20220726_10_00_00/vexv5\libv5rt.a(vex_global.cpp.obj)
                0x038077e4                vex::msec
 .rodata._ZN3vex6PORT18E
                0x038077e8        0x4 c:\Users\leoku\AppData\Roaming\Code\User\globalStorage\vexrobotics.vexcode\sdk\cpp\V5\V5_20220726_10_00_00/vexv5\libv5rt.a(vex_global.cpp.obj)
                0x038077e8                vex::PORT18
 .rodata._ZN3vex9ratio36_1E
                0x038077ec        0x4 c:\Users\leoku\AppData\Roaming\Code\User\globalStorage\vexrobotics.vexcode\sdk\cpp\V5\V5_20220726_10_00_00/vexv5\libv5rt.a(vex_global.cpp.obj)
                0x038077ec                vex::ratio36_1
 .rodata._ZN3vex5PORT9E
                0x038077f0        0x4 c:\Users\leoku\AppData\Roaming\Code\User\globalStorage\vexrobotics.vexcode\sdk\cpp\V5\V5_20220726_10_00_00/vexv5\libv5rt.a(vex_global.cpp.obj)
                0x038077f0                vex::PORT9
 .rodata._ZN3vex6PORT11E
                0x038077f4        0x4 c:\Users\leoku\AppData\Roaming\Code\User\globalStorage\vexrobotics.vexcode\sdk\cpp\V5\V5_20220726_10_00_00/vexv5\libv5rt.a(vex_global.cpp.obj)
                0x038077f4                vex::PORT11
 .rodata._ZN3vex7primaryE
                0x038077f8        0x4 c:\Users\leoku\AppData\Roaming\Code\User\globalStorage\vexrobotics.vexcode\sdk\cpp\V5\V5_20220726_10_00_00/vexv5\libv5rt.a(vex_global.cpp.obj)
                0x038077f8                vex::primary
 .rodata._ZN3vex7percentE
                0x038077fc        0x4 c:\Users\leoku\AppData\Roaming\Code\User\globalStorage\vexrobotics.vexcode\sdk\cpp\V5\V5_20220726_10_00_00/vexv5\libv5rt.a(vex_global.cpp.obj)
                0x038077fc                vex::percent
 .rodata._ZN3vex6PORT19E
                0x03807800        0x4 c:\Users\leoku\AppData\Roaming\Code\User\globalStorage\vexrobotics.vexcode\sdk\cpp\V5\V5_20220726_10_00_00/vexv5\libv5rt.a(vex_global.cpp.obj)
                0x03807800                vex::PORT19
 .rodata._ZN3vex6PORT22E
                0x03807804        0x4 c:\Users\leoku\AppData\Roaming\Code\User\globalStorage\vexrobotics.vexcode\sdk\cpp\V5\V5_20220726_10_00_00/vexv5\libv5rt.a(vex_global.cpp.obj)
                0x03807804                vex::PORT22
 .rodata._ZN3vex6PORT12E
                0x03807808        0x4 c:\Users\leoku\AppData\Roaming\Code\User\globalStorage\vexrobotics.vexcode\sdk\cpp\V5\V5_20220726_10_00_00/vexv5\libv5rt.a(vex_global.cpp.obj)
                0x03807808                vex::PORT12
 .rodata._ZN3vex6PORT16E
                0x0380780c        0x4 c:\Users\leoku\AppData\Roaming\Code\User\globalStorage\vexrobotics.vexcode\sdk\cpp\V5\V5_20220726_10_00_00/vexv5\libv5rt.a(vex_global.cpp.obj)
                0x0380780c                vex::PORT16
 .rodata._ZN3vex9ratio18_1E
                0x03807810        0x4 c:\Users\leoku\AppData\Roaming\Code\User\globalStorage\vexrobotics.vexcode\sdk\cpp\V5\V5_20220726_10_00_00/vexv5\libv5rt.a(vex_global.cpp.obj)
                0x03807810                vex::ratio18_1
 .rodata._ZN3vex6PORT17E
                0x03807814        0x4 c:\Users\leoku\AppData\Roaming\Code\User\globalStorage\vexrobotics.vexcode\sdk\cpp\V5\V5_20220726_10_00_00/vexv5\libv5rt.a(vex_global.cpp.obj)
                0x03807814                vex::PORT17
 .rodata._ZTVN3vex6deviceE
                0x03807818       0x18 c:\Users\leoku\AppData\Roaming\Code\User\globalStorage\vexrobotics.vexcode\sdk\cpp\V5\V5_20220726_10_00_00/vexv5\libv5rt.a(vex_device.cpp.obj)
                0x03807818                vtable for vex::device
 .rodata._ZTVN3vex5motorE
                0x03807830       0x18 c:\Users\leoku\AppData\Roaming\Code\User\globalStorage\vexrobotics.vexcode\sdk\cpp\V5\V5_20220726_10_00_00/vexv5\libv5rt.a(vex_motor.cpp.obj)
                0x03807830                vtable for vex::motor
 .rodata.CSWTCH.16
                0x03807848        0xb c:\Users\leoku\AppData\Roaming\Code\User\globalStorage\vexrobotics.vexcode\sdk\cpp\V5\V5_20220726_10_00_00/vexv5\libv5rt.a(vex_controller.cpp.obj)
 .rodata.CSWTCH.18
                0x03807853        0xb c:\Users\leoku\AppData\Roaming\Code\User\globalStorage\vexrobotics.vexcode\sdk\cpp\V5\V5_20220726_10_00_00/vexv5\libv5rt.a(vex_controller.cpp.obj)
 .rodata.CSWTCH.24
                0x0380785e        0x3 c:\Users\leoku\AppData\Roaming\Code\User\globalStorage\vexrobotics.vexcode\sdk\cpp\V5\V5_20220726_10_00_00/vexv5\libv5rt.a(vex_controller.cpp.obj)
 .rodata.str1.1
                0x03807861       0x2b c:\Users\leoku\AppData\Roaming\Code\User\globalStorage\vexrobotics.vexcode\sdk\cpp\V5\V5_20220726_10_00_00/vexv5\libv5rt.a(vex_brain.cpp.obj)
                                 0x2d (size before relaxing)
 *fill*         0x0380788c        0x4 
 .rodata._ZTVN3vex7triportE
                0x03807890       0x18 c:\Users\leoku\AppData\Roaming\Code\User\globalStorage\vexrobotics.vexcode\sdk\cpp\V5\V5_20220726_10_00_00/vexv5\libv5rt.a(vex_triport.cpp.obj)
                0x03807890                vtable for vex::triport
 .rodata.str1.1
                0x038078a8       0x14 c:\Users\leoku\AppData\Roaming\Code\User\globalStorage\vexrobotics.vexcode\sdk\cpp\V5\V5_20220726_10_00_00/vexv5\libv5rt.a(vex_task.cpp.obj)
 .rodata.str1.4
                0x038078bc        0x4 c:\Users\leoku\AppData\Roaming\Code\User\globalStorage\vexrobotics.vexcode\sdk\cpp\V5\V5_20220726_10_00_00/vexv5/gcc/libs\libc.a(lib_a-impure.o)
                                  0x2 (size before relaxing)
 *(.gnu.linkonce.r.*)
                0x038078c0                __rodata_end = .

.rodata1        0x038078c0        0x0
                0x038078c0                __rodata1_start = .
 *(.rodata1)
 *(.rodata1.*)
                0x038078c0                __rodata1_end = .

.sdata2         0x038078c0        0x0
                0x038078c0                __sdata2_start = .
 *(.sdata2)
 *(.sdata2.*)
 *(.gnu.linkonce.s2.*)
                0x038078c0                __sdata2_end = .

.sbss2          0x038078c0        0x0
                0x038078c0                __sbss2_start = .
 *(.sbss2)
 *(.sbss2.*)
 *(.gnu.linkonce.sb2.*)
                0x038078c0                __sbss2_end = .

.data           0x038078c0      0x43c
                0x038078c0                __data_start = .
 *(.data)
 *(.data.*)
 .data.appRunning
                0x038078c0        0x4 c:\Users\leoku\AppData\Roaming\Code\User\globalStorage\vexrobotics.vexcode\sdk\cpp\V5\V5_20220726_10_00_00/vexv5\libv5rt.a(v5_startup.c.obj)
                0x038078c0                appRunning
 .data.__yoff   0x038078c4        0x4 c:\Users\leoku\AppData\Roaming\Code\User\globalStorage\vexrobotics.vexcode\sdk\cpp\V5\V5_20220726_10_00_00/vexv5\libv5rt.a(v5_apijump.c.obj)
 .data._ZN3vex24__default_motor_velocityE
                0x038078c8        0x4 c:\Users\leoku\AppData\Roaming\Code\User\globalStorage\vexrobotics.vexcode\sdk\cpp\V5\V5_20220726_10_00_00/vexv5\libv5rt.a(vex_motor.cpp.obj)
                0x038078c8                vex::__default_motor_velocity
 *fill*         0x038078cc        0x4 
 .data.impure_data
                0x038078d0      0x428 c:\Users\leoku\AppData\Roaming\Code\User\globalStorage\vexrobotics.vexcode\sdk\cpp\V5\V5_20220726_10_00_00/vexv5/gcc/libs\libc.a(lib_a-impure.o)
 .data._impure_ptr
                0x03807cf8        0x4 c:\Users\leoku\AppData\Roaming\Code\User\globalStorage\vexrobotics.vexcode\sdk\cpp\V5\V5_20220726_10_00_00/vexv5/gcc/libs\libc.a(lib_a-impure.o)
                0x03807cf8                _impure_ptr
 *(.gnu.linkonce.d.*)
 *(.jcr)
 *(.got)
 *(.got.plt)
                0x03807cfc                __data_end = .

.igot.plt       0x03807cfc        0x0
 .igot.plt      0x00000000        0x0 build/src/main.o

.data1          0x03807cfc        0x0
                0x03807cfc                __data1_start = .
 *(.data1)
 *(.data1.*)
                0x03807cfc                __data1_end = .

.got
 *(.got)

.ctors          0x03807cfc        0x0
                0x03807cfc                __CTOR_LIST__ = .
                0x03807cfc                ___CTORS_LIST___ = .
 *crtbegin.o(.ctors)
 *(EXCLUDE_FILE(*crtend.o) .ctors)
 *(SORT(.ctors.*))
 *(.ctors)
                0x03807cfc                __CTOR_END__ = .
                0x03807cfc                ___CTORS_END___ = .

.dtors          0x03807cfc        0x0
                0x03807cfc                __DTOR_LIST__ = .
                0x03807cfc                ___DTORS_LIST___ = .
 *crtbegin.o(.dtors)
 *(EXCLUDE_FILE(*crtend.o) .dtors)
 *(SORT(.dtors.*))
 *(.dtors)
                0x03807cfc                __DTOR_END__ = .
                0x03807cfc                ___DTORS_END___ = .

.fixup          0x03807cfc        0x0
                0x03807cfc                __fixup_start = .
 *(.fixup)
                0x03807cfc                __fixup_end = .

.eh_frame
 *(.eh_frame)

.eh_framehdr    0x03807cfc        0x0
                0x03807cfc                __eh_framehdr_start = .
 *(.eh_framehdr)
                0x03807cfc                __eh_framehdr_end = .

.gcc_except_table
 *(.gcc_except_table)

.mmu_tbl        0x03808000        0x0
                0x03808000                __mmu_tbl_start = .
 *(.mmu_tbl)
                0x03808000                __mmu_tbl_end = .

.ARM.exidx      0x03807cfc        0x8
                0x03807cfc                __exidx_start = .
 *(.ARM.exidx*)
 .ARM.exidx.text._ZN15MotorCollectionD2Ev
                0x03807cfc        0x8 build/src/main.o
 .ARM.exidx.text._Z9pre_autonv
                0x03807d04        0x0 build/src/main.o
                                  0x8 (size before relaxing)
 .ARM.exidx.text._Z10autonomousv
                0x03807d04        0x0 build/src/main.o
                                  0x8 (size before relaxing)
 .ARM.exidx.text._Z11usercontrolv
                0x03807d04        0x0 build/src/main.o
                                  0x8 (size before relaxing)
 .ARM.exidx.text.main
                0x03807d04        0x0 build/src/main.o
                                  0x8 (size before relaxing)
 .ARM.exidx.text._ZNSt6vectorISsSaISsEED2Ev
                0x03807d04        0x0 build/src/main.o
                                  0x8 (size before relaxing)
 .ARM.exidx.text._ZNSt6vectorIN3vex5motorESaIS1_EED2Ev
                0x03807d04        0x0 build/src/main.o
                                  0x8 (size before relaxing)
 .ARM.exidx.text._ZNSt6vectorIN3vex5motorESaIS1_EEC2ERKS3_
                0x03807d04        0x0 build/src/main.o
                                  0x8 (size before relaxing)
 .ARM.exidx.text._ZNSt6vectorISsSaISsEEC2ERKS1_
                0x03807d04        0x0 build/src/main.o
                                  0x8 (size before relaxing)
 .ARM.exidx.text._ZNSt12_Vector_baseIN3vex5motorESaIS1_EE11_M_allocateEj
                0x03807d04        0x0 build/src/main.o
                                  0x8 (size before relaxing)
 .ARM.exidx.text._ZNSt12_Vector_baseISsSaISsEE11_M_allocateEj
                0x03807d04        0x0 build/src/main.o
                                  0x8 (size before relaxing)
 .ARM.exidx.text._GLOBAL__sub_I_main.cpp
                0x03807d04        0x0 build/src/main.o
                                  0x8 (size before relaxing)
 .ARM.exidx.text._Z13autonSelectorv
                0x03807d04        0x0 build/src/gui.o
                                  0x8 (size before relaxing)
 .ARM.exidx.text._ZNSt3mapISsiSt4lessISsESaISt4pairIKSsiEEEC2ESt16initializer_listIS4_ERKS1_RKS5_
                0x03807d04        0x0 build/src/gui.o
                                  0x8 (size before relaxing)
 .ARM.exidx.text._ZNSt3mapISsiSt4lessISsESaISt4pairIKSsiEEEixEOSs
                0x03807d04        0x0 build/src/gui.o
                                  0x8 (size before relaxing)
 .ARM.exidx.text._Z7drawGUI15MotorCollectionSs
                0x03807d04        0x0 build/src/gui.o
                                  0x8 (size before relaxing)
 .ARM.exidx.text._ZNSt8_Rb_treeISsSt4pairIKSsiESt10_Select1stIS2_ESt4lessISsESaIS2_EE8_M_eraseEPSt13_Rb_tree_nodeIS2_E
                0x03807d04        0x0 build/src/gui.o
                                  0x8 (size before relaxing)
 .ARM.exidx.text._ZNSt8_Rb_treeISsSt4pairIKSsiESt10_Select1stIS2_ESt4lessISsESaIS2_EE17_M_insert_unique_IRKS2_EESt17_Rb_tree_iteratorIS2_ESt23_Rb_tree_const_iteratorIS2_EOT_
                0x03807d04        0x0 build/src/gui.o
                                  0x8 (size before relaxing)
 .ARM.exidx.text._ZNSt8_Rb_treeISsSt4pairIKSsiESt10_Select1stIS2_ESt4lessISsESaIS2_EE29_M_get_insert_hint_unique_posESt23_Rb_tree_const_iteratorIS2_ERS1_
                0x03807d04        0x0 build/src/gui.o
                                  0x8 (size before relaxing)
 .ARM.exidx.text._ZNSt8_Rb_treeISsSt4pairIKSsiESt10_Select1stIS2_ESt4lessISsESaIS2_EE10_M_insert_IRKS2_EESt17_Rb_tree_iteratorIS2_EPSt18_Rb_tree_node_baseSF_OT_
                0x03807d04        0x0 build/src/gui.o
                                  0x8 (size before relaxing)
 .ARM.exidx.text._ZNSt8_Rb_treeISsSt4pairIKSsiESt10_Select1stIS2_ESt4lessISsESaIS2_EE24_M_get_insert_unique_posERS1_
                0x03807d04        0x0 build/src/gui.o
                                  0x8 (size before relaxing)
 .ARM.exidx.text._ZNSt8_Rb_treeISsSt4pairIKSsiESt10_Select1stIS2_ESt4lessISsESaIS2_EE22_M_emplace_hint_uniqueIJRKSt21piecewise_construct_tSt5tupleIJOSsEESD_IJEEEEESt17_Rb_tree_iteratorIS2_ESt23_Rb_tree_const_iteratorIS2_EDpOT_
                0x03807d04        0x0 build/src/gui.o
                                  0x8 (size before relaxing)
 .ARM.exidx.text._ZNSt8_Rb_treeISsSt4pairIKSsiESt10_Select1stIS2_ESt4lessISsESaIS2_EE11lower_boundERS1_
                0x03807d04        0x0 build/src/gui.o
                                  0x8 (size before relaxing)
 .ARM.exidx.text._ZNSt8_Rb_treeISsSt4pairIKSsiESt10_Select1stIS2_ESt4lessISsESaIS2_EE14_M_insert_nodeEPSt18_Rb_tree_node_baseSA_PSt13_Rb_tree_nodeIS2_E
                0x03807d04        0x0 build/src/gui.o
                                  0x8 (size before relaxing)
 .ARM.exidx.text._Z4turniSsi
                0x03807d04        0x0 build/src/auton.o
                                  0x8 (size before relaxing)
 .ARM.exidx.text._Z5driveiSsi
                0x03807d04        0x0 build/src/auton.o
                                  0x8 (size before relaxing)
 .ARM.exidx.text._ZN15MotorCollection8addMotorEN3vex5motorESs
                0x03807d04        0x0 build/src/robot-config.o
                                  0x8 (size before relaxing)
 .ARM.exidx.text._ZNSt6vectorIN3vex5motorESaIS1_EE9push_backERKS1_
                0x03807d04        0x0 build/src/robot-config.o
                                  0x8 (size before relaxing)
 .ARM.exidx.text._ZNSt6vectorISsSaISsEE9push_backERKSs
                0x03807d04        0x0 build/src/robot-config.o
                                  0x8 (size before relaxing)
 .ARM.exidx.text._ZN15MotorCollection11isConnectedEv
                0x03807d04        0x0 build/src/robot-config.o
                                  0x8 (size before relaxing)